Component: ARM Compiler 5.06 update 7 (build 960) Tool: armlink [4d3601]

==============================================================================

Section Cross References

    startup_stm32h750xx.o(RESET) refers to startup_stm32h750xx.o(STACK) for __initial_sp
    startup_stm32h750xx.o(RESET) refers to startup_stm32h750xx.o(.text) for Reset_Handler
    startup_stm32h750xx.o(RESET) refers to stm32h7xx_it.o(i.NMI_Handler) for NMI_Handler
    startup_stm32h750xx.o(RESET) refers to stm32h7xx_it.o(i.HardFault_Handler) for HardFault_Handler
    startup_stm32h750xx.o(RESET) refers to stm32h7xx_it.o(i.MemManage_Handler) for MemManage_Handler
    startup_stm32h750xx.o(RESET) refers to stm32h7xx_it.o(i.BusFault_Handler) for BusFault_Handler
    startup_stm32h750xx.o(RESET) refers to stm32h7xx_it.o(i.UsageFault_Handler) for UsageFault_Handler
    startup_stm32h750xx.o(RESET) refers to stm32h7xx_it.o(i.SVC_Handler) for SVC_Handler
    startup_stm32h750xx.o(RESET) refers to stm32h7xx_it.o(i.DebugMon_Handler) for DebugMon_Handler
    startup_stm32h750xx.o(RESET) refers to stm32h7xx_it.o(i.PendSV_Handler) for PendSV_Handler
    startup_stm32h750xx.o(RESET) refers to stm32h7xx_it.o(i.SysTick_Handler) for SysTick_Handler
    startup_stm32h750xx.o(RESET) refers to stm32h7xx_it.o(i.DMA1_Stream0_IRQHandler) for DMA1_Stream0_IRQHandler
    startup_stm32h750xx.o(RESET) refers to stm32h7xx_it.o(i.ADC_IRQHandler) for ADC_IRQHandler
    startup_stm32h750xx.o(RESET) refers to stm32h7xx_it.o(i.TIM1_UP_IRQHandler) for TIM1_UP_IRQHandler
    startup_stm32h750xx.o(RESET) refers to debug.o(i.UART4_IRQHandler) for UART4_IRQHandler
    startup_stm32h750xx.o(.text) refers to system_stm32h7xx.o(i.SystemInit) for SystemInit
    startup_stm32h750xx.o(.text) refers to entry.o(.ARM.Collect$$$$00000000) for __main
    main.o(i.HAL_ADC_ConvCpltCallback) refers to stm32h7xx_hal_tim.o(i.HAL_TIM_Base_Stop_IT) for HAL_TIM_Base_Stop_IT
    main.o(i.HAL_ADC_ConvCpltCallback) refers to main.o(.data) for .data
    main.o(i.HAL_ADC_ConvCpltCallback) refers to tim.o(.bss) for htim1
    main.o(i.HMISendStr) refers to stm32h7xx_hal_uart.o(i.HAL_UART_Transmit) for HAL_UART_Transmit
    main.o(i.HMISendStr) refers to usart.o(.bss) for huart4
    main.o(i.HMISends) refers to stm32h7xx_hal_uart.o(i.HAL_UART_Transmit) for HAL_UART_Transmit
    main.o(i.HMISends) refers to usart.o(.bss) for huart4
    main.o(i.SystemClock_Config) refers to memseta.o(.text) for __aeabi_memclr4
    main.o(i.SystemClock_Config) refers to stm32h7xx_hal_pwr_ex.o(i.HAL_PWREx_ConfigSupply) for HAL_PWREx_ConfigSupply
    main.o(i.SystemClock_Config) refers to stm32h7xx_hal_rcc.o(i.HAL_RCC_OscConfig) for HAL_RCC_OscConfig
    main.o(i.SystemClock_Config) refers to stm32h7xx_hal_rcc.o(i.HAL_RCC_ClockConfig) for HAL_RCC_ClockConfig
    main.o(i.main) refers to stm32h7xx_hal.o(i.HAL_Init) for HAL_Init
    main.o(i.main) refers to main.o(i.SystemClock_Config) for SystemClock_Config
    main.o(i.main) refers to gpio.o(i.MX_GPIO_Init) for MX_GPIO_Init
    main.o(i.main) refers to usart.o(i.MX_UART4_Init) for MX_UART4_Init
    main.o(i.main) refers to dma.o(i.MX_DMA_Init) for MX_DMA_Init
    main.o(i.main) refers to adc.o(i.MX_ADC1_Init) for MX_ADC1_Init
    main.o(i.main) refers to tim.o(i.MX_TIM1_Init) for MX_TIM1_Init
    main.o(i.main) refers to delay.o(i.delay_init) for delay_init
    main.o(i.main) refers to stm32h7xx_hal_tim.o(i.HAL_TIM_Base_Start_IT) for HAL_TIM_Base_Start_IT
    main.o(i.main) refers to stm32h7xx_hal_adc.o(i.HAL_ADC_Start_DMA) for HAL_ADC_Start_DMA
    main.o(i.main) refers to stm32h7xx_hal_adc.o(i.HAL_ADC_Stop_DMA) for HAL_ADC_Stop_DMA
    main.o(i.main) refers to printfa.o(i.__0sprintf) for __2sprintf
    main.o(i.main) refers to main.o(i.HMISendStr) for HMISendStr
    main.o(i.main) refers to memseta.o(.text) for __aeabi_memclr4
    main.o(i.main) refers to main.o(i.HMISends) for HMISends
    main.o(i.main) refers to delay.o(i.delay_ms) for delay_ms
    main.o(i.main) refers to tim.o(.bss) for htim1
    main.o(i.main) refers to main.o(.bss) for .bss
    main.o(i.main) refers to adc.o(.bss) for hadc1
    main.o(i.main) refers to main.o(.data) for .data
    gpio.o(i.MX_GPIO_Init) refers to memseta.o(.text) for __aeabi_memclr4
    gpio.o(i.MX_GPIO_Init) refers to stm32h7xx_hal_gpio.o(i.HAL_GPIO_WritePin) for HAL_GPIO_WritePin
    gpio.o(i.MX_GPIO_Init) refers to stm32h7xx_hal_gpio.o(i.HAL_GPIO_Init) for HAL_GPIO_Init
    adc.o(i.HAL_ADC_MspDeInit) refers to stm32h7xx_hal_gpio.o(i.HAL_GPIO_DeInit) for HAL_GPIO_DeInit
    adc.o(i.HAL_ADC_MspDeInit) refers to stm32h7xx_hal_dma.o(i.HAL_DMA_DeInit) for HAL_DMA_DeInit
    adc.o(i.HAL_ADC_MspDeInit) refers to stm32h7xx_hal_cortex.o(i.HAL_NVIC_DisableIRQ) for HAL_NVIC_DisableIRQ
    adc.o(i.HAL_ADC_MspInit) refers to memseta.o(.text) for __aeabi_memclr4
    adc.o(i.HAL_ADC_MspInit) refers to stm32h7xx_hal_rcc_ex.o(i.HAL_RCCEx_PeriphCLKConfig) for HAL_RCCEx_PeriphCLKConfig
[...]
    .ARM.Collect$$$$00000011                 0x080002ac   Section        0  entry11a.o(.ARM.Collect$$$$00000011)
    .ARM.Collect$$$$00002712                 0x080002ac   Section        4  entry2.o(.ARM.Collect$$$$00002712)
    __lit__00000000                          0x080002ac   Data           4  entry2.o(.ARM.Collect$$$$00002712)
    .text                                    0x080002b0   Section       36  startup_stm32h750xx.o(.text)
    $v0                                      0x080002b0   Number         0  startup_stm32h750xx.o(.text)
    .text                                    0x080002d4   Section        0  uldiv.o(.text)
    .text                                    0x08000336   Section        0  llshl.o(.text)
    .text                                    0x08000354   Section        0  llsshr.o(.text)
    .text                                    0x08000378   Section        0  memseta.o(.text)
    .text                                    0x0800039c   Section        0  uidiv.o(.text)
    .text                                    0x080003c8   Section        0  llushr.o(.text)
    .text                                    0x080003e8   Section        0  dadd.o(.text)
    .text                                    0x080003e8   Section        0  iusefp.o(.text)
    .text                                    0x08000536   Section        0  dmul.o(.text)
    .text                                    0x0800061a   Section        0  ddiv.o(.text)
    .text                                    0x080006f8   Section        0  dfixul.o(.text)
    .text                                    0x08000728   Section       48  cdrcmple.o(.text)
    .text                                    0x08000758   Section       36  init.o(.text)
    .text                                    0x0800077c   Section        0  depilogue.o(.text)
    i.ADC_ConfigureBoostMode                 0x08000838   Section        0  stm32h7xx_hal_adc.o(i.ADC_ConfigureBoostMode)
    i.ADC_ConversionStop                     0x08000960   Section        0  stm32h7xx_hal_adc.o(i.ADC_ConversionStop)
    i.ADC_DMAConvCplt                        0x08000a68   Section        0  stm32h7xx_hal_adc.o(i.ADC_DMAConvCplt)
    i.ADC_DMAError                           0x08000afc   Section        0  stm32h7xx_hal_adc.o(i.ADC_DMAError)
    i.ADC_DMAHalfConvCplt                    0x08000b16   Section        0  stm32h7xx_hal_adc.o(i.ADC_DMAHalfConvCplt)
    i.ADC_Disable                            0x08000b20   Section        0  stm32h7xx_hal_adc.o(i.ADC_Disable)
    i.ADC_Enable                             0x08000bb4   Section        0  stm32h7xx_hal_adc.o(i.ADC_Enable)
    i.ADC_IRQHandler                         0x08000c84   Section        0  stm32h7xx_it.o(i.ADC_IRQHandler)
    i.BusFault_Handler                       0x08000c90   Section        0  stm32h7xx_it.o(i.BusFault_Handler)
    i.DMA1_Stream0_IRQHandler                0x08000c94   Section        0  stm32h7xx_it.o(i.DMA1_Stream0_IRQHandler)
    i.DMA_CalcBaseAndBitshift                0x08000ca0   Section        0  stm32h7xx_hal_dma.o(i.DMA_CalcBaseAndBitshift)
    DMA_CalcBaseAndBitshift                  0x08000ca1   Thumb Code   156  stm32h7xx_hal_dma.o(i.DMA_CalcBaseAndBitshift)
    i.DMA_CalcDMAMUXChannelBaseAndMask       0x08000d84   Section        0  stm32h7xx_hal_dma.o(i.DMA_CalcDMAMUXChannelBaseAndMask)
    DMA_CalcDMAMUXChannelBaseAndMask         0x08000d85   Thumb Code   154  stm32h7xx_hal_dma.o(i.DMA_CalcDMAMUXChannelBaseAndMask)
    i.DMA_CalcDMAMUXRequestGenBaseAndMask    0x08000e5c   Section        0  stm32h7xx_hal_dma.o(i.DMA_CalcDMAMUXRequestGenBaseAndMask)
    DMA_CalcDMAMUXRequestGenBaseAndMask      0x08000e5d   Thumb Code    92  stm32h7xx_hal_dma.o(i.DMA_CalcDMAMUXRequestGenBaseAndMask)
    i.DMA_CheckFifoParam                     0x08000ee8   Section        0  stm32h7xx_hal_dma.o(i.DMA_CheckFifoParam)
    DMA_CheckFifoParam                       0x08000ee9   Thumb Code   126  stm32h7xx_hal_dma.o(i.DMA_CheckFifoParam)
    i.DMA_SetConfig                          0x08000f68   Section        0  stm32h7xx_hal_dma.o(i.DMA_SetConfig)
    DMA_SetConfig                            0x08000f69   Thumb Code   492  stm32h7xx_hal_dma.o(i.DMA_SetConfig)
    i.DebugMon_Handler                       0x080011b4   Section        0  stm32h7xx_it.o(i.DebugMon_Handler)
    i.Error_Handler                          0x080011b6   Section        0  main.o(i.Error_Handler)
    i.HAL_ADCEx_EndOfSamplingCallback        0x080011ba   Section        0  stm32h7xx_hal_adc_ex.o(i.HAL_ADCEx_EndOfSamplingCallback)
    i.HAL_ADCEx_InjectedConvCpltCallback     0x080011bc   Section        0  stm32h7xx_hal_adc_ex.o(i.HAL_ADCEx_InjectedConvCpltCallback)
    i.HAL_ADCEx_InjectedQueueOverflowCallback 0x080011be   Section        0  stm32h7xx_hal_adc_ex.o(i.HAL_ADCEx_InjectedQueueOverflowCallback)
    i.HAL_ADCEx_LevelOutOfWindow2Callback    0x080011c0   Section        0  stm32h7xx_hal_adc_ex.o(i.HAL_ADCEx_LevelOutOfWindow2Callback)
    i.HAL_ADCEx_LevelOutOfWindow3Callback    0x080011c2   Section        0  stm32h7xx_hal_adc_ex.o(i.HAL_ADCEx_LevelOutOfWindow3Callback)
    i.HAL_ADCEx_MultiModeConfigChannel       0x080011c4   Section        0  stm32h7xx_hal_adc_ex.o(i.HAL_ADCEx_MultiModeConfigChannel)
    i.HAL_ADC_ConfigChannel                  0x080012f8   Section        0  stm32h7xx_hal_adc.o(i.HAL_ADC_ConfigChannel)
    i.HAL_ADC_ConvCpltCallback               0x0800175c   Section        0  main.o(i.HAL_ADC_ConvCpltCallback)
    i.HAL_ADC_ConvHalfCpltCallback           0x08001780   Section        0  stm32h7xx_hal_adc.o(i.HAL_ADC_ConvHalfCpltCallback)
    i.HAL_ADC_ErrorCallback                  0x08001782   Section        0  stm32h7xx_hal_adc.o(i.HAL_ADC_ErrorCallback)
    i.HAL_ADC_IRQHandler                     0x08001784   Section        0  stm32h7xx_hal_adc.o(i.HAL_ADC_IRQHandler)
    i.HAL_ADC_Init                           0x08001a78   Section        0  stm32h7xx_hal_adc.o(i.HAL_ADC_Init)
    i.HAL_ADC_LevelOutOfWindowCallback       0x08001ca8   Section        0  stm32h7xx_hal_adc.o(i.HAL_ADC_LevelOutOfWindowCallback)
    i.HAL_ADC_MspInit                        0x08001cac   Section        0  adc.o(i.HAL_ADC_MspInit)
    i.HAL_ADC_Start_DMA                      0x08001d88   Section        0  stm32h7xx_hal_adc.o(i.HAL_ADC_Start_DMA)
    i.HAL_ADC_Stop_DMA                       0x08001ea4   Section        0  stm32h7xx_hal_adc.o(i.HAL_ADC_Stop_DMA)
    i.HAL_DMA_Abort                          0x08001f24   Section        0  stm32h7xx_hal_dma.o(i.HAL_DMA_Abort)
    i.HAL_DMA_Abort_IT                       0x0800228c   Section        0  stm32h7xx_hal_dma.o(i.HAL_DMA_Abort_IT)
    i.HAL_DMA_IRQHandler                     0x0800252c   Section        0  stm32h7xx_hal_dma.o(i.HAL_DMA_IRQHandler)
    i.HAL_DMA_Init                           0x08002cac   Section        0  stm32h7xx_hal_dma.o(i.HAL_DMA_Init)
    i.HAL_DMA_Start_IT                       0x080030a0   Section        0  stm32h7xx_hal_dma.o(i.HAL_DMA_Start_IT)
    i.HAL_GPIO_Init                          0x08003380   Section        0  stm32h7xx_hal_gpio.o(i.HAL_GPIO_Init)
    i.HAL_GPIO_WritePin                      0x08003574   Section        0  stm32h7xx_hal_gpio.o(i.HAL_GPIO_WritePin)
    i.HAL_GetREVID                           0x08003584   Section        0  stm32h7xx_hal.o(i.HAL_GetREVID)
    i.HAL_GetTick                            0x08003590   Section        0  stm32h7xx_hal.o(i.HAL_GetTick)
    i.HAL_IncTick                            0x0800359c   Section        0  stm32h7xx_hal.o(i.HAL_IncTick)
    i.HAL_Init                               0x080035ac   Section        0  stm32h7xx_hal.o(i.HAL_Init)
    i.HAL_InitTick                           0x08003608   Section        0  stm32h7xx_hal.o(i.HAL_InitTick)
    i.HAL_MspInit                            0x08003654   Section        0  stm32h7xx_hal_msp.o(i.HAL_MspInit)
    i.HAL_NVIC_EnableIRQ                     0x0800368c   Section        0  stm32h7xx_hal_cortex.o(i.HAL_NVIC_EnableIRQ)
    i.HAL_NVIC_SetPriority                   0x080036a8   Section        0  stm32h7xx_hal_cortex.o(i.HAL_NVIC_SetPriority)
    i.HAL_NVIC_SetPriorityGrouping           0x08003714   Section        0  stm32h7xx_hal_cortex.o(i.HAL_NVIC_SetPriorityGrouping)
    i.HAL_PWREx_ConfigSupply                 0x08003738   Section        0  stm32h7xx_hal_pwr_ex.o(i.HAL_PWREx_ConfigSupply)
    i.HAL_RCCEx_GetD3PCLK1Freq               0x08003798   Section        0  stm32h7xx_hal_rcc_ex.o(i.HAL_RCCEx_GetD3PCLK1Freq)
    i.HAL_RCCEx_GetPLL1ClockFreq             0x080037bc   Section        0  stm32h7xx_hal_rcc_ex.o(i.HAL_RCCEx_GetPLL1ClockFreq)
    i.HAL_RCCEx_GetPLL2ClockFreq             0x0800398c   Section        0  stm32h7xx_hal_rcc_ex.o(i.HAL_RCCEx_GetPLL2ClockFreq)
    i.HAL_RCCEx_GetPLL3ClockFreq             0x08003b5c   Section        0  stm32h7xx_hal_rcc_ex.o(i.HAL_RCCEx_GetPLL3ClockFreq)
    i.HAL_RCCEx_GetPeriphCLKFreq             0x08003d2c   Section        0  stm32h7xx_hal_rcc_ex.o(i.HAL_RCCEx_GetPeriphCLKFreq)
    i.HAL_RCCEx_PeriphCLKConfig              0x080042cc   Section        0  stm32h7xx_hal_rcc_ex.o(i.HAL_RCCEx_PeriphCLKConfig)
    i.HAL_RCC_ClockConfig                    0x08004c7c   Section        0  stm32h7xx_hal_rcc.o(i.HAL_RCC_ClockConfig)
    i.HAL_RCC_GetHCLKFreq                    0x08004f38   Section        0  stm32h7xx_hal_rcc.o(i.HAL_RCC_GetHCLKFreq)
    i.HAL_RCC_GetPCLK1Freq                   0x08004f80   Section        0  stm32h7xx_hal_rcc.o(i.HAL_RCC_GetPCLK1Freq)
    i.HAL_RCC_GetPCLK2Freq                   0x08004fa8   Section        0  stm32h7xx_hal_rcc.o(i.HAL_RCC_GetPCLK2Freq)
    i.HAL_RCC_GetSysClockFreq                0x08004fd0   Section        0  stm32h7xx_hal_rcc.o(i.HAL_RCC_GetSysClockFreq)
    i.HAL_RCC_OscConfig                      0x080051ac   Section        0  stm32h7xx_hal_rcc.o(i.HAL_RCC_OscConfig)
    i.HAL_SYSCFG_DisableVREFBUF              0x080058a8   Section        0  stm32h7xx_hal.o(i.HAL_SYSCFG_DisableVREFBUF)
    i.HAL_SYSCFG_VREFBUF_HighImpedanceConfig 0x080058b8   Section        0  stm32h7xx_hal.o(i.HAL_SYSCFG_VREFBUF_HighImpedanceConfig)
    i.HAL_SYSTICK_CLKSourceConfig            0x080058cc   Section        0  stm32h7xx_hal_cortex.o(i.HAL_SYSTICK_CLKSourceConfig)
    i.HAL_SYSTICK_Config                     0x080058e8   Section        0  stm32h7xx_hal_cortex.o(i.HAL_SYSTICK_Config)
    i.HAL_TIMEx_Break2Callback               0x08005910   Section        0  stm32h7xx_hal_tim_ex.o(i.HAL_TIMEx_Break2Callback)
    i.HAL_TIMEx_BreakCallback                0x08005912   Section        0  stm32h7xx_hal_tim_ex.o(i.HAL_TIMEx_BreakCallback)
    i.HAL_TIMEx_CommutCallback               0x08005914   Section        0  stm32h7xx_hal_tim_ex.o(i.HAL_TIMEx_CommutCallback)
    i.HAL_TIMEx_ConfigBreakDeadTime          0x08005916   Section        0  stm32h7xx_hal_tim_ex.o(i.HAL_TIMEx_ConfigBreakDeadTime)
    i.HAL_TIMEx_MasterConfigSynchronization  0x080059b0   Section        0  stm32h7xx_hal_tim_ex.o(i.HAL_TIMEx_MasterConfigSynchronization)
    i.HAL_TIM_Base_Start_IT                  0x08005a58   Section        0  stm32h7xx_hal_tim.o(i.HAL_TIM_Base_Start_IT)
    i.HAL_TIM_Base_Stop_IT                   0x08005aec   Section        0  stm32h7xx_hal_tim.o(i.HAL_TIM_Base_Stop_IT)
    i.HAL_TIM_IC_CaptureCallback             0x08005b1c   Section        0  stm32h7xx_hal_tim.o(i.HAL_TIM_IC_CaptureCallback)
    i.HAL_TIM_IRQHandler                     0x08005b1e   Section        0  stm32h7xx_hal_tim.o(i.HAL_TIM_IRQHandler)
    i.HAL_TIM_MspPostInit                    0x08005cb0   Section        0  tim.o(i.HAL_TIM_MspPostInit)
    i.HAL_TIM_OC_DelayElapsedCallback        0x08005d04   Section        0  stm32h7xx_hal_tim.o(i.HAL_TIM_OC_DelayElapsedCallback)
    i.HAL_TIM_PWM_ConfigChannel              0x08005d06   Section        0  stm32h7xx_hal_tim.o(i.HAL_TIM_PWM_ConfigChannel)
    i.HAL_TIM_PWM_Init                       0x08005e3c   Section        0  stm32h7xx_hal_tim.o(i.HAL_TIM_PWM_Init)
    i.HAL_TIM_PWM_MspInit                    0x08005ea0   Section        0  tim.o(i.HAL_TIM_PWM_MspInit)
    i.HAL_TIM_PWM_PulseFinishedCallback      0x08005edc   Section        0  stm32h7xx_hal_tim.o(i.HAL_TIM_PWM_PulseFinishedCallback)
    i.HAL_TIM_PeriodElapsedCallback          0x08005ede   Section        0  stm32h7xx_hal_tim.o(i.HAL_TIM_PeriodElapsedCallback)
    i.HAL_TIM_TriggerCallback                0x08005ee0   Section        0  stm32h7xx_hal_tim.o(i.HAL_TIM_TriggerCallback)
    i.HAL_UARTEx_DisableFifoMode             0x08005ee2   Section        0  stm32h7xx_hal_uart_ex.o(i.HAL_UARTEx_DisableFifoMode)
    i.HAL_UARTEx_RxEventCallback             0x08005f20   Section        0  stm32h7xx_hal_uart.o(i.HAL_UARTEx_RxEventCallback)
    i.HAL_UARTEx_RxFifoFullCallback          0x08005f22   Section        0  stm32h7xx_hal_uart_ex.o(i.HAL_UARTEx_RxFifoFullCallback)
    i.HAL_UARTEx_SetRxFifoThreshold          0x08005f24   Section        0  stm32h7xx_hal_uart_ex.o(i.HAL_UARTEx_SetRxFifoThreshold)
    i.HAL_UARTEx_SetTxFifoThreshold          0x08005f70   Section        0  stm32h7xx_hal_uart_ex.o(i.HAL_UARTEx_SetTxFifoThreshold)
    i.HAL_UARTEx_TxFifoEmptyCallback         0x08005fbc   Section        0  stm32h7xx_hal_uart_ex.o(i.HAL_UARTEx_TxFifoEmptyCallback)
    i.HAL_UARTEx_WakeupCallback              0x08005fbe   Section        0  stm32h7xx_hal_uart_ex.o(i.HAL_UARTEx_WakeupCallback)
    i.HAL_UART_ErrorCallback                 0x08005fc0   Section        0  stm32h7xx_hal_uart.o(i.HAL_UART_ErrorCallback)
    i.HAL_UART_GetState                      0x08005fc2   Section        0  stm32h7xx_hal_uart.o(i.HAL_UART_GetState)
    i.HAL_UART_IRQHandler                    0x08005fd0   Section        0  stm32h7xx_hal_uart.o(i.HAL_UART_IRQHandler)
    i.HAL_UART_Init                          0x080063b0   Section        0  stm32h7xx_hal_uart.o(i.HAL_UART_Init)
    i.HAL_UART_MspInit                       0x08006420   Section        0  usart.o(i.HAL_UART_MspInit)
    i.HAL_UART_Receive_IT                    0x080064b0   Section        0  stm32h7xx_hal_uart.o(i.HAL_UART_Receive_IT)
    i.HAL_UART_RxCpltCallback                0x08006518   Section        0  debug.o(i.HAL_UART_RxCpltCallback)
    i.HAL_UART_Transmit                      0x0800657c   Section        0  stm32h7xx_hal_uart.o(i.HAL_UART_Transmit)
    i.HAL_UART_TxCpltCallback                0x08006652   Section        0  stm32h7xx_hal_uart.o(i.HAL_UART_TxCpltCallback)
    i.HMISendStr                             0x08006654   Section        0  main.o(i.HMISendStr)
    i.HMISends                               0x08006690   Section        0  main.o(i.HMISends)
    i.HardFault_Handler                      0x080066bc   Section        0  stm32h7xx_it.o(i.HardFault_Handler)
    i.MX_ADC1_Init                           0x080066c0   Section        0  adc.o(i.MX_ADC1_Init)
    i.MX_DMA_Init                            0x08006754   Section        0  dma.o(i.MX_DMA_Init)
    i.MX_GPIO_Init                           0x08006780   Section        0  gpio.o(i.MX_GPIO_Init)
    i.MX_TIM1_Init                           0x08006814   Section        0  tim.o(i.MX_TIM1_Init)
    i.MX_UART4_Init                          0x080068c8   Section        0  usart.o(i.MX_UART4_Init)
    i.MemManage_Handler                      0x08006930   Section        0  stm32h7xx_it.o(i.MemManage_Handler)
    i.NMI_Handler                            0x08006932   Section        0  stm32h7xx_it.o(i.NMI_Handler)
    i.PendSV_Handler                         0x08006934   Section        0  stm32h7xx_it.o(i.PendSV_Handler)
    i.RCCEx_PLL2_Config                      0x08006938   Section        0  stm32h7xx_hal_rcc_ex.o(i.RCCEx_PLL2_Config)
    RCCEx_PLL2_Config                        0x08006939   Thumb Code   300  stm32h7xx_hal_rcc_ex.o(i.RCCEx_PLL2_Config)
    i.RCCEx_PLL3_Config                      0x08006a78   Section        0  stm32h7xx_hal_rcc_ex.o(i.RCCEx_PLL3_Config)
    RCCEx_PLL3_Config                        0x08006a79   Thumb Code   300  stm32h7xx_hal_rcc_ex.o(i.RCCEx_PLL3_Config)
    i.SVC_Handler                            0x08006bb8   Section        0  stm32h7xx_it.o(i.SVC_Handler)
    i.SysTick_Handler                        0x08006bba   Section        0  stm32h7xx_it.o(i.SysTick_Handler)
    i.SystemClock_Config                     0x08006bc0   Section        0  main.o(i.SystemClock_Config)
    i.SystemInit                             0x08006ca8   Section        0  system_stm32h7xx.o(i.SystemInit)
    i.TIM1_UP_IRQHandler                     0x08006d9c   Section        0  stm32h7xx_it.o(i.TIM1_UP_IRQHandler)
    i.TIM_Base_SetConfig                     0x08006da8   Section        0  stm32h7xx_hal_tim.o(i.TIM_Base_SetConfig)
    i.TIM_OC1_SetConfig                      0x08006e70   Section        0  stm32h7xx_hal_tim.o(i.TIM_OC1_SetConfig)
    TIM_OC1_SetConfig                        0x08006e71   Thumb Code   148  stm32h7xx_hal_tim.o(i.TIM_OC1_SetConfig)
    i.TIM_OC2_SetConfig                      0x08006f18   Section        0  stm32h7xx_hal_tim.o(i.TIM_OC2_SetConfig)
    i.TIM_OC3_SetConfig                      0x08006fb4   Section        0  stm32h7xx_hal_tim.o(i.TIM_OC3_SetConfig)
    TIM_OC3_SetConfig                        0x08006fb5   Thumb Code   146  stm32h7xx_hal_tim.o(i.TIM_OC3_SetConfig)
    i.TIM_OC4_SetConfig                      0x08007050   Section        0  stm32h7xx_hal_tim.o(i.TIM_OC4_SetConfig)
    TIM_OC4_SetConfig                        0x08007051   Thumb Code   126  stm32h7xx_hal_tim.o(i.TIM_OC4_SetConfig)
    i.TIM_OC5_SetConfig                      0x080070ce   Section        0  stm32h7xx_hal_tim.o(i.TIM_OC5_SetConfig)
    TIM_OC5_SetConfig                        0x080070cf   Thumb Code   120  stm32h7xx_hal_tim.o(i.TIM_OC5_SetConfig)
    i.TIM_OC6_SetConfig                      0x08007146   Section        0  stm32h7xx_hal_tim.o(i.TIM_OC6_SetConfig)
    TIM_OC6_SetConfig                        0x08007147   Thumb Code   122  stm32h7xx_hal_tim.o(i.TIM_OC6_SetConfig)
    i.UART4_IRQHandler                       0x080071c0   Section        0  debug.o(i.UART4_IRQHandler)
    i.UARTEx_SetNbDataToProcess              0x08007210   Section        0  stm32h7xx_hal_uart_ex.o(i.UARTEx_SetNbDataToProcess)
    UARTEx_SetNbDataToProcess                0x08007211   Thumb Code    86  stm32h7xx_hal_uart_ex.o(i.UARTEx_SetNbDataToProcess)
    i.UART_AdvFeatureConfig                  0x0800726c   Section        0  stm32h7xx_hal_uart.o(i.UART_AdvFeatureConfig)
    i.UART_CheckIdleState                    0x08007344   Section        0  stm32h7xx_hal_uart.o(i.UART_CheckIdleState)
    i.UART_DMAAbortOnError                   0x080073ac   Section        0  stm32h7xx_hal_uart.o(i.UART_DMAAbortOnError)
    UART_DMAAbortOnError                     0x080073ad   Thumb Code    20  stm32h7xx_hal_uart.o(i.UART_DMAAbortOnError)
    i.UART_EndRxTransfer                     0x080073c0   Section        0  stm32h7xx_hal_uart.o(i.UART_EndRxTransfer)
    UART_EndRxTransfer                       0x080073c1   Thumb Code    80  stm32h7xx_hal_uart.o(i.UART_EndRxTransfer)
    i.UART_EndTransmit_IT                    0x08007410   Section        0  stm32h7xx_hal_uart.o(i.UART_EndTransmit_IT)
    UART_EndTransmit_IT                      0x08007411   Thumb Code    36  stm32h7xx_hal_uart.o(i.UART_EndTransmit_IT)
    i.UART_RxISR_16BIT                       0x08007434   Section        0  stm32h7xx_hal_uart.o(i.UART_RxISR_16BIT)
    UART_RxISR_16BIT                         0x08007435   Thumb Code   162  stm32h7xx_hal_uart.o(i.UART_RxISR_16BIT)
    i.UART_RxISR_16BIT_FIFOEN                0x080074d8   Section        0  stm32h7xx_hal_uart.o(i.UART_RxISR_16BIT_FIFOEN)
    UART_RxISR_16BIT_FIFOEN                  0x080074d9   Thumb Code   388  stm32h7xx_hal_uart.o(i.UART_RxISR_16BIT_FIFOEN)
    i.UART_RxISR_8BIT                        0x08007660   Section        0  stm32h7xx_hal_uart.o(i.UART_RxISR_8BIT)
    UART_RxISR_8BIT                          0x08007661   Thumb Code   162  stm32h7xx_hal_uart.o(i.UART_RxISR_8BIT)
    i.UART_RxISR_8BIT_FIFOEN                 0x08007704   Section        0  stm32h7xx_hal_uart.o(i.UART_RxISR_8BIT_FIFOEN)
    UART_RxISR_8BIT_FIFOEN                   0x08007705   Thumb Code   388  stm32h7xx_hal_uart.o(i.UART_RxISR_8BIT_FIFOEN)
    i.UART_SetConfig                         0x0800788c   Section        0  stm32h7xx_hal_uart.o(i.UART_SetConfig)
    i.UART_Start_Receive_IT                  0x08007d50   Section        0  stm32h7xx_hal_uart.o(i.UART_Start_Receive_IT)
    i.UART_WaitOnFlagUntilTimeout            0x08007e88   Section        0  stm32h7xx_hal_uart.o(i.UART_WaitOnFlagUntilTimeout)
    i.UsageFault_Handler                     0x08007f6a   Section        0  stm32h7xx_it.o(i.UsageFault_Handler)
    i.__0sprintf                             0x08007f6c   Section        0  printfa.o(i.__0sprintf)
    i.__scatterload_copy                     0x08007f94   Section       14  handlers.o(i.__scatterload_copy)
    i.__scatterload_null                     0x08007fa2   Section        2  handlers.o(i.__scatterload_null)
    i.__scatterload_zeroinit                 0x08007fa4   Section       14  handlers.o(i.__scatterload_zeroinit)
    i._fp_digits                             0x08007fb4   Section        0  printfa.o(i._fp_digits)
    _fp_digits                               0x08007fb5   Thumb Code   366  printfa.o(i._fp_digits)
    i._printf_core                           0x08008138   Section        0  printfa.o(i._printf_core)
    _printf_core                             0x08008139   Thumb Code  1704  printfa.o(i._printf_core)
    i._printf_post_padding                   0x080087ec   Section        0  printfa.o(i._printf_post_padding)
    _printf_post_padding                     0x080087ed   Thumb Code    36  printfa.o(i._printf_post_padding)
    i._printf_pre_padding                    0x08008810   Section        0  printfa.o(i._printf_pre_padding)
    _printf_pre_padding                      0x08008811   Thumb Code    46  printfa.o(i._printf_pre_padding)
    i._sputc                                 0x0800883e   Section        0  printfa.o(i._sputc)
    _sputc                                   0x0800883f   Thumb Code    10  printfa.o(i._sputc)
    i.delay_init                             0x08008848   Section        0  delay.o(i.delay_init)
    i.delay_ms                               0x0800885c   Section        0  delay.o(i.delay_ms)
    i.delay_us                               0x08008878   Section        0  delay.o(i.delay_us)
    i.main                                   0x080088ac   Section        0  main.o(i.main)
    i.reply_er                               0x08008990   Section        0  debug.o(i.reply_er)
    .constdata                               0x080089b8   Section        8  stm32h7xx_hal_dma.o(.constdata)
    flagBitshiftOffset                       0x080089b8   Data           8  stm32h7xx_hal_dma.o(.constdata)
    .constdata                               0x080089c0   Section       24  stm32h7xx_hal_uart.o(.constdata)
    .constdata                               0x080089d8   Section       16  stm32h7xx_hal_uart_ex.o(.constdata)
    numerator                                0x080089d8   Data           8  stm32h7xx_hal_uart_ex.o(.constdata)
    denominator                              0x080089e0   Data           8  stm32h7xx_hal_uart_ex.o(.constdata)
    .constdata                               0x080089e8   Section       16  system_stm32h7xx.o(.constdata)
    .data                                    0x24000000   Section        2  main.o(.data)
    .data                                    0x24000004   Section        4  delay.o(.data)
    fac_us                                   0x24000004   Data           4  delay.o(.data)
    .data                                    0x24000008   Section       12  debug.o(.data)
    s_usart_tmp                              0x24000009   Data           1  debug.o(.data)
    device_er                                0x2400000a   Data           2  debug.o(.data)
    .data                                    0x24000014   Section       12  stm32h7xx_hal.o(.data)
    .data                                    0x24000020   Section        8  system_stm32h7xx.o(.data)
    .bss                                     0x24000028   Section    16384  main.o(.bss)
    .bss                                     0x24004028   Section      220  adc.o(.bss)
    .bss                                     0x24004104   Section       76  tim.o(.bss)
    .bss                                     0x24004150   Section      144  usart.o(.bss)
    .bss                                     0x240041e0   Section     1500  debug.o(.bss)
    STACK                                    0x240047c0   Section     4096  startup_stm32h750xx.o(STACK)

    Global Symbols

    Symbol Name                              Value     Ov Type        Size  Object(Section)

    BuildAttributes$$THM_ISAv4$E$P$D$K$B$S$7EM$VFPv5_D16$PE$PLD8$A:L22UL41UL21$X:L11$S22US41US21$IEEE1$IW$USESV6$~STKCKD$USESV7$~SHL$OTIME$ROPI$IEEEX$EBA8$MICROLIB$REQ8$PRES8$EABIv2 0x00000000   Number         0  anon$$obj.o ABSOLUTE
    __ARM_use_no_argv                        0x00000000   Number         0  main.o ABSOLUTE
    _printf_a                                0x00000000   Number         0  stubs.o ABSOLUTE
    _printf_c                                0x00000000   Number         0  stubs.o ABSOLUTE
    _printf_charcount                        0x00000000   Number         0  stubs.o ABSOLUTE
    _printf_d                                0x00000000   Number         0  stubs.o ABSOLUTE
    _printf_e                                0x00000000   Number         0  stubs.o ABSOLUTE
    _printf_f                                0x00000000   Number         0  stubs.o ABSOLUTE
    _printf_flags                            0x00000000   Number         0  stubs.o ABSOLUTE
    _printf_fp_dec                           0x00000000   Number         0  stubs.o ABSOLUTE
    _printf_fp_hex                           0x00000000   Number         0  stubs.o ABSOLUTE
    _printf_g                                0x00000000   Number         0  stubs.o ABSOLUTE
    _printf_i                                0x00000000   Number         0  stubs.o ABSOLUTE
    _printf_int_dec                          0x00000000   Number         0  stubs.o ABSOLUTE
    _printf_l                                0x00000000   Number         0  stubs.o ABSOLUTE
    _printf_lc                               0x00000000   Number         0  stubs.o ABSOLUTE
    _printf_ll                               0x00000000   Number         0  stubs.o ABSOLUTE
    _printf_lld                              0x00000000   Number         0  stubs.o ABSOLUTE
    _printf_lli                              0x00000000   Number         0  stubs.o ABSOLUTE
    _printf_llo                              0x00000000   Number         0  stubs.o ABSOLUTE
    _printf_llu                              0x00000000   Number         0  stubs.o ABSOLUTE
    _printf_llx                              0x00000000   Number         0  stubs.o ABSOLUTE
    _printf_longlong_dec                     0x00000000   Number         0  stubs.o ABSOLUTE
    _printf_longlong_hex                     0x00000000   Number         0  stubs.o ABSOLUTE
    _printf_longlong_oct                     0x00000000   Number         0  stubs.o ABSOLUTE
    _printf_ls                               0x00000000   Number         0  stubs.o ABSOLUTE
    _printf_mbtowc                           0x00000000   Number         0  stubs.o ABSOLUTE
    _printf_n                                0x00000000   Number         0  stubs.o ABSOLUTE
    _printf_o                                0x00000000   Number         0  stubs.o ABSOLUTE
    _printf_p                                0x00000000   Number         0  stubs.o ABSOLUTE
    _printf_percent                          0x00000000   Number         0  stubs.o ABSOLUTE
    _printf_pre_padding                      0x00000000   Number         0  stubs.o ABSOLUTE
    _printf_return_value                     0x00000000   Number         0  stubs.o ABSOLUTE
    _printf_s                                0x00000000   Number         0  stubs.o ABSOLUTE
    _printf_sizespec                         0x00000000   Number         0  stubs.o ABSOLUTE
    _printf_str                              0x00000000   Number         0  stubs.o ABSOLUTE
    _printf_truncate_signed                  0x00000000   Number         0  stubs.o ABSOLUTE
    _printf_truncate_unsigned                0x00000000   Number         0  stubs.o ABSOLUTE
    _printf_u                                0x00000000   Number         0  stubs.o ABSOLUTE
    _printf_wc                               0x00000000   Number         0  stubs.o ABSOLUTE
    _printf_wctomb                           0x00000000   Number         0  stubs.o ABSOLUTE
    _printf_widthprec                        0x00000000   Number         0  stubs.o ABSOLUTE
    _printf_x                                0x00000000   Number         0  stubs.o ABSOLUTE
    __arm_fini_                               - Undefined Weak Reference
    __cpp_initialize__aeabi_                  - Undefined Weak Reference
    __cxa_finalize                            - Undefined Weak Reference
    __decompress                              - Undefined Weak Reference
    _clock_init                               - Undefined Weak Reference
    _microlib_exit                            - Undefined Weak Reference
    __Vectors_Size                           0x00000298   Number         0  startup_stm32h750xx.o ABSOLUTE
    __Vectors                                0x08000000   Data           4  startup_stm32h750xx.o(RESET)
    __Vectors_End                            0x08000298   Data           0  startup_stm32h750xx.o(RESET)
    __main                                   0x08000299   Thumb Code     0  entry.o(.ARM.Collect$$$$00000000)
    _main_stk                                0x08000299   Thumb Code     0  entry2.o(.ARM.Collect$$$$00000001)
    _main_scatterload                        0x0800029d   Thumb Code     0  entry5.o(.ARM.Collect$$$$00000004)
    __main_after_scatterload                 0x080002a1   Thumb Code     0  entry5.o(.ARM.Collect$$$$00000004)
    _main_clock                              0x080002a1   Thumb Code     0  entry7b.o(.ARM.Collect$$$$00000008)
    _main_cpp_init                           0x080002a1   Thumb Code     0  entry8b.o(.ARM.Collect$$$$0000000A)
    _main_init                               0x080002a1   Thumb Code     0  entry9a.o(.ARM.Collect$$$$0000000B)
    __rt_lib_shutdown_fini                   0x080002a9   Thumb Code     0  entry12b.o(.ARM.Collect$$$$0000000E)
    __rt_final_cpp                           0x080002ad   Thumb Code     0  entry10a.o(.ARM.Collect$$$$0000000F)
    __rt_final_exit                          0x080002ad   Thumb Code     0  entry11a.o(.ARM.Collect$$$$00000011)
    Reset_Handler                            0x080002b1   Thumb Code     8  startup_stm32h750xx.o(.text)
    ADC3_IRQHandler                          0x080002cb   Thumb Code     0  startup_stm32h750xx.o(.text)
    BDMA_Channel0_IRQHandler                 0x080002cb   Thumb Code     0  startup_stm32h750xx.o(.text)
    BDMA_Channel1_IRQHandler                 0x080002cb   Thumb Code     0  startup_stm32h750xx.o(.text)
    BDMA_Channel2_IRQHandler                 0x080002cb   Thumb Code     0  startup_stm32h750xx.o(.text)
    BDMA_Channel3_IRQHandler                 0x080002cb   Thumb Code     0  startup_stm32h750xx.o(.text)
    BDMA_Channel4_IRQHandler                 0x080002cb   Thumb Code     0  startup_stm32h750xx.o(.text)
    BDMA_Channel5_IRQHandler                 0x080002cb   Thumb Code     0  startup_stm32h750xx.o(.text)
    BDMA_Channel6_IRQHandler                 0x080002cb   Thumb Code     0  startup_stm32h750xx.o(.text)
    BDMA_Channel7_IRQHandler                 0x080002cb   Thumb Code     0  startup_stm32h750xx.o(.text)
    CEC_IRQHandler                           0x080002cb   Thumb Code     0  startup_stm32h750xx.o(.text)
    COMP1_IRQHandler                         0x080002cb   Thumb Code     0  startup_stm32h750xx.o(.text)
    CRS_IRQHandler                           0x080002cb   Thumb Code     0  startup_stm32h750xx.o(.text)
    CRYP_IRQHandler                          0x080002cb   Thumb Code     0  startup_stm32h750xx.o(.text)
    DCMI_IRQHandler                          0x080002cb   Thumb Code     0  startup_stm32h750xx.o(.text)
    DFSDM1_FLT0_IRQHandler                   0x080002cb   Thumb Code     0  startup_stm32h750xx.o(.text)
    DFSDM1_FLT1_IRQHandler                   0x080002cb   Thumb Code     0  startup_stm32h750xx.o(.text)
    DFSDM1_FLT2_IRQHandler                   0x080002cb   Thumb Code     0  startup_stm32h750xx.o(.text)
    DFSDM1_FLT3_IRQHandler                   0x080002cb   Thumb Code     0  startup_stm32h750xx.o(.text)
    DMA1_Stream1_IRQHandler                  0x080002cb   Thumb Code     0  startup_stm32h750xx.o(.text)
    DMA1_Stream2_IRQHandler                  0x080002cb   Thumb Code     0  startup_stm32h750xx.o(.text)
    DMA1_Stream3_IRQHandler                  0x080002cb   Thumb Code     0  startup_stm32h750xx.o(.text)
    DMA1_Stream4_IRQHandler                  0x080002cb   Thumb Code     0  startup_stm32h750xx.o(.text)
    DMA1_Stream5_IRQHandler                  0x080002cb   Thumb Code     0  startup_stm32h750xx.o(.text)
    DMA1_Stream6_IRQHandler                  0x080002cb   Thumb Code     0  startup_stm32h750xx.o(.text)
    DMA1_Stream7_IRQHandler                  0x080002cb   Thumb Code     0  startup_stm32h750xx.o(.text)
    DMA2D_IRQHandler                         0x080002cb   Thumb Code     0  startup_stm32h750xx.o(.text)
    DMA2_Stream0_IRQHandler                  0x080002cb   Thumb Code     0  startup_stm32h750xx.o(.text)
    DMA2_Stream1_IRQHandler                  0x080002cb   Thumb Code     0  startup_stm32h750xx.o(.text)
    DMA2_Stream2_IRQHandler                  0x080002cb   Thumb Code     0  startup_stm32h750xx.o(.text)
    DMA2_Stream3_IRQHandler                  0x080002cb   Thumb Code     0  startup_stm32h750xx.o(.text)
    DMA2_Stream4_IRQHandler                  0x080002cb   Thumb Code     0  startup_stm32h750xx.o(.text)
    DMA2_Stream5_IRQHandler                  0x080002cb   Thumb Code     0  startup_stm32h750xx.o(.text)
    DMA2_Stream6_IRQHandler                  0x080002cb   Thumb Code     0  startup_stm32h750xx.o(.text)
    DMA2_Stream7_IRQHandler                  0x080002cb   Thumb Code     0  startup_stm32h750xx.o(.text)
    DMAMUX1_OVR_IRQHandler                   0x080002cb   Thumb Code     0  startup_stm32h750xx.o(.text)
    DMAMUX2_OVR_IRQHandler                   0x080002cb   Thumb Code     0  startup_stm32h750xx.o(.text)
    ECC_IRQHandler                           0x080002cb   Thumb Code     0  startup_stm32h750xx.o(.text)
    ETH_IRQHandler                           0x080002cb   Thumb Code     0  startup_stm32h750xx.o(.text)
    ETH_WKUP_IRQHandler                      0x080002cb   Thumb Code     0  startup_stm32h750xx.o(.text)
    EXTI0_IRQHandler                         0x080002cb   Thumb Code     0  startup_stm32h750xx.o(.text)
    EXTI15_10_IRQHandler                     0x080002cb   Thumb Code     0  startup_stm32h750xx.o(.text)
    EXTI1_IRQHandler                         0x080002cb   Thumb Code     0  startup_stm32h750xx.o(.text)
    EXTI2_IRQHandler                         0x080002cb   Thumb Code     0  startup_stm32h750xx.o(.text)
    EXTI3_IRQHandler                         0x080002cb   Thumb Code     0  startup_stm32h750xx.o(.text)
    EXTI4_IRQHandler                         0x080002cb   Thumb Code     0  startup_stm32h750xx.o(.text)
    EXTI9_5_IRQHandler                       0x080002cb   Thumb Code     0  startup_stm32h750xx.o(.text)
    FDCAN1_IT0_IRQHandler                    0x080002cb   Thumb Code     0  startup_stm32h750xx.o(.text)
    FDCAN1_IT1_IRQHandler                    0x080002cb   Thumb Code     0  startup_stm32h750xx.o(.text)
    FDCAN2_IT0_IRQHandler                    0x080002cb   Thumb Code     0  startup_stm32h750xx.o(.text)
    FDCAN2_IT1_IRQHandler                    0x080002cb   Thumb Code     0  startup_stm32h750xx.o(.text)
    FDCAN_CAL_IRQHandler                     0x080002cb   Thumb Code     0  startup_stm32h750xx.o(.text)
    FLASH_IRQHandler                         0x080002cb   Thumb Code     0  startup_stm32h750xx.o(.text)
    FMC_IRQHandler                           0x080002cb   Thumb Code     0  startup_stm32h750xx.o(.text)
    FPU_IRQHandler                           0x080002cb   Thumb Code     0  startup_stm32h750xx.o(.text)
    HASH_RNG_IRQHandler                      0x080002cb   Thumb Code     0  startup_stm32h750xx.o(.text)
    HRTIM1_FLT_IRQHandler                    0x080002cb   Thumb Code     0  startup_stm32h750xx.o(.text)
    HRTIM1_Master_IRQHandler                 0x080002cb   Thumb Code     0  startup_stm32h750xx.o(.text)
    HRTIM1_TIMA_IRQHandler                   0x080002cb   Thumb Code     0  startup_stm32h750xx.o(.text)
    HRTIM1_TIMB_IRQHandler                   0x080002cb   Thumb Code     0  startup_stm32h750xx.o(.text)
    HRTIM1_TIMC_IRQHandler                   0x080002cb   Thumb Code     0  startup_stm32h750xx.o(.text)
    HRTIM1_TIMD_IRQHandler                   0x080002cb   Thumb Code     0  startup_stm32h750xx.o(.text)
    HRTIM1_TIME_IRQHandler                   0x080002cb   Thumb Code     0  startup_stm32h750xx.o(.text)
    HSEM1_IRQHandler                         0x080002cb   Thumb Code     0  startup_stm32h750xx.o(.text)
    I2C1_ER_IRQHandler                       0x080002cb   Thumb Code     0  startup_stm32h750xx.o(.text)
    I2C1_EV_IRQHandler                       0x080002cb   Thumb Code     0  startup_stm32h750xx.o(.text)
    I2C2_ER_IRQHandler                       0x080002cb   Thumb Code     0  startup_stm32h750xx.o(.text)
    I2C2_EV_IRQHandler                       0x080002cb   Thumb Code     0  startup_stm32h750xx.o(.text)
    I2C3_ER_IRQHandler                       0x080002cb   Thumb Code     0  startup_stm32h750xx.o(.text)
    I2C3_EV_IRQHandler                       0x080002cb   Thumb Code     0  startup_stm32h750xx.o(.text)
    I2C4_ER_IRQHandler                       0x080002cb   Thumb Code     0  startup_stm32h750xx.o(.text)
    I2C4_EV_IRQHandler                       0x080002cb   Thumb Code     0  startup_stm32h750xx.o(.text)
    JPEG_IRQHandler                          0x080002cb   Thumb Code     0  startup_stm32h750xx.o(.text)
    LPTIM1_IRQHandler                        0x080002cb   Thumb Code     0  startup_stm32h750xx.o(.text)
    LPTIM2_IRQHandler                        0x080002cb   Thumb Code     0  startup_stm32h750xx.o(.text)
    LPTIM3_IRQHandler                        0x080002cb   Thumb Code     0  startup_stm32h750xx.o(.text)
    LPTIM4_IRQHandler                        0x080002cb   Thumb Code     0  startup_stm32h750xx.o(.text)
    LPTIM5_IRQHandler                        0x080002cb   Thumb Code     0  startup_stm32h750xx.o(.text)
    LPUART1_IRQHandler                       0x080002cb   Thumb Code     0  startup_stm32h750xx.o(.text)
    LTDC_ER_IRQHandler                       0x080002cb   Thumb Code     0  startup_stm32h750xx.o(.text)
    LTDC_IRQHandler                          0x080002cb   Thumb Code     0  startup_stm32h750xx.o(.text)
    MDIOS_IRQHandler                         0x080002cb   Thumb Code     0  startup_stm32h750xx.o(.text)
    MDIOS_WKUP_IRQHandler                    0x080002cb   Thumb Code     0  startup_stm32h750xx.o(.text)
    MDMA_IRQHandler                          0x080002cb   Thumb Code     0  startup_stm32h750xx.o(.text)
    OTG_FS_EP1_IN_IRQHandler                 0x080002cb   Thumb Code     0  startup_stm32h750xx.o(.text)
    OTG_FS_EP1_OUT_IRQHandler                0x080002cb   Thumb Code     0  startup_stm32h750xx.o(.text)
    OTG_FS_IRQHandler                        0x080002cb   Thumb Code     0  startup_stm32h750xx.o(.text)
    OTG_FS_WKUP_IRQHandler                   0x080002cb   Thumb Code     0  startup_stm32h750xx.o(.text)
    OTG_HS_EP1_IN_IRQHandler                 0x080002cb   Thumb Code     0  startup_stm32h750xx.o(.text)
    OTG_HS_EP1_OUT_IRQHandler                0x080002cb   Thumb Code     0  startup_stm32h750xx.o(.text)
    OTG_HS_IRQHandler                        0x080002cb   Thumb Code     0  startup_stm32h750xx.o(.text)
    OTG_HS_WKUP_IRQHandler                   0x080002cb   Thumb Code     0  startup_stm32h750xx.o(.text)
    PVD_AVD_IRQHandler                       0x080002cb   Thumb Code     0  startup_stm32h750xx.o(.text)
    QUADSPI_IRQHandler                       0x080002cb   Thumb Code     0  startup_stm32h750xx.o(.text)
    RCC_IRQHandler                           0x080002cb   Thumb Code     0  startup_stm32h750xx.o(.text)
    RTC_Alarm_IRQHandler                     0x080002cb   Thumb Code     0  startup_stm32h750xx.o(.text)
    RTC_WKUP_IRQHandler                      0x080002cb   Thumb Code     0  startup_stm32h750xx.o(.text)
    SAI1_IRQHandler                          0x080002cb   Thumb Code     0  startup_stm32h750xx.o(.text)
    SAI2_IRQHandler                          0x080002cb   Thumb Code     0  startup_stm32h750xx.o(.text)
    SAI3_IRQHandler                          0x080002cb   Thumb Code     0  startup_stm32h750xx.o(.text)
    SAI4_IRQHandler                          0x080002cb   Thumb Code     0  startup_stm32h750xx.o(.text)
    SDMMC1_IRQHandler                        0x080002cb   Thumb Code     0  startup_stm32h750xx.o(.text)
    SDMMC2_IRQHandler                        0x080002cb   Thumb Code     0  startup_stm32h750xx.o(.text)
    SPDIF_RX_IRQHandler                      0x080002cb   Thumb Code     0  startup_stm32h750xx.o(.text)
    SPI1_IRQHandler                          0x080002cb   Thumb Code     0  startup_stm32h750xx.o(.text)
    SPI2_IRQHandler                          0x080002cb   Thumb Code     0  startup_stm32h750xx.o(.text)
    SPI3_IRQHandler                          0x080002cb   Thumb Code     0  startup_stm32h750xx.o(.text)
    SPI4_IRQHandler                          0x080002cb   Thumb Code     0  startup_stm32h750xx.o(.text)
    SPI5_IRQHandler                          0x080002cb   Thumb Code     0  startup_stm32h750xx.o(.text)
    SPI6_IRQHandler                          0x080002cb   Thumb Code     0  startup_stm32h750xx.o(.text)
    SWPMI1_IRQHandler                        0x080002cb   Thumb Code     0  startup_stm32h750xx.o(.text)
    TAMP_STAMP_IRQHandler                    0x080002cb   Thumb Code     0  startup_stm32h750xx.o(.text)
    TIM15_IRQHandler                         0x080002cb   Thumb Code     0  startup_stm32h750xx.o(.text)
    TIM16_IRQHandler                         0x080002cb   Thumb Code     0  startup_stm32h750xx.o(.text)
    TIM17_IRQHandler                         0x080002cb   Thumb Code     0  startup_stm32h750xx.o(.text)
    TIM1_BRK_IRQHandler                      0x080002cb   Thumb Code     0  startup_stm32h750xx.o(.text)
    TIM1_CC_IRQHandler                       0x080002cb   Thumb Code     0  startup_stm32h750xx.o(.text)
    TIM1_TRG_COM_IRQHandler                  0x080002cb   Thumb Code     0  startup_stm32h750xx.o(.text)
    TIM2_IRQHandler                          0x080002cb   Thumb Code     0  startup_stm32h750xx.o(.text)
    TIM3_IRQHandler                          0x080002cb   Thumb Code     0  startup_stm32h750xx.o(.text)
    TIM4_IRQHandler                          0x080002cb   Thumb Code     0  startup_stm32h750xx.o(.text)
    TIM5_IRQHandler                          0x080002cb   Thumb Code     0  startup_stm32h750xx.o(.text)
    TIM6_DAC_IRQHandler                      0x080002cb   Thumb Code     0  startup_stm32h750xx.o(.text)
    TIM7_IRQHandler                          0x080002cb   Thumb Code     0  startup_stm32h750xx.o(.text)
    TIM8_BRK_TIM12_IRQHandler                0x080002cb   Thumb Code     0  startup_stm32h750xx.o(.text)
    TIM8_CC_IRQHandler                       0x080002cb   Thumb Code     0  startup_stm32h750xx.o(.text)
    TIM8_TRG_COM_TIM14_IRQHandler            0x080002cb   Thumb Code     0  startup_stm32h750xx.o(.text)
    TIM8_UP_TIM13_IRQHandler                 0x080002cb   Thumb Code     0  startup_stm32h750xx.o(.text)
    UART5_IRQHandler                         0x080002cb   Thumb Code     0  startup_stm32h750xx.o(.text)
    UART7_IRQHandler                         0x080002cb   Thumb Code     0  startup_stm32h750xx.o(.text)
    UART8_IRQHandler                         0x080002cb   Thumb Code     0  startup_stm32h750xx.o(.text)
    USART1_IRQHandler                        0x080002cb   Thumb Code     0  startup_stm32h750xx.o(.text)
    USART2_IRQHandler                        0x080002cb   Thumb Code     0  startup_stm32h750xx.o(.text)
    USART3_IRQHandler                        0x080002cb   Thumb Code     0  startup_stm32h750xx.o(.text)
    USART6_IRQHandler                        0x080002cb   Thumb Code     0  startup_stm32h750xx.o(.text)
    WAKEUP_PIN_IRQHandler                    0x080002cb   Thumb Code     0  startup_stm32h750xx.o(.text)
    WWDG_IRQHandler                          0x080002cb   Thumb Code     0  startup_stm32h750xx.o(.text)
    __aeabi_uldivmod                         0x080002d5   Thumb Code    98  uldiv.o(.text)
    __aeabi_llsl                             0x08000337   Thumb Code    30  llshl.o(.text)
    _ll_shift_l                              0x08000337   Thumb Code     0  llshl.o(.text)
    __aeabi_lasr                             0x08000355   Thumb Code    36  llsshr.o(.text)
    _ll_sshift_r                             0x08000355   Thumb Code     0  llsshr.o(.text)
    __aeabi_memset                           0x08000379   Thumb Code    14  memseta.o(.text)
    __aeabi_memset4                          0x08000379   Thumb Code     0  memseta.o(.text)
    __aeabi_memset8                          0x08000379   Thumb Code     0  memseta.o(.text)
    __aeabi_memclr                           0x08000387   Thumb Code     4  memseta.o(.text)
    __aeabi_memclr4                          0x08000387   Thumb Code     0  memseta.o(.text)
    __aeabi_memclr8                          0x08000387   Thumb Code     0  memseta.o(.text)
    _memset$wrapper                          0x0800038b   Thumb Code    18  memseta.o(.text)
    __aeabi_uidiv                            0x0800039d   Thumb Code     0  uidiv.o(.text)
    __aeabi_uidivmod                         0x0800039d   Thumb Code    44  uidiv.o(.text)
    __aeabi_llsr                             0x080003c9   Thumb Code    32  llushr.o(.text)
    _ll_ushift_r                             0x080003c9   Thumb Code     0  llushr.o(.text)
    __I$use$fp                               0x080003e9   Thumb Code     0  iusefp.o(.text)
    __aeabi_dadd                             0x080003e9   Thumb Code   322  dadd.o(.text)
    __aeabi_dsub                             0x0800052b   Thumb Code     6  dadd.o(.text)
    __aeabi_drsub                            0x08000531   Thumb Code     6  dadd.o(.text)
    __aeabi_dmul                             0x08000537   Thumb Code   228  dmul.o(.text)
    __aeabi_ddiv                             0x0800061b   Thumb Code   222  ddiv.o(.text)
    __aeabi_d2ulz                            0x080006f9   Thumb Code    48  dfixul.o(.text)
    __aeabi_cdrcmple                         0x08000729   Thumb Code    48  cdrcmple.o(.text)
    __scatterload                            0x08000759   Thumb Code    28  init.o(.text)
    __scatterload_rt2                        0x08000759   Thumb Code     0  init.o(.text)
    _double_round                            0x0800077d   Thumb Code    30  depilogue.o(.text)
    _double_epilogue                         0x0800079b   Thumb Code   156  depilogue.o(.text)
    ADC_ConfigureBoostMode                   0x08000839   Thumb Code   268  stm32h7xx_hal_adc.o(i.ADC_ConfigureBoostMode)
    ADC_ConversionStop                       0x08000961   Thumb Code   258  stm32h7xx_hal_adc.o(i.ADC_ConversionStop)
    ADC_DMAConvCplt                          0x08000a69   Thumb Code   148  stm32h7xx_hal_adc.o(i.ADC_DMAConvCplt)
    ADC_DMAError                             0x08000afd   Thumb Code    26  stm32h7xx_hal_adc.o(i.ADC_DMAError)
    ADC_DMAHalfConvCplt                      0x08000b17   Thumb Code    10  stm32h7xx_hal_adc.o(i.ADC_DMAHalfConvCplt)
    ADC_Disable                              0x08000b21   Thumb Code   148  stm32h7xx_hal_adc.o(i.ADC_Disable)
    ADC_Enable                               0x08000bb5   Thumb Code   192  stm32h7xx_hal_adc.o(i.ADC_Enable)
    ADC_IRQHandler                           0x08000c85   Thumb Code     6  stm32h7xx_it.o(i.ADC_IRQHandler)
    BusFault_Handler                         0x08000c91   Thumb Code     2  stm32h7xx_it.o(i.BusFault_Handler)
    DMA1_Stream0_IRQHandler                  0x08000c95   Thumb Code     6  stm32h7xx_it.o(i.DMA1_Stream0_IRQHandler)
    DebugMon_Handler                         0x080011b5   Thumb Code     2  stm32h7xx_it.o(i.DebugMon_Handler)
    Error_Handler                            0x080011b7   Thumb Code     4  main.o(i.Error_Handler)
    HAL_ADCEx_EndOfSamplingCallback          0x080011bb   Thumb Code     2  stm32h7xx_hal_adc_ex.o(i.HAL_ADCEx_EndOfSamplingCallback)
    HAL_ADCEx_InjectedConvCpltCallback       0x080011bd   Thumb Code     2  stm32h7xx_hal_adc_ex.o(i.HAL_ADCEx_InjectedConvCpltCallback)
    HAL_ADCEx_InjectedQueueOverflowCallback  0x080011bf   Thumb Code     2  stm32h7xx_hal_adc_ex.o(i.HAL_ADCEx_InjectedQueueOverflowCallback)
    HAL_ADCEx_LevelOutOfWindow2Callback      0x080011c1   Thumb Code     2  stm32h7xx_hal_adc_ex.o(i.HAL_ADCEx_LevelOutOfWindow2Callback)
    HAL_ADCEx_LevelOutOfWindow3Callback      0x080011c3   Thumb Code     2  stm32h7xx_hal_adc_ex.o(i.HAL_ADCEx_LevelOutOfWindow3Callback)
    HAL_ADCEx_MultiModeConfigChannel         0x080011c5   Thumb Code   288  stm32h7xx_hal_adc_ex.o(i.HAL_ADCEx_MultiModeConfigChannel)
    HAL_ADC_ConfigChannel                    0x080012f9   Thumb Code  1124  stm32h7xx_hal_adc.o(i.HAL_ADC_ConfigChannel)
    HAL_ADC_ConvCpltCallback                 0x0800175d   Thumb Code    22  main.o(i.HAL_ADC_ConvCpltCallback)
    HAL_ADC_ConvHalfCpltCallback             0x08001781   Thumb Code     2  stm32h7xx_hal_adc.o(i.HAL_ADC_ConvHalfCpltCallback)
    HAL_ADC_ErrorCallback                    0x08001783   Thumb Code     2  stm32h7xx_hal_adc.o(i.HAL_ADC_ErrorCallback)
    HAL_ADC_IRQHandler                       0x08001785   Thumb Code   738  stm32h7xx_hal_adc.o(i.HAL_ADC_IRQHandler)
    HAL_ADC_Init                             0x08001a79   Thumb Code   524  stm32h7xx_hal_adc.o(i.HAL_ADC_Init)
    HAL_ADC_LevelOutOfWindowCallback         0x08001ca9   Thumb Code     2  stm32h7xx_hal_adc.o(i.HAL_ADC_LevelOutOfWindowCallback)
    HAL_ADC_MspInit                          0x08001cad   Thumb Code   200  adc.o(i.HAL_ADC_MspInit)
    HAL_ADC_Start_DMA                        0x08001d89   Thumb Code   256  stm32h7xx_hal_adc.o(i.HAL_ADC_Start_DMA)
    HAL_ADC_Stop_DMA                         0x08001ea5   Thumb Code   126  stm32h7xx_hal_adc.o(i.HAL_ADC_Stop_DMA)
    HAL_DMA_Abort                            0x08001f25   Thumb Code   774  stm32h7xx_hal_dma.o(i.HAL_DMA_Abort)
    HAL_DMA_Abort_IT                         0x0800228d   Thumb Code   576  stm32h7xx_hal_dma.o(i.HAL_DMA_Abort_IT)
    HAL_DMA_IRQHandler                       0x0800252d   Thumb Code  1836  stm32h7xx_hal_dma.o(i.HAL_DMA_IRQHandler)
    HAL_DMA_Init                             0x08002cad   Thumb Code   900  stm32h7xx_hal_dma.o(i.HAL_DMA_Init)
    HAL_DMA_Start_IT                         0x080030a1   Thumb Code   638  stm32h7xx_hal_dma.o(i.HAL_DMA_Start_IT)
    HAL_GPIO_Init                            0x08003381   Thumb Code   492  stm32h7xx_hal_gpio.o(i.HAL_GPIO_Init)
    HAL_GPIO_WritePin                        0x08003575   Thumb Code    14  stm32h7xx_hal_gpio.o(i.HAL_GPIO_WritePin)
    HAL_GetREVID                             0x08003585   Thumb Code     8  stm32h7xx_hal.o(i.HAL_GetREVID)
    HAL_GetTick                              0x08003591   Thumb Code     6  stm32h7xx_hal.o(i.HAL_GetTick)
    HAL_IncTick                              0x0800359d   Thumb Code    12  stm32h7xx_hal.o(i.HAL_IncTick)
    HAL_Init                                 0x080035ad   Thumb Code    74  stm32h7xx_hal.o(i.HAL_Init)
    HAL_InitTick                             0x08003609   Thumb Code    66  stm32h7xx_hal.o(i.HAL_InitTick)
    HAL_MspInit                              0x08003655   Thumb Code    50  stm32h7xx_hal_msp.o(i.HAL_MspInit)
    HAL_NVIC_EnableIRQ                       0x0800368d   Thumb Code    28  stm32h7xx_hal_cortex.o(i.HAL_NVIC_EnableIRQ)
    HAL_NVIC_SetPriority                     0x080036a9   Thumb Code   104  stm32h7xx_hal_cortex.o(i.HAL_NVIC_SetPriority)
    HAL_NVIC_SetPriorityGrouping             0x08003715   Thumb Code    30  stm32h7xx_hal_cortex.o(i.HAL_NVIC_SetPriorityGrouping)
    HAL_PWREx_ConfigSupply                   0x08003739   Thumb Code    86  stm32h7xx_hal_pwr_ex.o(i.HAL_PWREx_ConfigSupply)
    HAL_RCCEx_GetD3PCLK1Freq                 0x08003799   Thumb Code    26  stm32h7xx_hal_rcc_ex.o(i.HAL_RCCEx_GetD3PCLK1Freq)
    HAL_RCCEx_GetPLL1ClockFreq               0x080037bd   Thumb Code   424  stm32h7xx_hal_rcc_ex.o(i.HAL_RCCEx_GetPLL1ClockFreq)
    HAL_RCCEx_GetPLL2ClockFreq               0x0800398d   Thumb Code   424  stm32h7xx_hal_rcc_ex.o(i.HAL_RCCEx_GetPLL2ClockFreq)
    HAL_RCCEx_GetPLL3ClockFreq               0x08003b5d   Thumb Code   424  stm32h7xx_hal_rcc_ex.o(i.HAL_RCCEx_GetPLL3ClockFreq)
    HAL_RCCEx_GetPeriphCLKFreq               0x08003d2d   Thumb Code  1438  stm32h7xx_hal_rcc_ex.o(i.HAL_RCCEx_GetPeriphCLKFreq)
    HAL_RCCEx_PeriphCLKConfig                0x080042cd   Thumb Code  2474  stm32h7xx_hal_rcc_ex.o(i.HAL_RCCEx_PeriphCLKConfig)
    HAL_RCC_ClockConfig                      0x08004c7d   Thumb Code   658  stm32h7xx_hal_rcc.o(i.HAL_RCC_ClockConfig)
    HAL_RCC_GetHCLKFreq                      0x08004f39   Thumb Code    56  stm32h7xx_hal_rcc.o(i.HAL_RCC_GetHCLKFreq)
    HAL_RCC_GetPCLK1Freq                     0x08004f81   Thumb Code    30  stm32h7xx_hal_rcc.o(i.HAL_RCC_GetPCLK1Freq)
    HAL_RCC_GetPCLK2Freq                     0x08004fa9   Thumb Code    30  stm32h7xx_hal_rcc.o(i.HAL_RCC_GetPCLK2Freq)
    HAL_RCC_GetSysClockFreq                  0x08004fd1   Thumb Code   428  stm32h7xx_hal_rcc.o(i.HAL_RCC_GetSysClockFreq)
    HAL_RCC_OscConfig                        0x080051ad   Thumb Code  1768  stm32h7xx_hal_rcc.o(i.HAL_RCC_OscConfig)
    HAL_SYSCFG_DisableVREFBUF                0x080058a9   Thumb Code    12  stm32h7xx_hal.o(i.HAL_SYSCFG_DisableVREFBUF)
    HAL_SYSCFG_VREFBUF_HighImpedanceConfig   0x080058b9   Thumb Code    14  stm32h7xx_hal.o(i.HAL_SYSCFG_VREFBUF_HighImpedanceConfig)
    HAL_SYSTICK_CLKSourceConfig              0x080058cd   Thumb Code    28  stm32h7xx_hal_cortex.o(i.HAL_SYSTICK_CLKSourceConfig)
    HAL_SYSTICK_Config                       0x080058e9   Thumb Code    36  stm32h7xx_hal_cortex.o(i.HAL_SYSTICK_Config)
    HAL_TIMEx_Break2Callback                 0x08005911   Thumb Code     2  stm32h7xx_hal_tim_ex.o(i.HAL_TIMEx_Break2Callback)
    HAL_TIMEx_BreakCallback                  0x08005913   Thumb Code     2  stm32h7xx_hal_tim_ex.o(i.HAL_TIMEx_BreakCallback)
    HAL_TIMEx_CommutCallback                 0x08005915   Thumb Code     2  stm32h7xx_hal_tim_ex.o(i.HAL_TIMEx_CommutCallback)
    HAL_TIMEx_ConfigBreakDeadTime            0x08005917   Thumb Code   152  stm32h7xx_hal_tim_ex.o(i.HAL_TIMEx_ConfigBreakDeadTime)
    HAL_TIMEx_MasterConfigSynchronization    0x080059b1   Thumb Code   158  stm32h7xx_hal_tim_ex.o(i.HAL_TIMEx_MasterConfigSynchronization)
    HAL_TIM_Base_Start_IT                    0x08005a59   Thumb Code   144  stm32h7xx_hal_tim.o(i.HAL_TIM_Base_Start_IT)
    HAL_TIM_Base_Stop_IT                     0x08005aed   Thumb Code    48  stm32h7xx_hal_tim.o(i.HAL_TIM_Base_Stop_IT)
    HAL_TIM_IC_CaptureCallback               0x08005b1d   Thumb Code     2  stm32h7xx_hal_tim.o(i.HAL_TIM_IC_CaptureCallback)
    HAL_TIM_IRQHandler                       0x08005b1f   Thumb Code   402  stm32h7xx_hal_tim.o(i.HAL_TIM_IRQHandler)
    HAL_TIM_MspPostInit                      0x08005cb1   Thumb Code    72  tim.o(i.HAL_TIM_MspPostInit)
    HAL_TIM_OC_DelayElapsedCallback          0x08005d05   Thumb Code     2  stm32h7xx_hal_tim.o(i.HAL_TIM_OC_DelayElapsedCallback)
    HAL_TIM_PWM_ConfigChannel                0x08005d07   Thumb Code   310  stm32h7xx_hal_tim.o(i.HAL_TIM_PWM_ConfigChannel)
    HAL_TIM_PWM_Init                         0x08005e3d   Thumb Code   100  stm32h7xx_hal_tim.o(i.HAL_TIM_PWM_Init)
    HAL_TIM_PWM_MspInit                      0x08005ea1   Thumb Code    50  tim.o(i.HAL_TIM_PWM_MspInit)
    HAL_TIM_PWM_PulseFinishedCallback        0x08005edd   Thumb Code     2  stm32h7xx_hal_tim.o(i.HAL_TIM_PWM_PulseFinishedCallback)
    HAL_TIM_PeriodElapsedCallback            0x08005edf   Thumb Code     2  stm32h7xx_hal_tim.o(i.HAL_TIM_PeriodElapsedCallback)
    HAL_TIM_TriggerCallback                  0x08005ee1   Thumb Code     2  stm32h7xx_hal_tim.o(i.HAL_TIM_TriggerCallback)
    HAL_UARTEx_DisableFifoMode               0x08005ee3   Thumb Code    62  stm32h7xx_hal_uart_ex.o(i.HAL_UARTEx_DisableFifoMode)
    HAL_UARTEx_RxEventCallback               0x08005f21   Thumb Code     2  stm32h7xx_hal_uart.o(i.HAL_UARTEx_RxEventCallback)
    HAL_UARTEx_RxFifoFullCallback            0x08005f23   Thumb Code     2  stm32h7xx_hal_uart_ex.o(i.HAL_UARTEx_RxFifoFullCallback)
    HAL_UARTEx_SetRxFifoThreshold            0x08005f25   Thumb Code    76  stm32h7xx_hal_uart_ex.o(i.HAL_UARTEx_SetRxFifoThreshold)
    HAL_UARTEx_SetTxFifoThreshold            0x08005f71   Thumb Code    76  stm32h7xx_hal_uart_ex.o(i.HAL_UARTEx_SetTxFifoThreshold)
    HAL_UARTEx_TxFifoEmptyCallback           0x08005fbd   Thumb Code     2  stm32h7xx_hal_uart_ex.o(i.HAL_UARTEx_TxFifoEmptyCallback)
    HAL_UARTEx_WakeupCallback                0x08005fbf   Thumb Code     2  stm32h7xx_hal_uart_ex.o(i.HAL_UARTEx_WakeupCallback)
    HAL_UART_ErrorCallback                   0x08005fc1   Thumb Code     2  stm32h7xx_hal_uart.o(i.HAL_UART_ErrorCallback)
    HAL_UART_GetState                        0x08005fc3   Thumb Code    12  stm32h7xx_hal_uart.o(i.HAL_UART_GetState)
    HAL_UART_IRQHandler                      0x08005fd1   Thumb Code   914  stm32h7xx_hal_uart.o(i.HAL_UART_IRQHandler)
    HAL_UART_Init                            0x080063b1   Thumb Code   112  stm32h7xx_hal_uart.o(i.HAL_UART_Init)
    HAL_UART_MspInit                         0x08006421   Thumb Code   132  usart.o(i.HAL_UART_MspInit)
    HAL_UART_Receive_IT                      0x080064b1   Thumb Code   104  stm32h7xx_hal_uart.o(i.HAL_UART_Receive_IT)
    HAL_UART_RxCpltCallback                  0x08006519   Thumb Code    88  debug.o(i.HAL_UART_RxCpltCallback)
    HAL_UART_Transmit                        0x0800657d   Thumb Code   214  stm32h7xx_hal_uart.o(i.HAL_UART_Transmit)
    HAL_UART_TxCpltCallback                  0x08006653   Thumb Code     2  stm32h7xx_hal_uart.o(i.HAL_UART_TxCpltCallback)
    HMISendStr                               0x08006655   Thumb Code    54  main.o(i.HMISendStr)
    HMISends                                 0x08006691   Thumb Code    34  main.o(i.HMISends)
    HardFault_Handler                        0x080066bd   Thumb Code     2  stm32h7xx_it.o(i.HardFault_Handler)
    MX_ADC1_Init                             0x080066c1   Thumb Code   134  adc.o(i.MX_ADC1_Init)
    MX_DMA_Init                              0x08006755   Thumb Code    40  dma.o(i.MX_DMA_Init)
    MX_GPIO_Init                             0x08006781   Thumb Code   136  gpio.o(i.MX_GPIO_Init)
    MX_TIM1_Init                             0x08006815   Thumb Code   170  tim.o(i.MX_TIM1_Init)
    MX_UART4_Init                            0x080068c9   Thumb Code    94  usart.o(i.MX_UART4_Init)
    MemManage_Handler                        0x08006931   Thumb Code     2  stm32h7xx_it.o(i.MemManage_Handler)
    NMI_Handler                              0x08006933   Thumb Code     2  stm32h7xx_it.o(i.NMI_Handler)
    PendSV_Handler                           0x08006935   Thumb Code     2  stm32h7xx_it.o(i.PendSV_Handler)
    SVC_Handler                              0x08006bb9   Thumb Code     2  stm32h7xx_it.o(i.SVC_Handler)
    SysTick_Handler                          0x08006bbb   Thumb Code     4  stm32h7xx_it.o(i.SysTick_Handler)
    SystemClock_Config                       0x08006bc1   Thumb Code   220  main.o(i.SystemClock_Config)
    SystemInit                               0x08006ca9   Thumb Code   182  system_stm32h7xx.o(i.SystemInit)
    TIM1_UP_IRQHandler                       0x08006d9d   Thumb Code     6  stm32h7xx_it.o(i.TIM1_UP_IRQHandler)
    TIM_Base_SetConfig                       0x08006da9   Thumb Code   168  stm32h7xx_hal_tim.o(i.TIM_Base_SetConfig)
    TIM_OC2_SetConfig                        0x08006f19   Thumb Code   146  stm32h7xx_hal_tim.o(i.TIM_OC2_SetConfig)
    UART4_IRQHandler                         0x080071c1   Thumb Code    72  debug.o(i.UART4_IRQHandler)
    UART_AdvFeatureConfig                    0x0800726d   Thumb Code   216  stm32h7xx_hal_uart.o(i.UART_AdvFeatureConfig)
    UART_CheckIdleState                      0x08007345   Thumb Code   104  stm32h7xx_hal_uart.o(i.UART_CheckIdleState)
    UART_SetConfig                           0x0800788d   Thumb Code  1218  stm32h7xx_hal_uart.o(i.UART_SetConfig)
    UART_Start_Receive_IT                    0x08007d51   Thumb Code   294  stm32h7xx_hal_uart.o(i.UART_Start_Receive_IT)
    UART_WaitOnFlagUntilTimeout              0x08007e89   Thumb Code   226  stm32h7xx_hal_uart.o(i.UART_WaitOnFlagUntilTimeout)
    UsageFault_Handler                       0x08007f6b   Thumb Code     2  stm32h7xx_it.o(i.UsageFault_Handler)
    __0sprintf                               0x08007f6d   Thumb Code    34  printfa.o(i.__0sprintf)
    __1sprintf                               0x08007f6d   Thumb Code     0  printfa.o(i.__0sprintf)
    __2sprintf                               0x08007f6d   Thumb Code     0  printfa.o(i.__0sprintf)
    __c89sprintf                             0x08007f6d   Thumb Code     0  printfa.o(i.__0sprintf)
    sprintf                                  0x08007f6d   Thumb Code     0  printfa.o(i.__0sprintf)
    __scatterload_copy                       0x08007f95   Thumb Code    14  handlers.o(i.__scatterload_copy)
    __scatterload_null                       0x08007fa3   Thumb Code     2  handlers.o(i.__scatterload_null)
    __scatterload_zeroinit                   0x08007fa5   Thumb Code    14  handlers.o(i.__scatterload_zeroinit)
    delay_init                               0x08008849   Thumb Code    16  delay.o(i.delay_init)
    delay_ms                                 0x0800885d   Thumb Code    26  delay.o(i.delay_ms)
    delay_us                                 0x08008879   Thumb Code    48  delay.o(i.delay_us)
    main                                     0x080088ad   Thumb Code   176  main.o(i.main)
    reply_er                                 0x08008991   Thumb Code    34  debug.o(i.reply_er)
    UARTPrescTable                           0x080089c0   Data          24  stm32h7xx_hal_uart.o(.constdata)
    D1CorePrescTable                         0x080089e8   Data          16  system_stm32h7xx.o(.constdata)
    Region$$Table$$Base                      0x080089f8   Number         0  anon$$obj.o(Region$$Table)
    Region$$Table$$Limit                     0x08008a18   Number         0  anon$$obj.o(Region$$Table)
    g_adc1_dma_complete_flag                 0x24000000   Data           1  main.o(.data)
    receive_flag                             0x24000001   Data           1  main.o(.data)
    aRxBuffer                                0x24000008   Data           1  debug.o(.data)
    USART_RX_STA                             0x2400000c   Data           2  debug.o(.data)
    huart_debug                              0x24000010   Data           4  debug.o(.data)
    uwTickFreq                               0x24000014   Data           1  stm32h7xx_hal.o(.data)
    uwTickPrio                               0x24000018   Data           4  stm32h7xx_hal.o(.data)
    uwTick                                   0x2400001c   Data           4  stm32h7xx_hal.o(.data)
    SystemCoreClock                          0x24000020   Data           4  system_stm32h7xx.o(.data)
    SystemD2Clock                            0x24000024   Data           4  system_stm32h7xx.o(.data)
    g_adc1_dma_data1                         0x24000028   Data       16384  main.o(.bss)
    hadc1                                    0x24004028   Data         100  adc.o(.bss)
    hdma_adc1                                0x2400408c   Data         120  adc.o(.bss)
    htim1                                    0x24004104   Data          76  tim.o(.bss)
    huart4                                   0x24004150   Data         144  usart.o(.bss)
    USART_RX_BUF                             0x240041e0   Data        1500  debug.o(.bss)
    __initial_sp                             0x240057c0   Data           0  startup_stm32h750xx.o(STACK)



==============================================================================

Memory Map of the image

  Image Entry point : 0x08000299

  Load Region LR_IROM1 (Base: 0x08000000, Size: 0x00008a40, Max: 0x00020000, ABSOLUTE)

    Execution Region ER_IROM1 (Exec base: 0x08000000, Load base: 0x08000000, Size: 0x00008a18, Max: 0x00020000, ABSOLUTE)

    Exec Addr    Load Addr    Size         Type   Attr      Idx    E Section Name        Object

    0x08000000   0x08000000   0x00000298   Data   RO            3    RESET               startup_stm32h750xx.o
    0x08000298   0x08000298   0x00000000   Code   RO        10812  * .ARM.Collect$$$$00000000  mc_w.l(entry.o)
    0x08000298   0x08000298   0x00000004   Code   RO        11127    .ARM.Collect$$$$00000001  mc_w.l(entry2.o)
    0x0800029c   0x0800029c   0x00000004   Code   RO        11130    .ARM.Collect$$$$00000004  mc_w.l(entry5.o)
    0x080002a0   0x080002a0   0x00000000   Code   RO        11132    .ARM.Collect$$$$00000008  mc_w.l(entry7b.o)
    0x080002a0   0x080002a0   0x00000000   Code   RO        11134    .ARM.Collect$$$$0000000A  mc_w.l(entry8b.o)
    0x080002a0   0x080002a0   0x00000008   Code   RO        11135    .ARM.Collect$$$$0000000B  mc_w.l(entry9a.o)
    0x080002a8   0x080002a8   0x00000004   Code   RO        11142    .ARM.Collect$$$$0000000E  mc_w.l(entry12b.o)
    0x080002ac   0x080002ac   0x00000000   Code   RO        11137    .ARM.Collect$$$$0000000F  mc_w.l(entry10a.o)
    0x080002ac   0x080002ac   0x00000000   Code   RO        11139    .ARM.Collect$$$$00000011  mc_w.l(entry11a.o)
    0x080002ac   0x080002ac   0x00000004   Code   RO        11128    .ARM.Collect$$$$00002712  mc_w.l(entry2.o)
    0x080002b0   0x080002b0   0x00000024   Code   RO            4    .text               startup_stm32h750xx.o
    0x080002d4   0x080002d4   0x00000062   Code   RO        10815    .text               mc_w.l(uldiv.o)
    0x08000336   0x08000336   0x0000001e   Code   RO        10819    .text               mc_w.l(llshl.o)
    0x08000354   0x08000354   0x00000024   Code   RO        10821    .text               mc_w.l(llsshr.o)
    0x08000378   0x08000378   0x00000024   Code   RO        10825    .text               mc_w.l(memseta.o)
    0x0800039c   0x0800039c   0x0000002c   Code   RO        11144    .text               mc_w.l(uidiv.o)
    0x080003c8   0x080003c8   0x00000020   Code   RO        11146    .text               mc_w.l(llushr.o)
    0x080003e8   0x080003e8   0x00000000   Code   RO        11155    .text               mc_w.l(iusefp.o)
    0x080003e8   0x080003e8   0x0000014e   Code   RO        11156    .text               mf_w.l(dadd.o)
    0x08000536   0x08000536   0x000000e4   Code   RO        11158    .text               mf_w.l(dmul.o)
    0x0800061a   0x0800061a   0x000000de   Code   RO        11160    .text               mf_w.l(ddiv.o)
    0x080006f8   0x080006f8   0x00000030   Code   RO        11162    .text               mf_w.l(dfixul.o)
    0x08000728   0x08000728   0x00000030   Code   RO        11164    .text               mf_w.l(cdrcmple.o)
    0x08000758   0x08000758   0x00000024   Code   RO        11168    .text               mc_w.l(init.o)
    0x0800077c   0x0800077c   0x000000ba   Code   RO        11170    .text               mf_w.l(depilogue.o)
    0x08000836   0x08000836   0x00000002   PAD
    0x08000838   0x08000838   0x00000128   Code   RO          618    i.ADC_ConfigureBoostMode  stm32h7xx_hal_adc.o
    0x08000960   0x08000960   0x00000108   Code   RO          619    i.ADC_ConversionStop  stm32h7xx_hal_adc.o
    0x08000a68   0x08000a68   0x00000094   Code   RO          620    i.ADC_DMAConvCplt   stm32h7xx_hal_adc.o
    0x08000afc   0x08000afc   0x0000001a   Code   RO          621    i.ADC_DMAError      stm32h7xx_hal_adc.o
    0x08000b16   0x08000b16   0x0000000a   Code   RO          622    i.ADC_DMAHalfConvCplt  stm32h7xx_hal_adc.o
    0x08000b20   0x08000b20   0x00000094   Code   RO          623    i.ADC_Disable       stm32h7xx_hal_adc.o
    0x08000bb4   0x08000bb4   0x000000d0   Code   RO          624    i.ADC_Enable        stm32h7xx_hal_adc.o
    0x08000c84   0x08000c84   0x0000000c   Code   RO          406    i.ADC_IRQHandler    stm32h7xx_it.o
    0x08000c90   0x08000c90   0x00000002   Code   RO          407    i.BusFault_Handler  stm32h7xx_it.o
    0x08000c92   0x08000c92   0x00000002   PAD
    0x08000c94   0x08000c94   0x0000000c   Code   RO          408    i.DMA1_Stream0_IRQHandler  stm32h7xx_it.o
    0x08000ca0   0x08000ca0   0x000000e4   Code   RO         1719    i.DMA_CalcBaseAndBitshift  stm32h7xx_hal_dma.o
    0x08000d84   0x08000d84   0x000000d8   Code   RO         1720    i.DMA_CalcDMAMUXChannelBaseAndMask  stm32h7xx_hal_dma.o
    0x08000e5c   0x08000e5c   0x0000008c   Code   RO         1721    i.DMA_CalcDMAMUXRequestGenBaseAndMask  stm32h7xx_hal_dma.o
    0x08000ee8   0x08000ee8   0x0000007e   Code   RO         1722    i.DMA_CheckFifoParam  stm32h7xx_hal_dma.o
    0x08000f66   0x08000f66   0x00000002   PAD
    0x08000f68   0x08000f68   0x0000024c   Code   RO         1723    i.DMA_SetConfig     stm32h7xx_hal_dma.o
    0x080011b4   0x080011b4   0x00000002   Code   RO          409    i.DebugMon_Handler  stm32h7xx_it.o
    0x080011b6   0x080011b6   0x00000004   Code   RO           13    i.Error_Handler     main.o
    0x080011ba   0x080011ba   0x00000002   Code   RO          824    i.HAL_ADCEx_EndOfSamplingCallback  stm32h7xx_hal_adc_ex.o
    0x080011bc   0x080011bc   0x00000002   Code   RO          827    i.HAL_ADCEx_InjectedConvCpltCallback  stm32h7xx_hal_adc_ex.o
    0x080011be   0x080011be   0x00000002   Code   RO          830    i.HAL_ADCEx_InjectedQueueOverflowCallback  stm32h7xx_hal_adc_ex.o
    0x080011c0   0x080011c0   0x00000002   Code   RO          835    i.HAL_ADCEx_LevelOutOfWindow2Callback  stm32h7xx_hal_adc_ex.o
    0x080011c2   0x080011c2   0x00000002   Code   RO          836    i.HAL_ADCEx_LevelOutOfWindow3Callback  stm32h7xx_hal_adc_ex.o
    0x080011c4   0x080011c4   0x00000134   Code   RO          840    i.HAL_ADCEx_MultiModeConfigChannel  stm32h7xx_hal_adc_ex.o
    0x080012f8   0x080012f8   0x00000464   Code   RO          626    i.HAL_ADC_ConfigChannel  stm32h7xx_hal_adc.o
    0x0800175c   0x0800175c   0x00000024   Code   RO           14    i.HAL_ADC_ConvCpltCallback  main.o
    0x08001780   0x08001780   0x00000002   Code   RO          628    i.HAL_ADC_ConvHalfCpltCallback  stm32h7xx_hal_adc.o
    0x08001782   0x08001782   0x00000002   Code   RO          630    i.HAL_ADC_ErrorCallback  stm32h7xx_hal_adc.o
    0x08001784   0x08001784   0x000002f4   Code   RO          634    i.HAL_ADC_IRQHandler  stm32h7xx_hal_adc.o
    0x08001a78   0x08001a78   0x00000230   Code   RO          635    i.HAL_ADC_Init      stm32h7xx_hal_adc.o
    0x08001ca8   0x08001ca8   0x00000002   Code   RO          636    i.HAL_ADC_LevelOutOfWindowCallback  stm32h7xx_hal_adc.o
    0x08001caa   0x08001caa   0x00000002   PAD
    0x08001cac   0x08001cac   0x000000dc   Code   RO          251    i.HAL_ADC_MspInit   adc.o
    0x08001d88   0x08001d88   0x0000011c   Code   RO          642    i.HAL_ADC_Start_DMA  stm32h7xx_hal_adc.o
    0x08001ea4   0x08001ea4   0x0000007e   Code   RO          645    i.HAL_ADC_Stop_DMA  stm32h7xx_hal_adc.o
    0x08001f22   0x08001f22   0x00000002   PAD
    0x08001f24   0x08001f24   0x00000368   Code   RO         1724    i.HAL_DMA_Abort     stm32h7xx_hal_dma.o
    0x0800228c   0x0800228c   0x000002a0   Code   RO         1725    i.HAL_DMA_Abort_IT  stm32h7xx_hal_dma.o
    0x0800252c   0x0800252c   0x00000780   Code   RO         1729    i.HAL_DMA_IRQHandler  stm32h7xx_hal_dma.o
    0x08002cac   0x08002cac   0x000003f4   Code   RO         1730    i.HAL_DMA_Init      stm32h7xx_hal_dma.o
    0x080030a0   0x080030a0   0x000002e0   Code   RO         1734    i.HAL_DMA_Start_IT  stm32h7xx_hal_dma.o
    0x08003380   0x08003380   0x000001f4   Code   RO         1572    i.HAL_GPIO_Init     stm32h7xx_hal_gpio.o
    0x08003574   0x08003574   0x0000000e   Code   RO         1576    i.HAL_GPIO_WritePin  stm32h7xx_hal_gpio.o
    0x08003582   0x08003582   0x00000002   PAD
    0x08003584   0x08003584   0x0000000c   Code   RO         2580    i.HAL_GetREVID      stm32h7xx_hal.o
    0x08003590   0x08003590   0x0000000c   Code   RO         2581    i.HAL_GetTick       stm32h7xx_hal.o
    0x0800359c   0x0800359c   0x00000010   Code   RO         2587    i.HAL_IncTick       stm32h7xx_hal.o
    0x080035ac   0x080035ac   0x0000005c   Code   RO         2588    i.HAL_Init          stm32h7xx_hal.o
    0x08003608   0x08003608   0x0000004c   Code   RO         2589    i.HAL_InitTick      stm32h7xx_hal.o
    0x08003654   0x08003654   0x00000038   Code   RO          500    i.HAL_MspInit       stm32h7xx_hal_msp.o
    0x0800368c   0x0800368c   0x0000001c   Code   RO         2432    i.HAL_NVIC_EnableIRQ  stm32h7xx_hal_cortex.o
    0x080036a8   0x080036a8   0x0000006c   Code   RO         2438    i.HAL_NVIC_SetPriority  stm32h7xx_hal_cortex.o
    0x08003714   0x08003714   0x00000024   Code   RO         2439    i.HAL_NVIC_SetPriorityGrouping  stm32h7xx_hal_cortex.o
    0x08003738   0x08003738   0x00000060   Code   RO         2173    i.HAL_PWREx_ConfigSupply  stm32h7xx_hal_pwr_ex.o
    0x08003798   0x08003798   0x00000024   Code   RO         1135    i.HAL_RCCEx_GetD3PCLK1Freq  stm32h7xx_hal_rcc_ex.o
    0x080037bc   0x080037bc   0x000001d0   Code   RO         1136    i.HAL_RCCEx_GetPLL1ClockFreq  stm32h7xx_hal_rcc_ex.o
    0x0800398c   0x0800398c   0x000001d0   Code   RO         1137    i.HAL_RCCEx_GetPLL2ClockFreq  stm32h7xx_hal_rcc_ex.o
    0x08003b5c   0x08003b5c   0x000001d0   Code   RO         1138    i.HAL_RCCEx_GetPLL3ClockFreq  stm32h7xx_hal_rcc_ex.o
    0x08003d2c   0x08003d2c   0x0000059e   Code   RO         1140    i.HAL_RCCEx_GetPeriphCLKFreq  stm32h7xx_hal_rcc_ex.o
    0x080042ca   0x080042ca   0x00000002   PAD
    0x080042cc   0x080042cc   0x000009b0   Code   RO         1144    i.HAL_RCCEx_PeriphCLKConfig  stm32h7xx_hal_rcc_ex.o
    0x08004c7c   0x08004c7c   0x000002bc   Code   RO         1020    i.HAL_RCC_ClockConfig  stm32h7xx_hal_rcc.o
    0x08004f38   0x08004f38   0x00000048   Code   RO         1025    i.HAL_RCC_GetHCLKFreq  stm32h7xx_hal_rcc.o
    0x08004f80   0x08004f80   0x00000028   Code   RO         1027    i.HAL_RCC_GetPCLK1Freq  stm32h7xx_hal_rcc.o
    0x08004fa8   0x08004fa8   0x00000028   Code   RO         1028    i.HAL_RCC_GetPCLK2Freq  stm32h7xx_hal_rcc.o
    0x08004fd0   0x08004fd0   0x000001dc   Code   RO         1029    i.HAL_RCC_GetSysClockFreq  stm32h7xx_hal_rcc.o
    0x080051ac   0x080051ac   0x000006fc   Code   RO         1032    i.HAL_RCC_OscConfig  stm32h7xx_hal_rcc.o
    0x080058a8   0x080058a8   0x00000010   Code   RO         2599    i.HAL_SYSCFG_DisableVREFBUF  stm32h7xx_hal.o
    0x080058b8   0x080058b8   0x00000014   Code   RO         2604    i.HAL_SYSCFG_VREFBUF_HighImpedanceConfig  stm32h7xx_hal.o
    0x080058cc   0x080058cc   0x0000001c   Code   RO         2441    i.HAL_SYSTICK_CLKSourceConfig  stm32h7xx_hal_cortex.o
    0x080058e8   0x080058e8   0x00000028   Code   RO         2443    i.HAL_SYSTICK_Config  stm32h7xx_hal_cortex.o
    0x08005910   0x08005910   0x00000002   Code   RO         4189    i.HAL_TIMEx_Break2Callback  stm32h7xx_hal_tim_ex.o
    0x08005912   0x08005912   0x00000002   Code   RO         4190    i.HAL_TIMEx_BreakCallback  stm32h7xx_hal_tim_ex.o
    0x08005914   0x08005914   0x00000002   Code   RO         4191    i.HAL_TIMEx_CommutCallback  stm32h7xx_hal_tim_ex.o
    0x08005916   0x08005916   0x00000098   Code   RO         4193    i.HAL_TIMEx_ConfigBreakDeadTime  stm32h7xx_hal_tim_ex.o
    0x080059ae   0x080059ae   0x00000002   PAD
    0x080059b0   0x080059b0   0x000000a8   Code   RO         4211    i.HAL_TIMEx_MasterConfigSynchronization  stm32h7xx_hal_tim_ex.o
    0x08005a58   0x08005a58   0x00000094   Code   RO         3469    i.HAL_TIM_Base_Start_IT  stm32h7xx_hal_tim.o
    0x08005aec   0x08005aec   0x00000030   Code   RO         3472    i.HAL_TIM_Base_Stop_IT  stm32h7xx_hal_tim.o
    0x08005b1c   0x08005b1c   0x00000002   Code   RO         3498    i.HAL_TIM_IC_CaptureCallback  stm32h7xx_hal_tim.o
    0x08005b1e   0x08005b1e   0x00000192   Code   RO         3512    i.HAL_TIM_IRQHandler  stm32h7xx_hal_tim.o
    0x08005cb0   0x08005cb0   0x00000054   Code   RO          316    i.HAL_TIM_MspPostInit  tim.o
    0x08005d04   0x08005d04   0x00000002   Code   RO         3515    i.HAL_TIM_OC_DelayElapsedCallback  stm32h7xx_hal_tim.o
    0x08005d06   0x08005d06   0x00000136   Code   RO         3536    i.HAL_TIM_PWM_ConfigChannel  stm32h7xx_hal_tim.o
    0x08005e3c   0x08005e3c   0x00000064   Code   RO         3539    i.HAL_TIM_PWM_Init  stm32h7xx_hal_tim.o
    0x08005ea0   0x08005ea0   0x0000003c   Code   RO          318    i.HAL_TIM_PWM_MspInit  tim.o
    0x08005edc   0x08005edc   0x00000002   Code   RO         3542    i.HAL_TIM_PWM_PulseFinishedCallback  stm32h7xx_hal_tim.o
    0x08005ede   0x08005ede   0x00000002   Code   RO         3550    i.HAL_TIM_PeriodElapsedCallback  stm32h7xx_hal_tim.o
    0x08005ee0   0x08005ee0   0x00000002   Code   RO         3555    i.HAL_TIM_TriggerCallback  stm32h7xx_hal_tim.o
    0x08005ee2   0x08005ee2   0x0000003e   Code   RO         4905    i.HAL_UARTEx_DisableFifoMode  stm32h7xx_hal_uart_ex.o
    0x08005f20   0x08005f20   0x00000002   Code   RO         4489    i.HAL_UARTEx_RxEventCallback  stm32h7xx_hal_uart.o
    0x08005f22   0x08005f22   0x00000002   Code   RO         4912    i.HAL_UARTEx_RxFifoFullCallback  stm32h7xx_hal_uart_ex.o
    0x08005f24   0x08005f24   0x0000004c   Code   RO         4913    i.HAL_UARTEx_SetRxFifoThreshold  stm32h7xx_hal_uart_ex.o
    0x08005f70   0x08005f70   0x0000004c   Code   RO         4914    i.HAL_UARTEx_SetTxFifoThreshold  stm32h7xx_hal_uart_ex.o
    0x08005fbc   0x08005fbc   0x00000002   Code   RO         4916    i.HAL_UARTEx_TxFifoEmptyCallback  stm32h7xx_hal_uart_ex.o
    0x08005fbe   0x08005fbe   0x00000002   Code   RO         4917    i.HAL_UARTEx_WakeupCallback  stm32h7xx_hal_uart_ex.o
    0x08005fc0   0x08005fc0   0x00000002   Code   RO         4505    i.HAL_UART_ErrorCallback  stm32h7xx_hal_uart.o
    0x08005fc2   0x08005fc2   0x0000000c   Code   RO         4507    i.HAL_UART_GetState  stm32h7xx_hal_uart.o
    0x08005fce   0x08005fce   0x00000002   PAD
    0x08005fd0   0x08005fd0   0x000003e0   Code   RO         4508    i.HAL_UART_IRQHandler  stm32h7xx_hal_uart.o
    0x080063b0   0x080063b0   0x00000070   Code   RO         4509    i.HAL_UART_Init     stm32h7xx_hal_uart.o
    0x08006420   0x08006420   0x00000090   Code   RO          365    i.HAL_UART_MspInit  usart.o
    0x080064b0   0x080064b0   0x00000068   Code   RO         4514    i.HAL_UART_Receive_IT  stm32h7xx_hal_uart.o
    0x08006518   0x08006518   0x00000064   Code   RO          562    i.HAL_UART_RxCpltCallback  debug.o
    0x0800657c   0x0800657c   0x000000d6   Code   RO         4518    i.HAL_UART_Transmit  stm32h7xx_hal_uart.o
    0x08006652   0x08006652   0x00000002   Code   RO         4521    i.HAL_UART_TxCpltCallback  stm32h7xx_hal_uart.o
    0x08006654   0x08006654   0x0000003c   Code   RO           15    i.HMISendStr        main.o
    0x08006690   0x08006690   0x0000002c   Code   RO           16    i.HMISends          main.o
    0x080066bc   0x080066bc   0x00000002   Code   RO          410    i.HardFault_Handler  stm32h7xx_it.o
    0x080066be   0x080066be   0x00000002   PAD
    0x080066c0   0x080066c0   0x00000094   Code   RO          252    i.MX_ADC1_Init      adc.o
    0x08006754   0x08006754   0x0000002c   Code   RO          292    i.MX_DMA_Init       dma.o
    0x08006780   0x08006780   0x00000094   Code   RO          226    i.MX_GPIO_Init      gpio.o
    0x08006814   0x08006814   0x000000b4   Code   RO          319    i.MX_TIM1_Init      tim.o
    0x080068c8   0x080068c8   0x00000068   Code   RO          366    i.MX_UART4_Init     usart.o
    0x08006930   0x08006930   0x00000002   Code   RO          411    i.MemManage_Handler  stm32h7xx_it.o
    0x08006932   0x08006932   0x00000002   Code   RO          412    i.NMI_Handler       stm32h7xx_it.o
    0x08006934   0x08006934   0x00000002   Code   RO          413    i.PendSV_Handler    stm32h7xx_it.o
    0x08006936   0x08006936   0x00000002   PAD
    0x08006938   0x08006938   0x00000140   Code   RO         1147    i.RCCEx_PLL2_Config  stm32h7xx_hal_rcc_ex.o
    0x08006a78   0x08006a78   0x00000140   Code   RO         1148    i.RCCEx_PLL3_Config  stm32h7xx_hal_rcc_ex.o
    0x08006bb8   0x08006bb8   0x00000002   Code   RO          414    i.SVC_Handler       stm32h7xx_it.o
    0x08006bba   0x08006bba   0x00000004   Code   RO          415    i.SysTick_Handler   stm32h7xx_it.o
    0x08006bbe   0x08006bbe   0x00000002   PAD
    0x08006bc0   0x08006bc0   0x000000e8   Code   RO           17    i.SystemClock_Config  main.o
    0x08006ca8   0x08006ca8   0x000000f4   Code   RO         5023    i.SystemInit        system_stm32h7xx.o
    0x08006d9c   0x08006d9c   0x0000000c   Code   RO          416    i.TIM1_UP_IRQHandler  stm32h7xx_it.o
    0x08006da8   0x08006da8   0x000000c8   Code   RO         3557    i.TIM_Base_SetConfig  stm32h7xx_hal_tim.o
    0x08006e70   0x08006e70   0x000000a8   Code   RO         3570    i.TIM_OC1_SetConfig  stm32h7xx_hal_tim.o
    0x08006f18   0x08006f18   0x0000009c   Code   RO         3571    i.TIM_OC2_SetConfig  stm32h7xx_hal_tim.o
    0x08006fb4   0x08006fb4   0x0000009c   Code   RO         3572    i.TIM_OC3_SetConfig  stm32h7xx_hal_tim.o
    0x08007050   0x08007050   0x0000007e   Code   RO         3573    i.TIM_OC4_SetConfig  stm32h7xx_hal_tim.o
    0x080070ce   0x080070ce   0x00000078   Code   RO         3574    i.TIM_OC5_SetConfig  stm32h7xx_hal_tim.o
    0x08007146   0x08007146   0x0000007a   Code   RO         3575    i.TIM_OC6_SetConfig  stm32h7xx_hal_tim.o
    0x080071c0   0x080071c0   0x00000050   Code   RO          563    i.UART4_IRQHandler  debug.o
    0x08007210   0x08007210   0x0000005c   Code   RO         4918    i.UARTEx_SetNbDataToProcess  stm32h7xx_hal_uart_ex.o
    0x0800726c   0x0800726c   0x000000d8   Code   RO         4523    i.UART_AdvFeatureConfig  stm32h7xx_hal_uart.o
    0x08007344   0x08007344   0x00000068   Code   RO         4524    i.UART_CheckIdleState  stm32h7xx_hal_uart.o
    0x080073ac   0x080073ac   0x00000014   Code   RO         4525    i.UART_DMAAbortOnError  stm32h7xx_hal_uart.o
    0x080073c0   0x080073c0   0x00000050   Code   RO         4535    i.UART_EndRxTransfer  stm32h7xx_hal_uart.o
    0x08007410   0x08007410   0x00000024   Code   RO         4536    i.UART_EndTransmit_IT  stm32h7xx_hal_uart.o
    0x08007434   0x08007434   0x000000a2   Code   RO         4538    i.UART_RxISR_16BIT  stm32h7xx_hal_uart.o
    0x080074d6   0x080074d6   0x00000002   PAD
    0x080074d8   0x080074d8   0x00000188   Code   RO         4539    i.UART_RxISR_16BIT_FIFOEN  stm32h7xx_hal_uart.o
    0x08007660   0x08007660   0x000000a2   Code   RO         4540    i.UART_RxISR_8BIT   stm32h7xx_hal_uart.o
    0x08007702   0x08007702   0x00000002   PAD
    0x08007704   0x08007704   0x00000188   Code   RO         4541    i.UART_RxISR_8BIT_FIFOEN  stm32h7xx_hal_uart.o
    0x0800788c   0x0800788c   0x000004c2   Code   RO         4542    i.UART_SetConfig    stm32h7xx_hal_uart.o
    0x08007d4e   0x08007d4e   0x00000002   PAD
    0x08007d50   0x08007d50   0x00000138   Code   RO         4544    i.UART_Start_Receive_IT  stm32h7xx_hal_uart.o
    0x08007e88   0x08007e88   0x000000e2   Code   RO         4549    i.UART_WaitOnFlagUntilTimeout  stm32h7xx_hal_uart.o
    0x08007f6a   0x08007f6a   0x00000002   Code   RO          417    i.UsageFault_Handler  stm32h7xx_it.o
    0x08007f6c   0x08007f6c   0x00000028   Code   RO        11064    i.__0sprintf        mc_w.l(printfa.o)
    0x08007f94   0x08007f94   0x0000000e   Code   RO        11174    i.__scatterload_copy  mc_w.l(handlers.o)
    0x08007fa2   0x08007fa2   0x00000002   Code   RO        11175    i.__scatterload_null  mc_w.l(handlers.o)
    0x08007fa4   0x08007fa4   0x0000000e   Code   RO        11176    i.__scatterload_zeroinit  mc_w.l(handlers.o)
    0x08007fb2   0x08007fb2   0x00000002   PAD
    0x08007fb4   0x08007fb4   0x00000184   Code   RO        11069    i._fp_digits        mc_w.l(printfa.o)
    0x08008138   0x08008138   0x000006b4   Code   RO        11070    i._printf_core      mc_w.l(printfa.o)
    0x080087ec   0x080087ec   0x00000024   Code   RO        11071    i._printf_post_padding  mc_w.l(printfa.o)
    0x08008810   0x08008810   0x0000002e   Code   RO        11072    i._printf_pre_padding  mc_w.l(printfa.o)
    0x0800883e   0x0800883e   0x0000000a   Code   RO        11074    i._sputc            mc_w.l(printfa.o)
    0x08008848   0x08008848   0x00000014   Code   RO          524    i.delay_init        delay.o
    0x0800885c   0x0800885c   0x0000001a   Code   RO          525    i.delay_ms          delay.o
    0x08008876   0x08008876   0x00000002   PAD
    0x08008878   0x08008878   0x00000034   Code   RO          526    i.delay_us          delay.o
    0x080088ac   0x080088ac   0x000000e4   Code   RO           18    i.main              main.o
    0x08008990   0x08008990   0x00000028   Code   RO          565    i.reply_er          debug.o
    0x080089b8   0x080089b8   0x00000008   Data   RO         1736    .constdata          stm32h7xx_hal_dma.o
    0x080089c0   0x080089c0   0x00000018   Data   RO         4550    .constdata          stm32h7xx_hal_uart.o
    0x080089d8   0x080089d8   0x00000010   Data   RO         4920    .constdata          stm32h7xx_hal_uart_ex.o
    0x080089e8   0x080089e8   0x00000010   Data   RO         5024    .constdata          system_stm32h7xx.o
    0x080089f8   0x080089f8   0x00000020   Data   RO        11172    Region$$Table       anon$$obj.o


    Execution Region RW_IRAM1 (Exec base: 0x20000000, Load base: 0x08008a18, Size: 0x00000000, Max: 0x00020000, ABSOLUTE)

    **** No section assigned to this execution region ****


    Execution Region RW_IRAM2 (Exec base: 0x24000000, Load base: 0x08008a18, Size: 0x000057c0, Max: 0x00080000, ABSOLUTE)

    Exec Addr    Load Addr    Size         Type   Attr      Idx    E Section Name        Object

    0x24000000   0x08008a18   0x00000002   Data   RW           20    .data               main.o
    0x24000002   0x08008a1a   0x00000002   PAD
    0x24000004   0x08008a1c   0x00000004   Data   RW          527    .data               delay.o
    0x24000008   0x08008a20   0x0000000c   Data   RW          567    .data               debug.o
    0x24000014   0x08008a2c   0x0000000c   Data   RW         2610    .data               stm32h7xx_hal.o
    0x24000020   0x08008a38   0x00000008   Data   RW         5025    .data               system_stm32h7xx.o
    0x24000028        -       0x00004000   Zero   RW           19    .bss                main.o
    0x24004028        -       0x000000dc   Zero   RW          253    .bss                adc.o
    0x24004104        -       0x0000004c   Zero   RW          320    .bss                tim.o
    0x24004150        -       0x00000090   Zero   RW          367    .bss                usart.o
    0x240041e0        -       0x000005dc   Zero   RW          566    .bss                debug.o
    0x240047bc   0x08008a40   0x00000004   PAD
    0x240047c0        -       0x00001000   Zero   RW            1    STACK               startup_stm32h750xx.o


==============================================================================

Image component sizes


      Code (inc. data)   RO Data    RW Data    ZI Data      Debug   Object Name

       368         34          0          0        220       2075   adc.o
       220         26          0         12       1500       2802   debug.o
        98          8          0          4          0       1931   delay.o
        44          4          0          0          0        898   dma.o
       148         12          0          0          0       1071   gpio.o
       604         94          0          2      16384    1323666   main.o
        36          8        664          0       4096        836   startup_stm32h750xx.o
       244         52          0         12          0      23973   stm32h7xx_hal.o
      3956        184          0          0          0      80317   stm32h7xx_hal_adc.o
       318         20          0          0          0      65624   stm32h7xx_hal_adc_ex.o
       240         14          0          0          0      39881   stm32h7xx_hal_cortex.o
      6510        834          8          0          0      14490   stm32h7xx_hal_dma.o
       514          8          0          0          0       2456   stm32h7xx_hal_gpio.o
        56          6          0          0          0        986   stm32h7xx_hal_msp.o
        96         10          0          0          0        833   stm32h7xx_hal_pwr_ex.o
      3116        170          0          0          0       8520   stm32h7xx_hal_rcc.o
      5986        266          0          0          0      12335   stm32h7xx_hal_rcc_ex.o
      2066         76          0          0          0      13017   stm32h7xx_hal_tim.o
       326         10          0          0          0       4288   stm32h7xx_hal_tim_ex.o
      4760        174         24          0          0      39582   stm32h7xx_hal_uart.o
       312          6         16          0          0       5614   stm32h7xx_hal_uart_ex.o
        56         18          0          0          0       5574   stm32h7xx_it.o
       244         62         16          8          0       1454   system_stm32h7xx.o
       324         32          0          0         76       2583   tim.o
       248         22          0          0        144       1920   usart.o

    ----------------------------------------------------------------------
     30920       2150        760         40      22424    1656726   Object Totals
         0          0         32          0          0          0   (incl. Generated)
        30          0          0          2          4          0   (incl. Padding)

    ----------------------------------------------------------------------

      Code (inc. data)   RO Data    RW Data    ZI Data      Debug   Library Member Name

         0          0          0          0          0          0   entry.o
         0          0          0          0          0          0   entry10a.o
         0          0          0          0          0          0   entry11a.o
         4          0          0          0          0          0   entry12b.o
         8          4          0          0          0          0   entry2.o
         4          0          0          0          0          0   entry5.o
         0          0          0          0          0          0   entry7b.o
         0          0          0          0          0          0   entry8b.o
         8          4          0          0          0          0   entry9a.o
        30          0          0          0          0          0   handlers.o
        36          8          0          0          0         68   init.o
         0          0          0          0          0          0   iusefp.o
        30          0          0          0          0         68   llshl.o
        36          0          0          0          0         68   llsshr.o
        32          0          0          0          0         68   llushr.o
        36          0          0          0          0        108   memseta.o
      2236         86          0          0          0        532   printfa.o
        44          0          0          0          0         80   uidiv.o
        98          0          0          0          0         92   uldiv.o
        48          0          0          0          0         68   cdrcmple.o
       334          0          0          0          0        148   dadd.o
       222          0          0          0          0        100   ddiv.o
       186          0          0          0          0        176   depilogue.o
        48          0          0          0          0         68   dfixul.o
       228          0          0          0          0         96   dmul.o

    ----------------------------------------------------------------------
      3672        102          0          0          0       1740   Library Totals
         4          0          0          0          0          0   (incl. Padding)

    ----------------------------------------------------------------------

      Code (inc. data)   RO Data    RW Data    ZI Data      Debug   Library Name

      2602        102          0          0          0       1084   mc_w.l
      1066          0          0          0          0        656   mf_w.l

    ----------------------------------------------------------------------
      3672        102          0          0          0       1740   Library Totals

    ----------------------------------------------------------------------

==============================================================================


      Code (inc. data)   RO Data    RW Data    ZI Data      Debug   

     34592       2252        760         40      22424    1644186   Grand Totals
     34592       2252        760         40      22424    1644186   ELF Image Totals
     34592       2252        760         40          0          0   ROM Totals

==============================================================================

    Total RO  Size (Code + RO Data)                35352 (  34.52kB)
    Total RW  Size (RW Data + ZI Data)             22464 (  21.94kB)
    Total ROM Size (Code + RO Data + RW Data)      35392 (  34.56kB)

==============================================================================

