<html>
<body>
<pre>
<h1>µVision Build Log</h1>
<h2>Tool Versions:</h2>
IDE-Version: ¦ÌVision V5.37.0.0
Copyright (C) 2022 ARM Ltd and ARM Germany GmbH. All rights reserved.
License Information: pea4 Yuan, nuist, LIC=GE7DL-0QZ0R-PHH89-40FT9-VPY1V-6PZ1A
 
Tool Versions:
Toolchain:       MDK-ARM Professional  Version: 5.37.0.0
Toolchain Path:  C:\Keil_v5\ARM\ARMCC\Bin
C Compiler:      Armcc.exe V5.06 update 7 (build 960)
Assembler:       Armasm.exe V5.06 update 7 (build 960)
Linker/Locator:  ArmLink.exe V5.06 update 7 (build 960)
Library Manager: ArmAr.exe V5.06 update 7 (build 960)
Hex Converter:   FromElf.exe V5.06 update 7 (build 960)
CPU DLL:         SARMCM3.DLL V5.37.0.0
Dialog DLL:      DCM.DLL V1.17.5.0
Target DLL:      CMSIS_AGDI.dll V1.33.12.0
Dialog DLL:      TCM.DLL V1.56.1.0
 
<h2>Project:</h2>
C:\Users\pea4-\Desktop\H750\UART+ADC\MDK-ARM\UartSendReceive.uvprojx
Project File Date:  07/21/2022

<h2>Output:</h2>
*** Using Compiler 'V5.06 update 7 (build 960)', folder: 'C:\Keil_v5\ARM\ARMCC\Bin'
Rebuild target 'UartSendReceive'
assembling startup_stm32h750xx.s...
compiling main.c...
../Core/Src/main.c(113): warning:  #177-D: variable "i"  was declared but never referenced
  	uint32_t i=0;
../Core/Src/main.c: 1 warning, 0 errors
compiling delay.c...
compiling stm32h7xx_hal_adc.c...
compiling stm32h7xx_hal_flash.c...
compiling dma.c...
compiling tim.c...
compiling stm32h7xx_it.c...
compiling gpio.c...
compiling stm32h7xx_hal_rcc_ex.c...
compiling stm32h7xx_hal_rcc.c...
compiling debug.c...
compiling adc.c...
compiling stm32h7xx_hal_adc_ex.c...
compiling usart.c...
compiling stm32h7xx_hal_msp.c...
compiling stm32h7xx_hal_gpio.c...
compiling stm32h7xx_hal_mdma.c...
compiling stm32h7xx_hal_pwr.c...
compiling stm32h7xx_hal_flash_ex.c...
compiling BasicMathFunctions.c...
compiling BasicMathFunctionsF16.c...
compiling BayesFunctions.c...
compiling BayesFunctionsF16.c...
compiling CommonTables.c...
compiling stm32h7xx_hal_hsem.c...
compiling CommonTablesF16.c...
compiling ComplexMathFunctionsF16.c...
compiling ComplexMathFunctions.c...
compiling ControllerFunctions.c...
compiling DistanceFunctions.c...
compiling DistanceFunctionsF16.c...
compiling stm32h7xx_hal_dma_ex.c...
compiling stm32h7xx_hal_tim_ex.c...
compiling FastMathFunctionsF16.c...
compiling stm32h7xx_hal_tim.c...
compiling FilteringFunctionsF16.c...
compiling FastMathFunctions.c...
compiling stm32h7xx_hal_pwr_ex.c...
compiling InterpolationFunctionsF16.c...
compiling InterpolationFunctions.c...
compiling MatrixFunctionsF16.c...
compiling QuaternionMathFunctions.c...
compiling SVMFunctions.c...
compiling SVMFunctionsF16.c...
compiling StatisticsFunctionsF16.c...
compiling SupportFunctionsF16.c...
compiling MatrixFunctions.c...
compiling TransformFunctionsF16.c...
compiling SupportFunctions.c...
compiling StatisticsFunctions.c...
compiling stm32h7xx_hal_exti.c...
compiling stm32h7xx_hal.c...
compiling stm32h7xx_hal_i2c.c...
compiling stm32h7xx_hal_dma.c...
compiling TransformFunctions.c...
compiling stm32h7xx_hal_cortex.c...
compiling FilteringFunctions.c...
compiling stm32h7xx_hal_uart_ex.c...
compiling stm32h7xx_hal_i2c_ex.c...
compiling stm32h7xx_hal_uart.c...
compiling system_stm32h7xx.c...
linking...
Program Size: Code=34592 RO-data=760 RW-data=40 ZI-data=22424  
FromELF: creating hex file...
"UartSendReceive\UartSendReceive.axf" - 0 Error(s), 1 Warning(s).

<h2>Software Packages used:</h2>

Package Vendor: ARM
                http://www.keil.com/pack/ARM.CMSIS.5.9.0.pack
                ARM.CMSIS.5.9.0
                CMSIS (Common Microcontroller Software Interface Standard)
   * Component: CORE Version: 5.6.0
   * Component: DSP Variant: Source Version: 1.10.0

Package Vendor: Keil
                http://www.keil.com/pack/Keil.STM32H7xx_DFP.3.0.0.pack
                Keil.STM32H7xx_DFP.3.0.0
                STMicroelectronics STM32H7 Series Device Support and Examples

<h2>Collection of Component include folders:</h2>
  ./RTE/_UartSendReceive
  C:/Users/pea4-/AppData/Local/Arm/Packs/ARM/CMSIS/5.9.0/CMSIS/Core/Include
  C:/Users/pea4-/AppData/Local/Arm/Packs/ARM/CMSIS/5.9.0/CMSIS/DSP/Include
  C:/Users/pea4-/AppData/Local/Arm/Packs/ARM/CMSIS/5.9.0/CMSIS/DSP/PrivateInclude
  C:/Users/pea4-/AppData/Local/Arm/Packs/Keil/STM32H7xx_DFP/3.0.0/Drivers/CMSIS/Device/ST/STM32H7xx/Include

<h2>Collection of Component Files used:</h2>

   * Component: ARM::CMSIS:CORE:5.6.0
      Include file:  CMSIS/Core/Include/tz_context.h

   * Component: ARM::CMSIS:DSP:Source:1.10.0
      Source file:   CMSIS/DSP/Source/ControllerFunctions/ControllerFunctions.c
      Include file:  CMSIS/DSP/Include/arm_common_tables_f16.h
      Source file:   CMSIS/DSP/Source/BasicMathFunctions/BasicMathFunctions.c
      Source file:   CMSIS/DSP/Source/QuaternionMathFunctions/QuaternionMathFunctions.c
      Include file:  CMSIS/DSP/Include/arm_math.h
      Source file:   CMSIS/DSP/Source/ComplexMathFunctions/ComplexMathFunctions.c
      Source file:   CMSIS/DSP/Source/FilteringFunctions/FilteringFunctions.c
      Source file:   CMSIS/DSP/Source/MatrixFunctions/MatrixFunctions.c
      Include file:  CMSIS/DSP/Include/arm_math_f16.h
      Source file:   CMSIS/DSP/Source/StatisticsFunctions/StatisticsFunctions.c
      Source file:   CMSIS/DSP/Source/SupportFunctions/SupportFunctions.c
      Source file:   CMSIS/DSP/Source/SVMFunctions/SVMFunctions.c
      Source file:   CMSIS/DSP/Source/DistanceFunctions/DistanceFunctions.c
      Include file:  CMSIS/DSP/Include/arm_const_structs_f16.h
      Include file:  CMSIS/DSP/Include/arm_const_structs.h
      Source file:   CMSIS/DSP/Source/CommonTables/CommonTables.c
      Include file:  CMSIS/DSP/Include/arm_common_tables.h
      Source file:   CMSIS/DSP/Source/FastMathFunctions/FastMathFunctions.c
      Source file:   CMSIS/DSP/Source/BayesFunctions/BayesFunctions.c
      Source file:   CMSIS/DSP/Source/CommonTables/CommonTablesF16.c
      Source file:   CMSIS/DSP/Source/StatisticsFunctions/StatisticsFunctionsF16.c
      Source file:   CMSIS/DSP/Source/SVMFunctions/SVMFunctionsF16.c
      Source file:   CMSIS/DSP/Source/BasicMathFunctions/BasicMathFunctionsF16.c
      Source file:   CMSIS/DSP/Source/InterpolationFunctions/InterpolationFunctionsF16.c
      Source file:   CMSIS/DSP/Source/TransformFunctions/TransformFunctions.c
      Source file:   CMSIS/DSP/Source/MatrixFunctions/MatrixFunctionsF16.c
      Source file:   CMSIS/DSP/Source/FastMathFunctions/FastMathFunctionsF16.c
      Source file:   CMSIS/DSP/Source/ComplexMathFunctions/ComplexMathFunctionsF16.c
      Source file:   CMSIS/DSP/Source/BayesFunctions/BayesFunctionsF16.c
      Source file:   CMSIS/DSP/Source/SupportFunctions/SupportFunctionsF16.c
      Source file:   CMSIS/DSP/Source/DistanceFunctions/DistanceFunctionsF16.c
      Source file:   CMSIS/DSP/Source/FilteringFunctions/FilteringFunctionsF16.c
      Source file:   CMSIS/DSP/Source/InterpolationFunctions/InterpolationFunctions.c
      Source file:   CMSIS/DSP/Source/TransformFunctions/TransformFunctionsF16.c
Build Time Elapsed:  00:00:54
</pre>
</body>
</html>
