Component: Arm Compiler for Embedded 6.18 Tool: armlink [5e4cc100]

==============================================================================

Section Cross References

    startup_stm32h750xx.o(RESET) refers to startup_stm32h750xx.o(STACK) for __initial_sp
    startup_stm32h750xx.o(RESET) refers to startup_stm32h750xx.o(.text) for Reset_Handler
    startup_stm32h750xx.o(RESET) refers to stm32h7xx_it.o(.text.NMI_Handler) for NMI_Handler
    startup_stm32h750xx.o(RESET) refers to stm32h7xx_it.o(.text.HardFault_Handler) for HardFault_Handler
    startup_stm32h750xx.o(RESET) refers to stm32h7xx_it.o(.text.MemManage_Handler) for MemManage_Handler
    startup_stm32h750xx.o(RESET) refers to stm32h7xx_it.o(.text.BusFault_Handler) for BusFault_Handler
    startup_stm32h750xx.o(RESET) refers to stm32h7xx_it.o(.text.UsageFault_Handler) for UsageFault_Handler
    startup_stm32h750xx.o(RESET) refers to stm32h7xx_it.o(.text.SVC_Handler) for SVC_Handler
    startup_stm32h750xx.o(RESET) refers to stm32h7xx_it.o(.text.DebugMon_Handler) for DebugMon_Handler
    startup_stm32h750xx.o(RESET) refers to stm32h7xx_it.o(.text.PendSV_Handler) for PendSV_Handler
    startup_stm32h750xx.o(RESET) refers to stm32h7xx_it.o(.text.SysTick_Handler) for SysTick_Handler
    startup_stm32h750xx.o(RESET) refers to stm32h7xx_it.o(.text.DMA1_Stream0_IRQHandler) for DMA1_Stream0_IRQHandler
    startup_stm32h750xx.o(RESET) refers to stm32h7xx_it.o(.text.ADC_IRQHandler) for ADC_IRQHandler
    startup_stm32h750xx.o(RESET) refers to stm32h7xx_it.o(.text.TIM1_UP_IRQHandler) for TIM1_UP_IRQHandler
    startup_stm32h750xx.o(RESET) refers to debug.o(.text.UART4_IRQHandler) for UART4_IRQHandler
    startup_stm32h750xx.o(.text) refers to system_stm32h7xx.o(.text.SystemInit) for SystemInit
    startup_stm32h750xx.o(.text) refers to entry.o(.ARM.Collect$$$$00000000) for __main
    debug.o(.text.__io_putchar) refers to debug.o(.data..L_MergedGlobals) for .L_MergedGlobals
    debug.o(.text.__io_putchar) refers to debug.o(.bss.s_usart_tmp) for s_usart_tmp
    debug.o(.text.__io_putchar) refers to stm32h7xx_hal_uart.o(.text.HAL_UART_Transmit) for HAL_UART_Transmit
    debug.o(.ARM.exidx.text.__io_putchar) refers to debug.o(.text.__io_putchar) for [Anonymous Symbol]
    debug.o(.text.HAL_UART_RxCpltCallback) refers to debug.o(.bss..L_MergedGlobals.1) for .L_MergedGlobals.1
    debug.o(.text.HAL_UART_RxCpltCallback) refers to debug.o(.bss.USART_RX_BUF) for USART_RX_BUF
    debug.o(.text.HAL_UART_RxCpltCallback) refers to debug.o(.data..L_MergedGlobals) for .L_MergedGlobals
    debug.o(.text.HAL_UART_RxCpltCallback) refers to stm32h7xx_hal_uart.o(.text.HAL_UART_Transmit) for HAL_UART_Transmit
    debug.o(.ARM.exidx.text.HAL_UART_RxCpltCallback) refers to debug.o(.text.HAL_UART_RxCpltCallback) for [Anonymous Symbol]
    debug.o(.text.reply_er) refers to debug.o(.data..L_MergedGlobals) for .L_MergedGlobals
    debug.o(.text.reply_er) refers to stm32h7xx_hal_uart.o(.text.HAL_UART_Transmit) for HAL_UART_Transmit
    debug.o(.text.reply_er) refers to debug.o(.bss..L_MergedGlobals.1) for .L_MergedGlobals.1
    debug.o(.ARM.exidx.text.reply_er) refers to debug.o(.text.reply_er) for [Anonymous Symbol]
    debug.o(.text.UART4_IRQHandler) refers to debug.o(.data..L_MergedGlobals) for .L_MergedGlobals
    debug.o(.text.UART4_IRQHandler) refers to stm32h7xx_hal_uart.o(.text.HAL_UART_IRQHandler) for HAL_UART_IRQHandler
    debug.o(.text.UART4_IRQHandler) refers to stm32h7xx_hal_uart.o(.text.HAL_UART_GetState) for HAL_UART_GetState
    debug.o(.text.UART4_IRQHandler) refers to stm32h7xx_hal_uart.o(.text.HAL_UART_Transmit) for HAL_UART_Transmit
    debug.o(.text.UART4_IRQHandler) refers to debug.o(.bss..L_MergedGlobals.1) for .L_MergedGlobals.1
    debug.o(.text.UART4_IRQHandler) refers to stm32h7xx_hal_uart.o(.text.HAL_UART_Receive_IT) for HAL_UART_Receive_IT
    debug.o(.ARM.exidx.text.UART4_IRQHandler) refers to debug.o(.text.UART4_IRQHandler) for [Anonymous Symbol]
    debug.o(.data..L_MergedGlobals) refers to usart.o(.bss.huart4) for huart4
    main.o(.text.HAL_ADC_ConvCpltCallback) refers to main.o(.bss.g_adc1_dma_complete_flag) for g_adc1_dma_complete_flag
    main.o(.text.HAL_ADC_ConvCpltCallback) refers to tim.o(.bss.htim1) for htim1
    main.o(.text.HAL_ADC_ConvCpltCallback) refers to stm32h7xx_hal_tim.o(.text.HAL_TIM_Base_Stop_IT) for HAL_TIM_Base_Stop_IT
    main.o(.text.HAL_ADC_ConvCpltCallback) refers to adc.o(.bss.hadc1) for hadc1
    main.o(.text.HAL_ADC_ConvCpltCallback) refers to stm32h7xx_hal_adc.o(.text.HAL_ADC_Stop_DMA) for HAL_ADC_Stop_DMA
    main.o(.ARM.exidx.text.HAL_ADC_ConvCpltCallback) refers to main.o(.text.HAL_ADC_ConvCpltCallback) for [Anonymous Symbol]
    main.o(.text.HMISendStr) refers to usart.o(.bss.huart4) for huart4
    main.o(.text.HMISendStr) refers to stm32h7xx_hal_uart.o(.text.HAL_UART_Transmit) for HAL_UART_Transmit
    main.o(.ARM.exidx.text.HMISendStr) refers to main.o(.text.HMISendStr) for [Anonymous Symbol]
[...]
    ../clib/microlib/stdio/semi.s            0x00000000   Number         0  semi.o ABSOLUTE
    ../clib/microlib/stdio/streams.c         0x00000000   Number         0  stdout.o ABSOLUTE
    ../clib/microlib/string/memset.c         0x00000000   Number         0  memseta.o ABSOLUTE
    ../clib/microlib/stubs.s                 0x00000000   Number         0  iusefp.o ABSOLUTE
    ../clib/microlib/stubs.s                 0x00000000   Number         0  iusesemip.o ABSOLUTE
    ../fplib/microlib/fpadd.c                0x00000000   Number         0  dadd.o ABSOLUTE
    ../fplib/microlib/fpdiv.c                0x00000000   Number         0  ddiv.o ABSOLUTE
    ../fplib/microlib/fpepilogue.c           0x00000000   Number         0  depilogue.o ABSOLUTE
    ../fplib/microlib/fpfix.c                0x00000000   Number         0  dfixul.o ABSOLUTE
    ../fplib/microlib/fpmul.c                0x00000000   Number         0  dmul.o ABSOLUTE
    adc.c                                    0x00000000   Number         0  adc.o ABSOLUTE
    cdrcmple.s                               0x00000000   Number         0  cdrcmple.o ABSOLUTE
    dc.s                                     0x00000000   Number         0  dc.o ABSOLUTE
    debug.c                                  0x00000000   Number         0  debug.o ABSOLUTE
    dma.c                                    0x00000000   Number         0  dma.o ABSOLUTE
    gpio.c                                   0x00000000   Number         0  gpio.o ABSOLUTE
    handlers.s                               0x00000000   Number         0  handlers.o ABSOLUTE
    init.s                                   0x00000000   Number         0  init.o ABSOLUTE
    main.c                                   0x00000000   Number         0  main.o ABSOLUTE
    startup_stm32h750xx.s                    0x00000000   Number         0  startup_stm32h750xx.o ABSOLUTE
    stm32h7xx_hal.c                          0x00000000   Number         0  stm32h7xx_hal.o ABSOLUTE
    stm32h7xx_hal_adc.c                      0x00000000   Number         0  stm32h7xx_hal_adc.o ABSOLUTE
    stm32h7xx_hal_adc_ex.c                   0x00000000   Number         0  stm32h7xx_hal_adc_ex.o ABSOLUTE
    stm32h7xx_hal_cortex.c                   0x00000000   Number         0  stm32h7xx_hal_cortex.o ABSOLUTE
    stm32h7xx_hal_dma.c                      0x00000000   Number         0  stm32h7xx_hal_dma.o ABSOLUTE
    stm32h7xx_hal_dma_ex.c                   0x00000000   Number         0  stm32h7xx_hal_dma_ex.o ABSOLUTE
    stm32h7xx_hal_exti.c                     0x00000000   Number         0  stm32h7xx_hal_exti.o ABSOLUTE
    stm32h7xx_hal_flash.c                    0x00000000   Number         0  stm32h7xx_hal_flash.o ABSOLUTE
    stm32h7xx_hal_flash_ex.c                 0x00000000   Number         0  stm32h7xx_hal_flash_ex.o ABSOLUTE
    stm32h7xx_hal_gpio.c                     0x00000000   Number         0  stm32h7xx_hal_gpio.o ABSOLUTE
    stm32h7xx_hal_hsem.c                     0x00000000   Number         0  stm32h7xx_hal_hsem.o ABSOLUTE
    stm32h7xx_hal_i2c.c                      0x00000000   Number         0  stm32h7xx_hal_i2c.o ABSOLUTE
    stm32h7xx_hal_i2c_ex.c                   0x00000000   Number         0  stm32h7xx_hal_i2c_ex.o ABSOLUTE
    stm32h7xx_hal_mdma.c                     0x00000000   Number         0  stm32h7xx_hal_mdma.o ABSOLUTE
    stm32h7xx_hal_msp.c                      0x00000000   Number         0  stm32h7xx_hal_msp.o ABSOLUTE
    stm32h7xx_hal_pwr.c                      0x00000000   Number         0  stm32h7xx_hal_pwr.o ABSOLUTE
    stm32h7xx_hal_pwr_ex.c                   0x00000000   Number         0  stm32h7xx_hal_pwr_ex.o ABSOLUTE
    stm32h7xx_hal_rcc.c                      0x00000000   Number         0  stm32h7xx_hal_rcc.o ABSOLUTE
    stm32h7xx_hal_rcc_ex.c                   0x00000000   Number         0  stm32h7xx_hal_rcc_ex.o ABSOLUTE
    stm32h7xx_hal_tim.c                      0x00000000   Number         0  stm32h7xx_hal_tim.o ABSOLUTE
    stm32h7xx_hal_tim_ex.c                   0x00000000   Number         0  stm32h7xx_hal_tim_ex.o ABSOLUTE
    stm32h7xx_hal_uart.c                     0x00000000   Number         0  stm32h7xx_hal_uart.o ABSOLUTE
    stm32h7xx_hal_uart_ex.c                  0x00000000   Number         0  stm32h7xx_hal_uart_ex.o ABSOLUTE
    stm32h7xx_it.c                           0x00000000   Number         0  stm32h7xx_it.o ABSOLUTE
    system_stm32h7xx.c                       0x00000000   Number         0  system_stm32h7xx.o ABSOLUTE
    tim.c                                    0x00000000   Number         0  tim.o ABSOLUTE
    usart.c                                  0x00000000   Number         0  usart.o ABSOLUTE
    RESET                                    0x08000000   Section      664  startup_stm32h750xx.o(RESET)
    .ARM.Collect$$$$00000000                 0x08000298   Section        0  entry.o(.ARM.Collect$$$$00000000)
    .ARM.Collect$$$$00000001                 0x08000298   Section        4  entry2.o(.ARM.Collect$$$$00000001)
    .ARM.Collect$$$$00000004                 0x0800029c   Section        4  entry5.o(.ARM.Collect$$$$00000004)
    .ARM.Collect$$$$00000008                 0x080002a0   Section        0  entry7b.o(.ARM.Collect$$$$00000008)
    .ARM.Collect$$$$0000000A                 0x080002a0   Section        0  entry8b.o(.ARM.Collect$$$$0000000A)
    .ARM.Collect$$$$0000000B                 0x080002a0   Section        8  entry9a.o(.ARM.Collect$$$$0000000B)
    __lit__00000000                          0x080002a8   Data           4  entry2.o(.ARM.Collect$$$$00002712)
    .ARM.Collect$$$$0000000D                 0x080002a8   Section        0  entry10a.o(.ARM.Collect$$$$0000000D)
    .ARM.Collect$$$$0000000F                 0x080002a8   Section        0  entry11a.o(.ARM.Collect$$$$0000000F)
    .ARM.Collect$$$$00002712                 0x080002a8   Section        4  entry2.o(.ARM.Collect$$$$00002712)
    $v0                                      0x080002ac   Number         0  startup_stm32h750xx.o(.text)
    .text                                    0x080002ac   Section       36  startup_stm32h750xx.o(.text)
    .text                                    0x080002d0   Section        0  uldiv.o(.text)
    .text                                    0x08000332   Section        0  memseta.o(.text)
    .text                                    0x08000356   Section        0  uidiv.o(.text)
    .text                                    0x08000382   Section        0  llshl.o(.text)
    .text                                    0x080003a0   Section        0  llushr.o(.text)
    .text                                    0x080003c0   Section       36  init.o(.text)
    [Anonymous Symbol]                       0x080003e8   Section        0  stm32h7xx_hal_adc.o(.text.ADC_ConfigureBoostMode)
    [Anonymous Symbol]                       0x08000510   Section        0  stm32h7xx_hal_adc.o(.text.ADC_ConversionStop)
    [Anonymous Symbol]                       0x08000608   Section        0  stm32h7xx_hal_adc.o(.text.ADC_DMAConvCplt)
    [Anonymous Symbol]                       0x08000668   Section        0  stm32h7xx_hal_adc.o(.text.ADC_DMAError)
    [Anonymous Symbol]                       0x08000680   Section        0  stm32h7xx_hal_adc.o(.text.ADC_DMAHalfConvCplt)
    [Anonymous Symbol]                       0x08000688   Section        0  stm32h7xx_hal_adc.o(.text.ADC_Enable)
    [Anonymous Symbol]                       0x08000748   Section        0  stm32h7xx_it.o(.text.ADC_IRQHandler)
    [Anonymous Symbol]                       0x08000758   Section        0  stm32h7xx_it.o(.text.BusFault_Handler)
    [Anonymous Symbol]                       0x08000760   Section        0  stm32h7xx_it.o(.text.DMA1_Stream0_IRQHandler)
    DMA_CalcBaseAndBitshift                  0x08000771   Thumb Code   292  stm32h7xx_hal_dma.o(.text.DMA_CalcBaseAndBitshift)
    [Anonymous Symbol]                       0x08000770   Section        0  stm32h7xx_hal_dma.o(.text.DMA_CalcBaseAndBitshift)
    DMA_CalcBaseAndBitshift.flagBitshiftOffset 0x08000894   Number         0  stm32h7xx_hal_dma.o(.text.DMA_CalcBaseAndBitshift)
    DMA_SetConfig                            0x080008a1   Thumb Code   774  stm32h7xx_hal_dma.o(.text.DMA_SetConfig)
    [Anonymous Symbol]                       0x080008a0   Section        0  stm32h7xx_hal_dma.o(.text.DMA_SetConfig)
    [Anonymous Symbol]                       0x08000ba8   Section        0  stm32h7xx_it.o(.text.DebugMon_Handler)
    [Anonymous Symbol]                       0x08000bb0   Section        0  main.o(.text.Error_Handler)
    [Anonymous Symbol]                       0x08000bc0   Section        0  stm32h7xx_hal_adc_ex.o(.text.HAL_ADCEx_EndOfSamplingCallback)
    [Anonymous Symbol]                       0x08000bc8   Section        0  stm32h7xx_hal_adc_ex.o(.text.HAL_ADCEx_InjectedConvCpltCallback)
    [Anonymous Symbol]                       0x08000bd0   Section        0  stm32h7xx_hal_adc_ex.o(.text.HAL_ADCEx_InjectedQueueOverflowCallback)
    [Anonymous Symbol]                       0x08000bd8   Section        0  stm32h7xx_hal_adc_ex.o(.text.HAL_ADCEx_LevelOutOfWindow2Callback)
    [Anonymous Symbol]                       0x08000be0   Section        0  stm32h7xx_hal_adc_ex.o(.text.HAL_ADCEx_LevelOutOfWindow3Callback)
    [Anonymous Symbol]                       0x08000be8   Section        0  stm32h7xx_hal_adc_ex.o(.text.HAL_ADCEx_MultiModeConfigChannel)
    [Anonymous Symbol]                       0x08000ca0   Section        0  stm32h7xx_hal_adc.o(.text.HAL_ADC_ConfigChannel)
    [Anonymous Symbol]                       0x08001070   Section        0  main.o(.text.HAL_ADC_ConvCpltCallback)
    [Anonymous Symbol]                       0x080010b0   Section        0  stm32h7xx_hal_adc.o(.text.HAL_ADC_ConvHalfCpltCallback)
    [Anonymous Symbol]                       0x080010b8   Section        0  stm32h7xx_hal_adc.o(.text.HAL_ADC_ErrorCallback)
    [Anonymous Symbol]                       0x080010c0   Section        0  stm32h7xx_hal_adc.o(.text.HAL_ADC_IRQHandler)
    [Anonymous Symbol]                       0x08001370   Section        0  stm32h7xx_hal_adc.o(.text.HAL_ADC_Init)
    [Anonymous Symbol]                       0x080015e8   Section        0  stm32h7xx_hal_adc.o(.text.HAL_ADC_LevelOutOfWindowCallback)
    [Anonymous Symbol]                       0x080015f0   Section        0  adc.o(.text.HAL_ADC_MspInit)
    [Anonymous Symbol]                       0x080016e0   Section        0  stm32h7xx_hal_adc.o(.text.HAL_ADC_Start_DMA)
    [Anonymous Symbol]                       0x08001800   Section        0  stm32h7xx_hal_adc.o(.text.HAL_ADC_Stop_DMA)
    [Anonymous Symbol]                       0x08001950   Section        0  stm32h7xx_hal_dma.o(.text.HAL_DMA_Abort)
    [Anonymous Symbol]                       0x08001e80   Section        0  stm32h7xx_hal_dma.o(.text.HAL_DMA_Abort_IT)
    [Anonymous Symbol]                       0x08002140   Section        0  stm32h7xx_hal_dma.o(.text.HAL_DMA_IRQHandler)
    [Anonymous Symbol]                       0x08002970   Section        0  stm32h7xx_hal_dma.o(.text.HAL_DMA_Init)
    [Anonymous Symbol]                       0x08003000   Section        0  stm32h7xx_hal_dma.o(.text.HAL_DMA_Start_IT)
    [Anonymous Symbol]                       0x080033a8   Section        0  stm32h7xx_hal_gpio.o(.text.HAL_GPIO_Init)
    [Anonymous Symbol]                       0x08003590   Section        0  stm32h7xx_hal.o(.text.HAL_GetREVID)
    [Anonymous Symbol]                       0x080035a0   Section        0  stm32h7xx_hal.o(.text.HAL_GetTick)
    [Anonymous Symbol]                       0x080035b0   Section        0  stm32h7xx_hal.o(.text.HAL_IncTick)
    [Anonymous Symbol]                       0x080035d0   Section        0  stm32h7xx_hal.o(.text.HAL_Init)
    [Anonymous Symbol]                       0x08003638   Section        0  stm32h7xx_hal.o(.text.HAL_InitTick)
    [Anonymous Symbol]                       0x08003688   Section        0  stm32h7xx_hal_msp.o(.text.HAL_MspInit)
    [Anonymous Symbol]                       0x080036d0   Section        0  stm32h7xx_hal_cortex.o(.text.HAL_NVIC_EnableIRQ)
    [Anonymous Symbol]                       0x080036f0   Section        0  stm32h7xx_hal_cortex.o(.text.HAL_NVIC_SetPriority)
    [Anonymous Symbol]                       0x08003750   Section        0  stm32h7xx_hal_cortex.o(.text.HAL_NVIC_SetPriorityGrouping)
    [Anonymous Symbol]                       0x08003770   Section        0  stm32h7xx_hal_pwr_ex.o(.text.HAL_PWREx_ConfigSupply)
    [Anonymous Symbol]                       0x080037c0   Section        0  stm32h7xx_hal_rcc_ex.o(.text.HAL_RCCEx_GetD3PCLK1Freq)
    [Anonymous Symbol]                       0x080037e8   Section        0  stm32h7xx_hal_rcc_ex.o(.text.HAL_RCCEx_GetPLL1ClockFreq)
    [Anonymous Symbol]                       0x08003918   Section        0  stm32h7xx_hal_rcc_ex.o(.text.HAL_RCCEx_GetPLL2ClockFreq)
    [Anonymous Symbol]                       0x08003a48   Section        0  stm32h7xx_hal_rcc_ex.o(.text.HAL_RCCEx_GetPLL3ClockFreq)
    [Anonymous Symbol]                       0x08003b78   Section        0  stm32h7xx_hal_rcc_ex.o(.text.HAL_RCCEx_GetPeriphCLKFreq)
    [Anonymous Symbol]                       0x08003f68   Section        0  stm32h7xx_hal_rcc_ex.o(.text.HAL_RCCEx_PeriphCLKConfig)
    [Anonymous Symbol]                       0x08004bd0   Section        0  stm32h7xx_hal_rcc.o(.text.HAL_RCC_ClockConfig)
    [Anonymous Symbol]                       0x08004e38   Section        0  stm32h7xx_hal_rcc.o(.text.HAL_RCC_GetHCLKFreq)
    [Anonymous Symbol]                       0x08004e88   Section        0  stm32h7xx_hal_rcc.o(.text.HAL_RCC_GetPCLK1Freq)
    [Anonymous Symbol]                       0x08004ee8   Section        0  stm32h7xx_hal_rcc.o(.text.HAL_RCC_GetPCLK2Freq)
    [Anonymous Symbol]                       0x08004f48   Section        0  stm32h7xx_hal_rcc.o(.text.HAL_RCC_GetSysClockFreq)
    [Anonymous Symbol]                       0x08005060   Section        0  stm32h7xx_hal_rcc.o(.text.HAL_RCC_OscConfig)
    [Anonymous Symbol]                       0x08005548   Section        0  stm32h7xx_hal.o(.text.HAL_SYSCFG_DisableVREFBUF)
    [Anonymous Symbol]                       0x08005560   Section        0  stm32h7xx_hal.o(.text.HAL_SYSCFG_VREFBUF_HighImpedanceConfig)
    [Anonymous Symbol]                       0x08005578   Section        0  stm32h7xx_hal_cortex.o(.text.HAL_SYSTICK_Config)
    [Anonymous Symbol]                       0x080055a8   Section        0  stm32h7xx_hal_tim_ex.o(.text.HAL_TIMEx_Break2Callback)
    [Anonymous Symbol]                       0x080055b0   Section        0  stm32h7xx_hal_tim_ex.o(.text.HAL_TIMEx_BreakCallback)
    [Anonymous Symbol]                       0x080055b8   Section        0  stm32h7xx_hal_tim_ex.o(.text.HAL_TIMEx_CommutCallback)
    [Anonymous Symbol]                       0x080055c0   Section        0  stm32h7xx_hal_tim_ex.o(.text.HAL_TIMEx_ConfigBreakDeadTime)
    [Anonymous Symbol]                       0x08005660   Section        0  stm32h7xx_hal_tim_ex.o(.text.HAL_TIMEx_MasterConfigSynchronization)
    [Anonymous Symbol]                       0x08005718   Section        0  stm32h7xx_hal_tim.o(.text.HAL_TIM_Base_Init)
    [Anonymous Symbol]                       0x08005778   Section        0  tim.o(.text.HAL_TIM_Base_MspInit)
    [Anonymous Symbol]                       0x080057c0   Section        0  stm32h7xx_hal_tim.o(.text.HAL_TIM_Base_Start_IT)
    [Anonymous Symbol]                       0x08005870   Section        0  stm32h7xx_hal_tim.o(.text.HAL_TIM_Base_Stop_IT)
    [Anonymous Symbol]                       0x080058b0   Section        0  stm32h7xx_hal_tim.o(.text.HAL_TIM_ConfigClockSource)
    [Anonymous Symbol]                       0x08005a90   Section        0  stm32h7xx_hal_tim.o(.text.HAL_TIM_IC_CaptureCallback)
    [Anonymous Symbol]                       0x08005a98   Section        0  stm32h7xx_hal_tim.o(.text.HAL_TIM_IRQHandler)
    [Anonymous Symbol]                       0x08005c28   Section        0  stm32h7xx_hal_tim.o(.text.HAL_TIM_OC_DelayElapsedCallback)
    [Anonymous Symbol]                       0x08005c30   Section        0  stm32h7xx_hal_tim.o(.text.HAL_TIM_PWM_ConfigChannel)
    [Anonymous Symbol]                       0x080060c0   Section        0  stm32h7xx_hal_tim.o(.text.HAL_TIM_PWM_Init)
    [Anonymous Symbol]                       0x08006120   Section        0  stm32h7xx_hal_tim.o(.text.HAL_TIM_PWM_MspInit)
    [Anonymous Symbol]                       0x08006128   Section        0  stm32h7xx_hal_tim.o(.text.HAL_TIM_PWM_PulseFinishedCallback)
    [Anonymous Symbol]                       0x08006130   Section        0  stm32h7xx_hal_tim.o(.text.HAL_TIM_PeriodElapsedCallback)
    [Anonymous Symbol]                       0x08006138   Section        0  stm32h7xx_hal_tim.o(.text.HAL_TIM_TriggerCallback)
    [Anonymous Symbol]                       0x08006140   Section        0  stm32h7xx_hal_uart_ex.o(.text.HAL_UARTEx_DisableFifoMode)
    [Anonymous Symbol]                       0x08006178   Section        0  stm32h7xx_hal_uart.o(.text.HAL_UARTEx_RxEventCallback)
    [Anonymous Symbol]                       0x08006180   Section        0  stm32h7xx_hal_uart_ex.o(.text.HAL_UARTEx_RxFifoFullCallback)
    [Anonymous Symbol]                       0x08006188   Section        0  stm32h7xx_hal_uart_ex.o(.text.HAL_UARTEx_SetRxFifoThreshold)
    [Anonymous Symbol]                       0x08006218   Section        0  stm32h7xx_hal_uart_ex.o(.text.HAL_UARTEx_SetTxFifoThreshold)
    [Anonymous Symbol]                       0x080062a8   Section        0  stm32h7xx_hal_uart_ex.o(.text.HAL_UARTEx_TxFifoEmptyCallback)
    [Anonymous Symbol]                       0x080062b0   Section        0  stm32h7xx_hal_uart_ex.o(.text.HAL_UARTEx_WakeupCallback)
    [Anonymous Symbol]                       0x080062b8   Section        0  stm32h7xx_hal_uart.o(.text.HAL_UART_ErrorCallback)
    [Anonymous Symbol]                       0x080062c0   Section        0  stm32h7xx_hal_uart.o(.text.HAL_UART_GetState)
    [Anonymous Symbol]                       0x080062d0   Section        0  stm32h7xx_hal_uart.o(.text.HAL_UART_IRQHandler)
    [Anonymous Symbol]                       0x080065d8   Section        0  stm32h7xx_hal_uart.o(.text.HAL_UART_Init)
    [Anonymous Symbol]                       0x08006640   Section        0  usart.o(.text.HAL_UART_MspInit)
    [Anonymous Symbol]                       0x080066c8   Section        0  stm32h7xx_hal_uart.o(.text.HAL_UART_Receive_IT)
    [Anonymous Symbol]                       0x08006728   Section        0  debug.o(.text.HAL_UART_RxCpltCallback)
    [Anonymous Symbol]                       0x080067d0   Section        0  stm32h7xx_hal_uart.o(.text.HAL_UART_Transmit)
    [Anonymous Symbol]                       0x080068b0   Section        0  stm32h7xx_hal_uart.o(.text.HAL_UART_TxCpltCallback)
    [Anonymous Symbol]                       0x080068b8   Section        0  stm32h7xx_it.o(.text.HardFault_Handler)
    [Anonymous Symbol]                       0x080068c0   Section        0  adc.o(.text.MX_ADC1_Init)
    [Anonymous Symbol]                       0x08006970   Section        0  dma.o(.text.MX_DMA_Init)
    [Anonymous Symbol]                       0x080069a8   Section        0  gpio.o(.text.MX_GPIO_Init)
    [Anonymous Symbol]                       0x080069f0   Section        0  tim.o(.text.MX_TIM1_Init)
    [Anonymous Symbol]                       0x08006b40   Section        0  usart.o(.text.MX_UART4_Init)
    [Anonymous Symbol]                       0x08006bc0   Section        0  stm32h7xx_it.o(.text.MemManage_Handler)
    [Anonymous Symbol]                       0x08006bc8   Section        0  stm32h7xx_it.o(.text.NMI_Handler)
    [Anonymous Symbol]                       0x08006bd0   Section        0  stm32h7xx_it.o(.text.PendSV_Handler)
    RCCEx_PLL2_Config                        0x08006bd9   Thumb Code   290  stm32h7xx_hal_rcc_ex.o(.text.RCCEx_PLL2_Config)
    [Anonymous Symbol]                       0x08006bd8   Section        0  stm32h7xx_hal_rcc_ex.o(.text.RCCEx_PLL2_Config)
    RCCEx_PLL3_Config                        0x08006d01   Thumb Code   290  stm32h7xx_hal_rcc_ex.o(.text.RCCEx_PLL3_Config)
    [Anonymous Symbol]                       0x08006d00   Section        0  stm32h7xx_hal_rcc_ex.o(.text.RCCEx_PLL3_Config)
    [Anonymous Symbol]                       0x08006e28   Section        0  stm32h7xx_it.o(.text.SVC_Handler)
    [Anonymous Symbol]                       0x08006e30   Section        0  stm32h7xx_it.o(.text.SysTick_Handler)
    [Anonymous Symbol]                       0x08006e38   Section        0  main.o(.text.SystemClock_Config)
    [Anonymous Symbol]                       0x08006f28   Section        0  system_stm32h7xx.o(.text.SystemInit)
    [Anonymous Symbol]                       0x08007008   Section        0  stm32h7xx_it.o(.text.TIM1_UP_IRQHandler)
    [Anonymous Symbol]                       0x08007018   Section        0  stm32h7xx_hal_tim.o(.text.TIM_Base_SetConfig)
    [Anonymous Symbol]                       0x08007170   Section        0  debug.o(.text.UART4_IRQHandler)
    [Anonymous Symbol]                       0x08007218   Section        0  stm32h7xx_hal_uart.o(.text.UART_AdvFeatureConfig)
    [Anonymous Symbol]                       0x080072f8   Section        0  stm32h7xx_hal_uart.o(.text.UART_CheckIdleState)
    UART_DMAAbortOnError                     0x08007409   Thumb Code    16  stm32h7xx_hal_uart.o(.text.UART_DMAAbortOnError)
    [Anonymous Symbol]                       0x08007408   Section        0  stm32h7xx_hal_uart.o(.text.UART_DMAAbortOnError)
    UART_RxISR_16BIT                         0x08007419   Thumb Code   132  stm32h7xx_hal_uart.o(.text.UART_RxISR_16BIT)
    [Anonymous Symbol]                       0x08007418   Section        0  stm32h7xx_hal_uart.o(.text.UART_RxISR_16BIT)
    UART_RxISR_16BIT_FIFOEN                  0x080074a1   Thumb Code   328  stm32h7xx_hal_uart.o(.text.UART_RxISR_16BIT_FIFOEN)
    [Anonymous Symbol]                       0x080074a0   Section        0  stm32h7xx_hal_uart.o(.text.UART_RxISR_16BIT_FIFOEN)
    UART_RxISR_8BIT                          0x080075e9   Thumb Code   136  stm32h7xx_hal_uart.o(.text.UART_RxISR_8BIT)
    [Anonymous Symbol]                       0x080075e8   Section        0  stm32h7xx_hal_uart.o(.text.UART_RxISR_8BIT)
    UART_RxISR_8BIT_FIFOEN                   0x08007671   Thumb Code   332  stm32h7xx_hal_uart.o(.text.UART_RxISR_8BIT_FIFOEN)
    [Anonymous Symbol]                       0x08007670   Section        0  stm32h7xx_hal_uart.o(.text.UART_RxISR_8BIT_FIFOEN)
    [Anonymous Symbol]                       0x080077c0   Section        0  stm32h7xx_hal_uart.o(.text.UART_SetConfig)
    [Anonymous Symbol]                       0x08007c60   Section        0  stm32h7xx_hal_uart.o(.text.UART_Start_Receive_IT)
    [Anonymous Symbol]                       0x08007d40   Section        0  stm32h7xx_hal_uart.o(.text.UART_WaitOnFlagUntilTimeout)
    [Anonymous Symbol]                       0x08007e40   Section        0  stm32h7xx_it.o(.text.UsageFault_Handler)
    [Anonymous Symbol]                       0x08007e48   Section        0  main.o(.text.main)
    i.__0sprintf$1                           0x08007f5c   Section        0  printf1.o(i.__0sprintf$1)
    i.__scatterload_copy                     0x08007f84   Section       14  handlers.o(i.__scatterload_copy)
    i.__scatterload_null                     0x08007f92   Section        2  handlers.o(i.__scatterload_null)
    i.__scatterload_zeroinit                 0x08007f94   Section       14  handlers.o(i.__scatterload_zeroinit)
    _printf_core                             0x08007fa5   Thumb Code   336  printf1.o(i._printf_core)
    i._printf_core                           0x08007fa4   Section        0  printf1.o(i._printf_core)
    _sputc                                   0x080080f9   Thumb Code    10  printf1.o(i._sputc)
    i._sputc                                 0x080080f8   Section        0  printf1.o(i._sputc)
    .Lswitch.table.UART_SetConfig.5          0x08008102   Data           6  stm32h7xx_hal_uart.o(.rodata..Lswitch.table.UART_SetConfig.5)
    .Lswitch.table.UART_SetConfig.7          0x08008108   Data           6  stm32h7xx_hal_uart.o(.rodata..Lswitch.table.UART_SetConfig.7)
    UARTEx_SetNbDataToProcess.numerator      0x08008136   Data           8  stm32h7xx_hal_uart_ex.o(.rodata.cst8)
    [Anonymous Symbol]                       0x08008136   Section        0  stm32h7xx_hal_uart_ex.o(.rodata.cst8)
    UARTEx_SetNbDataToProcess.denominator    0x0800813e   Data           8  stm32h7xx_hal_uart_ex.o(.rodata.cst8)
    .L_MergedGlobals                         0x24000000   Data           8  debug.o(.data..L_MergedGlobals)
    device_er                                0x24000000   Data           2  debug.o(.data..L_MergedGlobals)
    [Anonymous Symbol]                       0x24000000   Section        0  debug.o(.data..L_MergedGlobals)
    .L_MergedGlobals                         0x24000008   Data           8  stm32h7xx_hal.o(.data..L_MergedGlobals)
    [Anonymous Symbol]                       0x24000008   Section        0  stm32h7xx_hal.o(.data..L_MergedGlobals)
    .L_MergedGlobals                         0x24000010   Data           8  system_stm32h7xx.o(.data..L_MergedGlobals)
    [Anonymous Symbol]                       0x24000010   Section        0  system_stm32h7xx.o(.data..L_MergedGlobals)
    .L_MergedGlobals.1                       0x24000018   Data           4  debug.o(.bss..L_MergedGlobals.1)
    [Anonymous Symbol]                       0x24000018   Section        0  debug.o(.bss..L_MergedGlobals.1)
    STACK                                    0x24001758   Section     4096  startup_stm32h750xx.o(STACK)

    Global Symbols

    Symbol Name                              Value     Ov Type        Size  Object(Section)

    BuildAttributes$$THM_ISAv4$E$P$D$K$B$S$7EM$VFPv5_D16$PE$PLD8$A:L22UL41UL21$X:L11$S22US41US21$IEEE1$IW$~IW$USESV6$~STKCKD$USESV7$~SHL$OTIME$ROPI$EBA8$MICROLIB$REQ8$PRES8$EABIv2 0x00000000   Number         0  anon$$obj.o ABSOLUTE
    _printf_a                                0x00000000   Number         0  printfstubs.o ABSOLUTE
    _printf_c                                0x00000000   Number         0  printfstubs.o ABSOLUTE
    _printf_charcount                        0x00000000   Number         0  printfstubs.o ABSOLUTE
    _printf_d                                0x00000000   Number         0  printfstubs.o ABSOLUTE
    _printf_e                                0x00000000   Number         0  printfstubs.o ABSOLUTE
    _printf_f                                0x00000000   Number         0  printfstubs.o ABSOLUTE
    _printf_flags                            0x00000000   Number         0  printfstubs.o ABSOLUTE
    _printf_fp_dec                           0x00000000   Number         0  printfstubs.o ABSOLUTE
    _printf_fp_hex                           0x00000000   Number         0  printfstubs.o ABSOLUTE
    _printf_g                                0x00000000   Number         0  printfstubs.o ABSOLUTE
    _printf_i                                0x00000000   Number         0  printfstubs.o ABSOLUTE
    _printf_int_dec                          0x00000000   Number         0  printfstubs.o ABSOLUTE
    _printf_l                                0x00000000   Number         0  printfstubs.o ABSOLUTE
    _printf_lc                               0x00000000   Number         0  printfstubs.o ABSOLUTE
    _printf_ll                               0x00000000   Number         0  printfstubs.o ABSOLUTE
    _printf_lld                              0x00000000   Number         0  printfstubs.o ABSOLUTE
    _printf_lli                              0x00000000   Number         0  printfstubs.o ABSOLUTE
    _printf_llo                              0x00000000   Number         0  printfstubs.o ABSOLUTE
    _printf_llu                              0x00000000   Number         0  printfstubs.o ABSOLUTE
    _printf_llx                              0x00000000   Number         0  printfstubs.o ABSOLUTE
    _printf_longlong_dec                     0x00000000   Number         0  printfstubs.o ABSOLUTE
    _printf_longlong_hex                     0x00000000   Number         0  printfstubs.o ABSOLUTE
    _printf_longlong_oct                     0x00000000   Number         0  printfstubs.o ABSOLUTE
    _printf_ls                               0x00000000   Number         0  printfstubs.o ABSOLUTE
    _printf_mbtowc                           0x00000000   Number         0  printfstubs.o ABSOLUTE
    _printf_n                                0x00000000   Number         0  printfstubs.o ABSOLUTE
    _printf_o                                0x00000000   Number         0  printfstubs.o ABSOLUTE
    _printf_p                                0x00000000   Number         0  printfstubs.o ABSOLUTE
    _printf_percent                          0x00000000   Number         0  printfstubs.o ABSOLUTE
    _printf_pre_padding                      0x00000000   Number         0  printfstubs.o ABSOLUTE
    _printf_return_value                     0x00000000   Number         0  printfstubs.o ABSOLUTE
    _printf_s                                0x00000000   Number         0  printfstubs.o ABSOLUTE
    _printf_sizespec                         0x00000000   Number         0  printfstubs.o ABSOLUTE
    _printf_str                              0x00000000   Number         0  printfstubs.o ABSOLUTE
    _printf_truncate_signed                  0x00000000   Number         0  printfstubs.o ABSOLUTE
    _printf_truncate_unsigned                0x00000000   Number         0  printfstubs.o ABSOLUTE
    _printf_u                                0x00000000   Number         0  printfstubs.o ABSOLUTE
    _printf_wc                               0x00000000   Number         0  printfstubs.o ABSOLUTE
    _printf_wctomb                           0x00000000   Number         0  printfstubs.o ABSOLUTE
    _printf_widthprec                        0x00000000   Number         0  printfstubs.o ABSOLUTE
    _printf_x                                0x00000000   Number         0  printfstubs.o ABSOLUTE
    __cpp_initialize__aeabi_                  - Undefined Weak Reference
    __cxa_finalize                            - Undefined Weak Reference
    __decompress                              - Undefined Weak Reference
    _clock_init                               - Undefined Weak Reference
    _microlib_exit                            - Undefined Weak Reference
    __Vectors_Size                           0x00000298   Number         0  startup_stm32h750xx.o ABSOLUTE
    __Vectors                                0x08000000   Data           4  startup_stm32h750xx.o(RESET)
    __Vectors_End                            0x08000298   Data           0  startup_stm32h750xx.o(RESET)
    __main                                   0x08000299   Thumb Code     0  entry.o(.ARM.Collect$$$$00000000)
    _main_stk                                0x08000299   Thumb Code     0  entry2.o(.ARM.Collect$$$$00000001)
    _main_scatterload                        0x0800029d   Thumb Code     0  entry5.o(.ARM.Collect$$$$00000004)
    __main_after_scatterload                 0x080002a1   Thumb Code     0  entry5.o(.ARM.Collect$$$$00000004)
    _main_clock                              0x080002a1   Thumb Code     0  entry7b.o(.ARM.Collect$$$$00000008)
    _main_cpp_init                           0x080002a1   Thumb Code     0  entry8b.o(.ARM.Collect$$$$0000000A)
    _main_init                               0x080002a1   Thumb Code     0  entry9a.o(.ARM.Collect$$$$0000000B)
    __rt_final_cpp                           0x080002a9   Thumb Code     0  entry10a.o(.ARM.Collect$$$$0000000D)
    __rt_final_exit                          0x080002a9   Thumb Code     0  entry11a.o(.ARM.Collect$$$$0000000F)
    Reset_Handler                            0x080002ad   Thumb Code     8  startup_stm32h750xx.o(.text)
    ADC3_IRQHandler                          0x080002c7   Thumb Code     0  startup_stm32h750xx.o(.text)
    BDMA_Channel0_IRQHandler                 0x080002c7   Thumb Code     0  startup_stm32h750xx.o(.text)
    BDMA_Channel1_IRQHandler                 0x080002c7   Thumb Code     0  startup_stm32h750xx.o(.text)
    BDMA_Channel2_IRQHandler                 0x080002c7   Thumb Code     0  startup_stm32h750xx.o(.text)
    BDMA_Channel3_IRQHandler                 0x080002c7   Thumb Code     0  startup_stm32h750xx.o(.text)
    BDMA_Channel4_IRQHandler                 0x080002c7   Thumb Code     0  startup_stm32h750xx.o(.text)
    BDMA_Channel5_IRQHandler                 0x080002c7   Thumb Code     0  startup_stm32h750xx.o(.text)
    BDMA_Channel6_IRQHandler                 0x080002c7   Thumb Code     0  startup_stm32h750xx.o(.text)
    BDMA_Channel7_IRQHandler                 0x080002c7   Thumb Code     0  startup_stm32h750xx.o(.text)
    CEC_IRQHandler                           0x080002c7   Thumb Code     0  startup_stm32h750xx.o(.text)
    COMP1_IRQHandler                         0x080002c7   Thumb Code     0  startup_stm32h750xx.o(.text)
    CRS_IRQHandler                           0x080002c7   Thumb Code     0  startup_stm32h750xx.o(.text)
    CRYP_IRQHandler                          0x080002c7   Thumb Code     0  startup_stm32h750xx.o(.text)
    DCMI_IRQHandler                          0x080002c7   Thumb Code     0  startup_stm32h750xx.o(.text)
    DFSDM1_FLT0_IRQHandler                   0x080002c7   Thumb Code     0  startup_stm32h750xx.o(.text)
    DFSDM1_FLT1_IRQHandler                   0x080002c7   Thumb Code     0  startup_stm32h750xx.o(.text)
    DFSDM1_FLT2_IRQHandler                   0x080002c7   Thumb Code     0  startup_stm32h750xx.o(.text)
    DFSDM1_FLT3_IRQHandler                   0x080002c7   Thumb Code     0  startup_stm32h750xx.o(.text)
    DMA1_Stream1_IRQHandler                  0x080002c7   Thumb Code     0  startup_stm32h750xx.o(.text)
    DMA1_Stream2_IRQHandler                  0x080002c7   Thumb Code     0  startup_stm32h750xx.o(.text)
    DMA1_Stream3_IRQHandler                  0x080002c7   Thumb Code     0  startup_stm32h750xx.o(.text)
    DMA1_Stream4_IRQHandler                  0x080002c7   Thumb Code     0  startup_stm32h750xx.o(.text)
    DMA1_Stream5_IRQHandler                  0x080002c7   Thumb Code     0  startup_stm32h750xx.o(.text)
    DMA1_Stream6_IRQHandler                  0x080002c7   Thumb Code     0  startup_stm32h750xx.o(.text)
    DMA1_Stream7_IRQHandler                  0x080002c7   Thumb Code     0  startup_stm32h750xx.o(.text)
    DMA2D_IRQHandler                         0x080002c7   Thumb Code     0  startup_stm32h750xx.o(.text)
    DMA2_Stream0_IRQHandler                  0x080002c7   Thumb Code     0  startup_stm32h750xx.o(.text)
    DMA2_Stream1_IRQHandler                  0x080002c7   Thumb Code     0  startup_stm32h750xx.o(.text)
    DMA2_Stream2_IRQHandler                  0x080002c7   Thumb Code     0  startup_stm32h750xx.o(.text)
    DMA2_Stream3_IRQHandler                  0x080002c7   Thumb Code     0  startup_stm32h750xx.o(.text)
    DMA2_Stream4_IRQHandler                  0x080002c7   Thumb Code     0  startup_stm32h750xx.o(.text)
    DMA2_Stream5_IRQHandler                  0x080002c7   Thumb Code     0  startup_stm32h750xx.o(.text)
    DMA2_Stream6_IRQHandler                  0x080002c7   Thumb Code     0  startup_stm32h750xx.o(.text)
    DMA2_Stream7_IRQHandler                  0x080002c7   Thumb Code     0  startup_stm32h750xx.o(.text)
    DMAMUX1_OVR_IRQHandler                   0x080002c7   Thumb Code     0  startup_stm32h750xx.o(.text)
    DMAMUX2_OVR_IRQHandler                   0x080002c7   Thumb Code     0  startup_stm32h750xx.o(.text)
    ECC_IRQHandler                           0x080002c7   Thumb Code     0  startup_stm32h750xx.o(.text)
    ETH_IRQHandler                           0x080002c7   Thumb Code     0  startup_stm32h750xx.o(.text)
    ETH_WKUP_IRQHandler                      0x080002c7   Thumb Code     0  startup_stm32h750xx.o(.text)
    EXTI0_IRQHandler                         0x080002c7   Thumb Code     0  startup_stm32h750xx.o(.text)
    EXTI15_10_IRQHandler                     0x080002c7   Thumb Code     0  startup_stm32h750xx.o(.text)
    EXTI1_IRQHandler                         0x080002c7   Thumb Code     0  startup_stm32h750xx.o(.text)
    EXTI2_IRQHandler                         0x080002c7   Thumb Code     0  startup_stm32h750xx.o(.text)
    EXTI3_IRQHandler                         0x080002c7   Thumb Code     0  startup_stm32h750xx.o(.text)
    EXTI4_IRQHandler                         0x080002c7   Thumb Code     0  startup_stm32h750xx.o(.text)
    EXTI9_5_IRQHandler                       0x080002c7   Thumb Code     0  startup_stm32h750xx.o(.text)
    FDCAN1_IT0_IRQHandler                    0x080002c7   Thumb Code     0  startup_stm32h750xx.o(.text)
    FDCAN1_IT1_IRQHandler                    0x080002c7   Thumb Code     0  startup_stm32h750xx.o(.text)
    FDCAN2_IT0_IRQHandler                    0x080002c7   Thumb Code     0  startup_stm32h750xx.o(.text)
    FDCAN2_IT1_IRQHandler                    0x080002c7   Thumb Code     0  startup_stm32h750xx.o(.text)
    FDCAN_CAL_IRQHandler                     0x080002c7   Thumb Code     0  startup_stm32h750xx.o(.text)
    FLASH_IRQHandler                         0x080002c7   Thumb Code     0  startup_stm32h750xx.o(.text)
    FMC_IRQHandler                           0x080002c7   Thumb Code     0  startup_stm32h750xx.o(.text)
    FPU_IRQHandler                           0x080002c7   Thumb Code     0  startup_stm32h750xx.o(.text)
    HASH_RNG_IRQHandler                      0x080002c7   Thumb Code     0  startup_stm32h750xx.o(.text)
    HRTIM1_FLT_IRQHandler                    0x080002c7   Thumb Code     0  startup_stm32h750xx.o(.text)
    HRTIM1_Master_IRQHandler                 0x080002c7   Thumb Code     0  startup_stm32h750xx.o(.text)
    HRTIM1_TIMA_IRQHandler                   0x080002c7   Thumb Code     0  startup_stm32h750xx.o(.text)
    HRTIM1_TIMB_IRQHandler                   0x080002c7   Thumb Code     0  startup_stm32h750xx.o(.text)
    HRTIM1_TIMC_IRQHandler                   0x080002c7   Thumb Code     0  startup_stm32h750xx.o(.text)
    HRTIM1_TIMD_IRQHandler                   0x080002c7   Thumb Code     0  startup_stm32h750xx.o(.text)
    HRTIM1_TIME_IRQHandler                   0x080002c7   Thumb Code     0  startup_stm32h750xx.o(.text)
    HSEM1_IRQHandler                         0x080002c7   Thumb Code     0  startup_stm32h750xx.o(.text)
    I2C1_ER_IRQHandler                       0x080002c7   Thumb Code     0  startup_stm32h750xx.o(.text)
    I2C1_EV_IRQHandler                       0x080002c7   Thumb Code     0  startup_stm32h750xx.o(.text)
    I2C2_ER_IRQHandler                       0x080002c7   Thumb Code     0  startup_stm32h750xx.o(.text)
    I2C2_EV_IRQHandler                       0x080002c7   Thumb Code     0  startup_stm32h750xx.o(.text)
    I2C3_ER_IRQHandler                       0x080002c7   Thumb Code     0  startup_stm32h750xx.o(.text)
    I2C3_EV_IRQHandler                       0x080002c7   Thumb Code     0  startup_stm32h750xx.o(.text)
    I2C4_ER_IRQHandler                       0x080002c7   Thumb Code     0  startup_stm32h750xx.o(.text)
    I2C4_EV_IRQHandler                       0x080002c7   Thumb Code     0  startup_stm32h750xx.o(.text)
    JPEG_IRQHandler                          0x080002c7   Thumb Code     0  startup_stm32h750xx.o(.text)
    LPTIM1_IRQHandler                        0x080002c7   Thumb Code     0  startup_stm32h750xx.o(.text)
    LPTIM2_IRQHandler                        0x080002c7   Thumb Code     0  startup_stm32h750xx.o(.text)
    LPTIM3_IRQHandler                        0x080002c7   Thumb Code     0  startup_stm32h750xx.o(.text)
    LPTIM4_IRQHandler                        0x080002c7   Thumb Code     0  startup_stm32h750xx.o(.text)
    LPTIM5_IRQHandler                        0x080002c7   Thumb Code     0  startup_stm32h750xx.o(.text)
    LPUART1_IRQHandler                       0x080002c7   Thumb Code     0  startup_stm32h750xx.o(.text)
    LTDC_ER_IRQHandler                       0x080002c7   Thumb Code     0  startup_stm32h750xx.o(.text)
    LTDC_IRQHandler                          0x080002c7   Thumb Code     0  startup_stm32h750xx.o(.text)
    MDIOS_IRQHandler                         0x080002c7   Thumb Code     0  startup_stm32h750xx.o(.text)
    MDIOS_WKUP_IRQHandler                    0x080002c7   Thumb Code     0  startup_stm32h750xx.o(.text)
    MDMA_IRQHandler                          0x080002c7   Thumb Code     0  startup_stm32h750xx.o(.text)
    OTG_FS_EP1_IN_IRQHandler                 0x080002c7   Thumb Code     0  startup_stm32h750xx.o(.text)
    OTG_FS_EP1_OUT_IRQHandler                0x080002c7   Thumb Code     0  startup_stm32h750xx.o(.text)
    OTG_FS_IRQHandler                        0x080002c7   Thumb Code     0  startup_stm32h750xx.o(.text)
    OTG_FS_WKUP_IRQHandler                   0x080002c7   Thumb Code     0  startup_stm32h750xx.o(.text)
    OTG_HS_EP1_IN_IRQHandler                 0x080002c7   Thumb Code     0  startup_stm32h750xx.o(.text)
    OTG_HS_EP1_OUT_IRQHandler                0x080002c7   Thumb Code     0  startup_stm32h750xx.o(.text)
    OTG_HS_IRQHandler                        0x080002c7   Thumb Code     0  startup_stm32h750xx.o(.text)
    OTG_HS_WKUP_IRQHandler                   0x080002c7   Thumb Code     0  startup_stm32h750xx.o(.text)
    PVD_AVD_IRQHandler                       0x080002c7   Thumb Code     0  startup_stm32h750xx.o(.text)
    QUADSPI_IRQHandler                       0x080002c7   Thumb Code     0  startup_stm32h750xx.o(.text)
    RCC_IRQHandler                           0x080002c7   Thumb Code     0  startup_stm32h750xx.o(.text)
    RTC_Alarm_IRQHandler                     0x080002c7   Thumb Code     0  startup_stm32h750xx.o(.text)
    RTC_WKUP_IRQHandler                      0x080002c7   Thumb Code     0  startup_stm32h750xx.o(.text)
    SAI1_IRQHandler                          0x080002c7   Thumb Code     0  startup_stm32h750xx.o(.text)
    SAI2_IRQHandler                          0x080002c7   Thumb Code     0  startup_stm32h750xx.o(.text)
    SAI3_IRQHandler                          0x080002c7   Thumb Code     0  startup_stm32h750xx.o(.text)
    SAI4_IRQHandler                          0x080002c7   Thumb Code     0  startup_stm32h750xx.o(.text)
    SDMMC1_IRQHandler                        0x080002c7   Thumb Code     0  startup_stm32h750xx.o(.text)
    SDMMC2_IRQHandler                        0x080002c7   Thumb Code     0  startup_stm32h750xx.o(.text)
    SPDIF_RX_IRQHandler                      0x080002c7   Thumb Code     0  startup_stm32h750xx.o(.text)
    SPI1_IRQHandler                          0x080002c7   Thumb Code     0  startup_stm32h750xx.o(.text)
    SPI2_IRQHandler                          0x080002c7   Thumb Code     0  startup_stm32h750xx.o(.text)
    SPI3_IRQHandler                          0x080002c7   Thumb Code     0  startup_stm32h750xx.o(.text)
    SPI4_IRQHandler                          0x080002c7   Thumb Code     0  startup_stm32h750xx.o(.text)
    SPI5_IRQHandler                          0x080002c7   Thumb Code     0  startup_stm32h750xx.o(.text)
    SPI6_IRQHandler                          0x080002c7   Thumb Code     0  startup_stm32h750xx.o(.text)
    SWPMI1_IRQHandler                        0x080002c7   Thumb Code     0  startup_stm32h750xx.o(.text)
    TAMP_STAMP_IRQHandler                    0x080002c7   Thumb Code     0  startup_stm32h750xx.o(.text)
    TIM15_IRQHandler                         0x080002c7   Thumb Code     0  startup_stm32h750xx.o(.text)
    TIM16_IRQHandler                         0x080002c7   Thumb Code     0  startup_stm32h750xx.o(.text)
    TIM17_IRQHandler                         0x080002c7   Thumb Code     0  startup_stm32h750xx.o(.text)
    TIM1_BRK_IRQHandler                      0x080002c7   Thumb Code     0  startup_stm32h750xx.o(.text)
    TIM1_CC_IRQHandler                       0x080002c7   Thumb Code     0  startup_stm32h750xx.o(.text)
    TIM1_TRG_COM_IRQHandler                  0x080002c7   Thumb Code     0  startup_stm32h750xx.o(.text)
    TIM2_IRQHandler                          0x080002c7   Thumb Code     0  startup_stm32h750xx.o(.text)
    TIM3_IRQHandler                          0x080002c7   Thumb Code     0  startup_stm32h750xx.o(.text)
    TIM4_IRQHandler                          0x080002c7   Thumb Code     0  startup_stm32h750xx.o(.text)
    TIM5_IRQHandler                          0x080002c7   Thumb Code     0  startup_stm32h750xx.o(.text)
    TIM6_DAC_IRQHandler                      0x080002c7   Thumb Code     0  startup_stm32h750xx.o(.text)
    TIM7_IRQHandler                          0x080002c7   Thumb Code     0  startup_stm32h750xx.o(.text)
    TIM8_BRK_TIM12_IRQHandler                0x080002c7   Thumb Code     0  startup_stm32h750xx.o(.text)
    TIM8_CC_IRQHandler                       0x080002c7   Thumb Code     0  startup_stm32h750xx.o(.text)
    TIM8_TRG_COM_TIM14_IRQHandler            0x080002c7   Thumb Code     0  startup_stm32h750xx.o(.text)
    TIM8_UP_TIM13_IRQHandler                 0x080002c7   Thumb Code     0  startup_stm32h750xx.o(.text)
    UART5_IRQHandler                         0x080002c7   Thumb Code     0  startup_stm32h750xx.o(.text)
    UART7_IRQHandler                         0x080002c7   Thumb Code     0  startup_stm32h750xx.o(.text)
    UART8_IRQHandler                         0x080002c7   Thumb Code     0  startup_stm32h750xx.o(.text)
    USART1_IRQHandler                        0x080002c7   Thumb Code     0  startup_stm32h750xx.o(.text)
    USART2_IRQHandler                        0x080002c7   Thumb Code     0  startup_stm32h750xx.o(.text)
    USART3_IRQHandler                        0x080002c7   Thumb Code     0  startup_stm32h750xx.o(.text)
    USART6_IRQHandler                        0x080002c7   Thumb Code     0  startup_stm32h750xx.o(.text)
    WAKEUP_PIN_IRQHandler                    0x080002c7   Thumb Code     0  startup_stm32h750xx.o(.text)
    WWDG_IRQHandler                          0x080002c7   Thumb Code     0  startup_stm32h750xx.o(.text)
    __aeabi_uldivmod                         0x080002d1   Thumb Code    98  uldiv.o(.text)
    __aeabi_memset                           0x08000333   Thumb Code    14  memseta.o(.text)
    __aeabi_memset4                          0x08000333   Thumb Code     0  memseta.o(.text)
    __aeabi_memset8                          0x08000333   Thumb Code     0  memseta.o(.text)
    __aeabi_memclr                           0x08000341   Thumb Code     4  memseta.o(.text)
    __aeabi_memclr4                          0x08000341   Thumb Code     0  memseta.o(.text)
    __aeabi_memclr8                          0x08000341   Thumb Code     0  memseta.o(.text)
    _memset$wrapper                          0x08000345   Thumb Code    18  memseta.o(.text)
    __aeabi_uidiv                            0x08000357   Thumb Code     0  uidiv.o(.text)
    __aeabi_uidivmod                         0x08000357   Thumb Code    44  uidiv.o(.text)
    __aeabi_llsl                             0x08000383   Thumb Code    30  llshl.o(.text)
    _ll_shift_l                              0x08000383   Thumb Code     0  llshl.o(.text)
    __aeabi_llsr                             0x080003a1   Thumb Code    32  llushr.o(.text)
    _ll_ushift_r                             0x080003a1   Thumb Code     0  llushr.o(.text)
    __scatterload                            0x080003c1   Thumb Code    28  init.o(.text)
    __scatterload_rt2                        0x080003c1   Thumb Code     0  init.o(.text)
    ADC_ConfigureBoostMode                   0x080003e9   Thumb Code   296  stm32h7xx_hal_adc.o(.text.ADC_ConfigureBoostMode)
    ADC_ConversionStop                       0x08000511   Thumb Code   244  stm32h7xx_hal_adc.o(.text.ADC_ConversionStop)
    ADC_DMAConvCplt                          0x08000609   Thumb Code    94  stm32h7xx_hal_adc.o(.text.ADC_DMAConvCplt)
    ADC_DMAError                             0x08000669   Thumb Code    22  stm32h7xx_hal_adc.o(.text.ADC_DMAError)
    ADC_DMAHalfConvCplt                      0x08000681   Thumb Code     6  stm32h7xx_hal_adc.o(.text.ADC_DMAHalfConvCplt)
    ADC_Enable                               0x08000689   Thumb Code   186  stm32h7xx_hal_adc.o(.text.ADC_Enable)
    ADC_IRQHandler                           0x08000749   Thumb Code    12  stm32h7xx_it.o(.text.ADC_IRQHandler)
    BusFault_Handler                         0x08000759   Thumb Code     2  stm32h7xx_it.o(.text.BusFault_Handler)
    DMA1_Stream0_IRQHandler                  0x08000761   Thumb Code    12  stm32h7xx_it.o(.text.DMA1_Stream0_IRQHandler)
    DebugMon_Handler                         0x08000ba9   Thumb Code     2  stm32h7xx_it.o(.text.DebugMon_Handler)
    Error_Handler                            0x08000bb1   Thumb Code    10  main.o(.text.Error_Handler)
    HAL_ADCEx_EndOfSamplingCallback          0x08000bc1   Thumb Code     2  stm32h7xx_hal_adc_ex.o(.text.HAL_ADCEx_EndOfSamplingCallback)
    HAL_ADCEx_InjectedConvCpltCallback       0x08000bc9   Thumb Code     2  stm32h7xx_hal_adc_ex.o(.text.HAL_ADCEx_InjectedConvCpltCallback)
    HAL_ADCEx_InjectedQueueOverflowCallback  0x08000bd1   Thumb Code     2  stm32h7xx_hal_adc_ex.o(.text.HAL_ADCEx_InjectedQueueOverflowCallback)
    HAL_ADCEx_LevelOutOfWindow2Callback      0x08000bd9   Thumb Code     2  stm32h7xx_hal_adc_ex.o(.text.HAL_ADCEx_LevelOutOfWindow2Callback)
    HAL_ADCEx_LevelOutOfWindow3Callback      0x08000be1   Thumb Code     2  stm32h7xx_hal_adc_ex.o(.text.HAL_ADCEx_LevelOutOfWindow3Callback)
    HAL_ADCEx_MultiModeConfigChannel         0x08000be9   Thumb Code   184  stm32h7xx_hal_adc_ex.o(.text.HAL_ADCEx_MultiModeConfigChannel)
    HAL_ADC_ConfigChannel                    0x08000ca1   Thumb Code   972  stm32h7xx_hal_adc.o(.text.HAL_ADC_ConfigChannel)
    HAL_ADC_ConvCpltCallback                 0x08001071   Thumb Code    58  main.o(.text.HAL_ADC_ConvCpltCallback)
    HAL_ADC_ConvHalfCpltCallback             0x080010b1   Thumb Code     2  stm32h7xx_hal_adc.o(.text.HAL_ADC_ConvHalfCpltCallback)
    HAL_ADC_ErrorCallback                    0x080010b9   Thumb Code     2  stm32h7xx_hal_adc.o(.text.HAL_ADC_ErrorCallback)
    HAL_ADC_IRQHandler                       0x080010c1   Thumb Code   684  stm32h7xx_hal_adc.o(.text.HAL_ADC_IRQHandler)
    HAL_ADC_Init                             0x08001371   Thumb Code   626  stm32h7xx_hal_adc.o(.text.HAL_ADC_Init)
    HAL_ADC_LevelOutOfWindowCallback         0x080015e9   Thumb Code     2  stm32h7xx_hal_adc.o(.text.HAL_ADC_LevelOutOfWindowCallback)
    HAL_ADC_MspInit                          0x080015f1   Thumb Code   236  adc.o(.text.HAL_ADC_MspInit)
    HAL_ADC_Start_DMA                        0x080016e1   Thumb Code   286  stm32h7xx_hal_adc.o(.text.HAL_ADC_Start_DMA)
    HAL_ADC_Stop_DMA                         0x08001801   Thumb Code   336  stm32h7xx_hal_adc.o(.text.HAL_ADC_Stop_DMA)
    HAL_DMA_Abort                            0x08001951   Thumb Code  1324  stm32h7xx_hal_dma.o(.text.HAL_DMA_Abort)
    HAL_DMA_Abort_IT                         0x08001e81   Thumb Code   698  stm32h7xx_hal_dma.o(.text.HAL_DMA_Abort_IT)
    HAL_DMA_IRQHandler                       0x08002141   Thumb Code  2096  stm32h7xx_hal_dma.o(.text.HAL_DMA_IRQHandler)
    HAL_DMA_Init                             0x08002971   Thumb Code  1674  stm32h7xx_hal_dma.o(.text.HAL_DMA_Init)
    HAL_DMA_Start_IT                         0x08003001   Thumb Code   930  stm32h7xx_hal_dma.o(.text.HAL_DMA_Start_IT)
    HAL_GPIO_Init                            0x080033a9   Thumb Code   486  stm32h7xx_hal_gpio.o(.text.HAL_GPIO_Init)
    HAL_GetREVID                             0x08003591   Thumb Code    14  stm32h7xx_hal.o(.text.HAL_GetREVID)
    HAL_GetTick                              0x080035a1   Thumb Code    12  stm32h7xx_hal.o(.text.HAL_GetTick)
    HAL_IncTick                              0x080035b1   Thumb Code    26  stm32h7xx_hal.o(.text.HAL_IncTick)
    HAL_Init                                 0x080035d1   Thumb Code   100  stm32h7xx_hal.o(.text.HAL_Init)
    HAL_InitTick                             0x08003639   Thumb Code    76  stm32h7xx_hal.o(.text.HAL_InitTick)
    HAL_MspInit                              0x08003689   Thumb Code    70  stm32h7xx_hal_msp.o(.text.HAL_MspInit)
    HAL_NVIC_EnableIRQ                       0x080036d1   Thumb Code    32  stm32h7xx_hal_cortex.o(.text.HAL_NVIC_EnableIRQ)
    HAL_NVIC_SetPriority                     0x080036f1   Thumb Code    92  stm32h7xx_hal_cortex.o(.text.HAL_NVIC_SetPriority)
    HAL_NVIC_SetPriorityGrouping             0x08003751   Thumb Code    32  stm32h7xx_hal_cortex.o(.text.HAL_NVIC_SetPriorityGrouping)
    HAL_PWREx_ConfigSupply                   0x08003771   Thumb Code    76  stm32h7xx_hal_pwr_ex.o(.text.HAL_PWREx_ConfigSupply)
    HAL_RCCEx_GetD3PCLK1Freq                 0x080037c1   Thumb Code    38  stm32h7xx_hal_rcc_ex.o(.text.HAL_RCCEx_GetD3PCLK1Freq)
    HAL_RCCEx_GetPLL1ClockFreq               0x080037e9   Thumb Code   304  stm32h7xx_hal_rcc_ex.o(.text.HAL_RCCEx_GetPLL1ClockFreq)
    HAL_RCCEx_GetPLL2ClockFreq               0x08003919   Thumb Code   300  stm32h7xx_hal_rcc_ex.o(.text.HAL_RCCEx_GetPLL2ClockFreq)
    HAL_RCCEx_GetPLL3ClockFreq               0x08003a49   Thumb Code   300  stm32h7xx_hal_rcc_ex.o(.text.HAL_RCCEx_GetPLL3ClockFreq)
    HAL_RCCEx_GetPeriphCLKFreq               0x08003b79   Thumb Code  1002  stm32h7xx_hal_rcc_ex.o(.text.HAL_RCCEx_GetPeriphCLKFreq)
    HAL_RCCEx_PeriphCLKConfig                0x08003f69   Thumb Code  3172  stm32h7xx_hal_rcc_ex.o(.text.HAL_RCCEx_PeriphCLKConfig)
    HAL_RCC_ClockConfig                      0x08004bd1   Thumb Code   616  stm32h7xx_hal_rcc.o(.text.HAL_RCC_ClockConfig)
    HAL_RCC_GetHCLKFreq                      0x08004e39   Thumb Code    76  stm32h7xx_hal_rcc.o(.text.HAL_RCC_GetHCLKFreq)
    HAL_RCC_GetPCLK1Freq                     0x08004e89   Thumb Code    96  stm32h7xx_hal_rcc.o(.text.HAL_RCC_GetPCLK1Freq)
    HAL_RCC_GetPCLK2Freq                     0x08004ee9   Thumb Code    96  stm32h7xx_hal_rcc.o(.text.HAL_RCC_GetPCLK2Freq)
    HAL_RCC_GetSysClockFreq                  0x08004f49   Thumb Code   276  stm32h7xx_hal_rcc.o(.text.HAL_RCC_GetSysClockFreq)
    HAL_RCC_OscConfig                        0x08005061   Thumb Code  1254  stm32h7xx_hal_rcc.o(.text.HAL_RCC_OscConfig)
    HAL_SYSCFG_DisableVREFBUF                0x08005549   Thumb Code    18  stm32h7xx_hal.o(.text.HAL_SYSCFG_DisableVREFBUF)
    HAL_SYSCFG_VREFBUF_HighImpedanceConfig   0x08005561   Thumb Code    20  stm32h7xx_hal.o(.text.HAL_SYSCFG_VREFBUF_HighImpedanceConfig)
    HAL_SYSTICK_Config                       0x08005579   Thumb Code    46  stm32h7xx_hal_cortex.o(.text.HAL_SYSTICK_Config)
    HAL_TIMEx_Break2Callback                 0x080055a9   Thumb Code     2  stm32h7xx_hal_tim_ex.o(.text.HAL_TIMEx_Break2Callback)
    HAL_TIMEx_BreakCallback                  0x080055b1   Thumb Code     2  stm32h7xx_hal_tim_ex.o(.text.HAL_TIMEx_BreakCallback)
    HAL_TIMEx_CommutCallback                 0x080055b9   Thumb Code     2  stm32h7xx_hal_tim_ex.o(.text.HAL_TIMEx_CommutCallback)
    HAL_TIMEx_ConfigBreakDeadTime            0x080055c1   Thumb Code   158  stm32h7xx_hal_tim_ex.o(.text.HAL_TIMEx_ConfigBreakDeadTime)
    HAL_TIMEx_MasterConfigSynchronization    0x08005661   Thumb Code   184  stm32h7xx_hal_tim_ex.o(.text.HAL_TIMEx_MasterConfigSynchronization)
    HAL_TIM_Base_Init                        0x08005719   Thumb Code    96  stm32h7xx_hal_tim.o(.text.HAL_TIM_Base_Init)
    HAL_TIM_Base_MspInit                     0x08005779   Thumb Code    68  tim.o(.text.HAL_TIM_Base_MspInit)
    HAL_TIM_Base_Start_IT                    0x080057c1   Thumb Code   172  stm32h7xx_hal_tim.o(.text.HAL_TIM_Base_Start_IT)
    HAL_TIM_Base_Stop_IT                     0x08005871   Thumb Code    60  stm32h7xx_hal_tim.o(.text.HAL_TIM_Base_Stop_IT)
    HAL_TIM_ConfigClockSource                0x080058b1   Thumb Code   480  stm32h7xx_hal_tim.o(.text.HAL_TIM_ConfigClockSource)
    HAL_TIM_IC_CaptureCallback               0x08005a91   Thumb Code     2  stm32h7xx_hal_tim.o(.text.HAL_TIM_IC_CaptureCallback)
    HAL_TIM_IRQHandler                       0x08005a99   Thumb Code   396  stm32h7xx_hal_tim.o(.text.HAL_TIM_IRQHandler)
    HAL_TIM_OC_DelayElapsedCallback          0x08005c29   Thumb Code     2  stm32h7xx_hal_tim.o(.text.HAL_TIM_OC_DelayElapsedCallback)
    HAL_TIM_PWM_ConfigChannel                0x08005c31   Thumb Code  1168  stm32h7xx_hal_tim.o(.text.HAL_TIM_PWM_ConfigChannel)
    HAL_TIM_PWM_Init                         0x080060c1   Thumb Code    96  stm32h7xx_hal_tim.o(.text.HAL_TIM_PWM_Init)
    HAL_TIM_PWM_MspInit                      0x08006121   Thumb Code     2  stm32h7xx_hal_tim.o(.text.HAL_TIM_PWM_MspInit)
    HAL_TIM_PWM_PulseFinishedCallback        0x08006129   Thumb Code     2  stm32h7xx_hal_tim.o(.text.HAL_TIM_PWM_PulseFinishedCallback)
    HAL_TIM_PeriodElapsedCallback            0x08006131   Thumb Code     2  stm32h7xx_hal_tim.o(.text.HAL_TIM_PeriodElapsedCallback)
    HAL_TIM_TriggerCallback                  0x08006139   Thumb Code     2  stm32h7xx_hal_tim.o(.text.HAL_TIM_TriggerCallback)
    HAL_UARTEx_DisableFifoMode               0x08006141   Thumb Code    54  stm32h7xx_hal_uart_ex.o(.text.HAL_UARTEx_DisableFifoMode)
    HAL_UARTEx_RxEventCallback               0x08006179   Thumb Code     2  stm32h7xx_hal_uart.o(.text.HAL_UARTEx_RxEventCallback)
    HAL_UARTEx_RxFifoFullCallback            0x08006181   Thumb Code     2  stm32h7xx_hal_uart_ex.o(.text.HAL_UARTEx_RxFifoFullCallback)
    HAL_UARTEx_SetRxFifoThreshold            0x08006189   Thumb Code   144  stm32h7xx_hal_uart_ex.o(.text.HAL_UARTEx_SetRxFifoThreshold)
    HAL_UARTEx_SetTxFifoThreshold            0x08006219   Thumb Code   144  stm32h7xx_hal_uart_ex.o(.text.HAL_UARTEx_SetTxFifoThreshold)
    HAL_UARTEx_TxFifoEmptyCallback           0x080062a9   Thumb Code     2  stm32h7xx_hal_uart_ex.o(.text.HAL_UARTEx_TxFifoEmptyCallback)
    HAL_UARTEx_WakeupCallback                0x080062b1   Thumb Code     2  stm32h7xx_hal_uart_ex.o(.text.HAL_UARTEx_WakeupCallback)
    HAL_UART_ErrorCallback                   0x080062b9   Thumb Code     2  stm32h7xx_hal_uart.o(.text.HAL_UART_ErrorCallback)
    HAL_UART_GetState                        0x080062c1   Thumb Code    12  stm32h7xx_hal_uart.o(.text.HAL_UART_GetState)
    HAL_UART_IRQHandler                      0x080062d1   Thumb Code   770  stm32h7xx_hal_uart.o(.text.HAL_UART_IRQHandler)
    HAL_UART_Init                            0x080065d9   Thumb Code   102  stm32h7xx_hal_uart.o(.text.HAL_UART_Init)
    HAL_UART_MspInit                         0x08006641   Thumb Code   132  usart.o(.text.HAL_UART_MspInit)
    HAL_UART_Receive_IT                      0x080066c9   Thumb Code    92  stm32h7xx_hal_uart.o(.text.HAL_UART_Receive_IT)
    HAL_UART_RxCpltCallback                  0x08006729   Thumb Code   168  debug.o(.text.HAL_UART_RxCpltCallback)
    HAL_UART_Transmit                        0x080067d1   Thumb Code   218  stm32h7xx_hal_uart.o(.text.HAL_UART_Transmit)
    HAL_UART_TxCpltCallback                  0x080068b1   Thumb Code     2  stm32h7xx_hal_uart.o(.text.HAL_UART_TxCpltCallback)
    HardFault_Handler                        0x080068b9   Thumb Code     2  stm32h7xx_it.o(.text.HardFault_Handler)
    MX_ADC1_Init                             0x080068c1   Thumb Code   176  adc.o(.text.MX_ADC1_Init)
    MX_DMA_Init                              0x08006971   Thumb Code    52  dma.o(.text.MX_DMA_Init)
    MX_GPIO_Init                             0x080069a9   Thumb Code    68  gpio.o(.text.MX_GPIO_Init)
    MX_TIM1_Init                             0x080069f1   Thumb Code   336  tim.o(.text.MX_TIM1_Init)
    MX_UART4_Init                            0x08006b41   Thumb Code   124  usart.o(.text.MX_UART4_Init)
    MemManage_Handler                        0x08006bc1   Thumb Code     2  stm32h7xx_it.o(.text.MemManage_Handler)
    NMI_Handler                              0x08006bc9   Thumb Code     2  stm32h7xx_it.o(.text.NMI_Handler)
    PendSV_Handler                           0x08006bd1   Thumb Code     2  stm32h7xx_it.o(.text.PendSV_Handler)
    SVC_Handler                              0x08006e29   Thumb Code     2  stm32h7xx_it.o(.text.SVC_Handler)
    SysTick_Handler                          0x08006e31   Thumb Code     4  stm32h7xx_it.o(.text.SysTick_Handler)
    SystemClock_Config                       0x08006e39   Thumb Code   240  main.o(.text.SystemClock_Config)
    SystemInit                               0x08006f29   Thumb Code   218  system_stm32h7xx.o(.text.SystemInit)
    TIM1_UP_IRQHandler                       0x08007009   Thumb Code    12  stm32h7xx_it.o(.text.TIM1_UP_IRQHandler)
    TIM_Base_SetConfig                       0x08007019   Thumb Code   344  stm32h7xx_hal_tim.o(.text.TIM_Base_SetConfig)
    UART4_IRQHandler                         0x08007171   Thumb Code   164  debug.o(.text.UART4_IRQHandler)
    UART_AdvFeatureConfig                    0x08007219   Thumb Code   224  stm32h7xx_hal_uart.o(.text.UART_AdvFeatureConfig)
    UART_CheckIdleState                      0x080072f9   Thumb Code   266  stm32h7xx_hal_uart.o(.text.UART_CheckIdleState)
    UART_SetConfig                           0x080077c1   Thumb Code  1172  stm32h7xx_hal_uart.o(.text.UART_SetConfig)
    UART_Start_Receive_IT                    0x08007c61   Thumb Code   222  stm32h7xx_hal_uart.o(.text.UART_Start_Receive_IT)
    UART_WaitOnFlagUntilTimeout              0x08007d41   Thumb Code   254  stm32h7xx_hal_uart.o(.text.UART_WaitOnFlagUntilTimeout)
    UsageFault_Handler                       0x08007e41   Thumb Code     2  stm32h7xx_it.o(.text.UsageFault_Handler)
    main                                     0x08007e49   Thumb Code   268  main.o(.text.main)
    __0sprintf$1                             0x08007f5d   Thumb Code    34  printf1.o(i.__0sprintf$1)
    __1sprintf$1                             0x08007f5d   Thumb Code     0  printf1.o(i.__0sprintf$1)
    __2sprintf                               0x08007f5d   Thumb Code     0  printf1.o(i.__0sprintf$1)
    __scatterload_copy                       0x08007f85   Thumb Code    14  handlers.o(i.__scatterload_copy)
    __scatterload_null                       0x08007f93   Thumb Code     2  handlers.o(i.__scatterload_null)
    __scatterload_zeroinit                   0x08007f95   Thumb Code    14  handlers.o(i.__scatterload_zeroinit)
    D1CorePrescTable                         0x0800810e   Data          16  system_stm32h7xx.o(.rodata.D1CorePrescTable)
    UARTPrescTable                           0x0800811e   Data          24  stm32h7xx_hal_uart.o(.rodata.UARTPrescTable)
    Region$$Table$$Base                      0x08008148   Number         0  anon$$obj.o(Region$$Table)
    Region$$Table$$Limit                     0x08008168   Number         0  anon$$obj.o(Region$$Table)
    huart_debug                              0x24000004   Data           4  debug.o(.data..L_MergedGlobals)
    uwTickFreq                               0x24000008   Data           1  stm32h7xx_hal.o(.data..L_MergedGlobals)
    uwTickPrio                               0x2400000c   Data           4  stm32h7xx_hal.o(.data..L_MergedGlobals)
    SystemCoreClock                          0x24000010   Data           4  system_stm32h7xx.o(.data..L_MergedGlobals)
    SystemD2Clock                            0x24000014   Data           4  system_stm32h7xx.o(.data..L_MergedGlobals)
    aRxBuffer                                0x24000018   Data           1  debug.o(.bss..L_MergedGlobals.1)
    USART_RX_STA                             0x2400001a   Data           2  debug.o(.bss..L_MergedGlobals.1)
    USART_RX_BUF                             0x2400001c   Data        1500  debug.o(.bss.USART_RX_BUF)
    g_adc1_dma_complete_flag                 0x240005f8   Data           1  main.o(.bss.g_adc1_dma_complete_flag)
    g_adc1_dma_data1                         0x240005fc   Data        4000  main.o(.bss.g_adc1_dma_data1)
    hadc1                                    0x2400159c   Data         100  adc.o(.bss.hadc1)
    hdma_adc1                                0x24001600   Data         120  adc.o(.bss.hdma_adc1)
    htim1                                    0x24001678   Data          76  tim.o(.bss.htim1)
    huart4                                   0x240016c4   Data         144  usart.o(.bss.huart4)
    uwTick                                   0x24001754   Data           4  stm32h7xx_hal.o(.bss.uwTick)
    __initial_sp                             0x24002758   Data           0  startup_stm32h750xx.o(STACK)



==============================================================================

Memory Map of the image

  Image Entry point : 0x08000299

  Load Region LR_IROM1 (Base: 0x08000000, Size: 0x00008180, Max: 0x00020000, ABSOLUTE)

    Execution Region ER_IROM1 (Exec base: 0x08000000, Load base: 0x08000000, Size: 0x00008168, Max: 0x00020000, ABSOLUTE)

    Exec Addr    Load Addr    Size         Type   Attr      Idx    E Section Name        Object

    0x08000000   0x08000000   0x00000298   Data   RO            3    RESET               startup_stm32h750xx.o
    0x08000298   0x08000298   0x00000000   Code   RO         1618  * .ARM.Collect$$$$00000000  mc_w.l(entry.o)
    0x08000298   0x08000298   0x00000004   Code   RO         1886    .ARM.Collect$$$$00000001  mc_w.l(entry2.o)
    0x0800029c   0x0800029c   0x00000004   Code   RO         1889    .ARM.Collect$$$$00000004  mc_w.l(entry5.o)
    0x080002a0   0x080002a0   0x00000000   Code   RO         1891    .ARM.Collect$$$$00000008  mc_w.l(entry7b.o)
    0x080002a0   0x080002a0   0x00000000   Code   RO         1893    .ARM.Collect$$$$0000000A  mc_w.l(entry8b.o)
    0x080002a0   0x080002a0   0x00000008   Code   RO         1894    .ARM.Collect$$$$0000000B  mc_w.l(entry9a.o)
    0x080002a8   0x080002a8   0x00000000   Code   RO         1896    .ARM.Collect$$$$0000000D  mc_w.l(entry10a.o)
    0x080002a8   0x080002a8   0x00000000   Code   RO         1898    .ARM.Collect$$$$0000000F  mc_w.l(entry11a.o)
    0x080002a8   0x080002a8   0x00000004   Code   RO         1887    .ARM.Collect$$$$00002712  mc_w.l(entry2.o)
    0x080002ac   0x080002ac   0x00000024   Code   RO            4    .text               startup_stm32h750xx.o
    0x080002d0   0x080002d0   0x00000062   Code   RO         1621    .text               mc_w.l(uldiv.o)
    0x08000332   0x08000332   0x00000024   Code   RO         1623    .text               mc_w.l(memseta.o)
    0x08000356   0x08000356   0x0000002c   Code   RO         1914    .text               mc_w.l(uidiv.o)
    0x08000382   0x08000382   0x0000001e   Code   RO         1916    .text               mc_w.l(llshl.o)
    0x080003a0   0x080003a0   0x00000020   Code   RO         1918    .text               mc_w.l(llushr.o)
    0x080003c0   0x080003c0   0x00000024   Code   RO         1931    .text               mc_w.l(init.o)
    0x080003e4   0x080003e4   0x00000004   PAD
    0x080003e8   0x080003e8   0x00000128   Code   RO          160    .text.ADC_ConfigureBoostMode  stm32h7xx_hal_adc.o
    0x08000510   0x08000510   0x000000f4   Code   RO          164    .text.ADC_ConversionStop  stm32h7xx_hal_adc.o
    0x08000604   0x08000604   0x00000004   PAD
    0x08000608   0x08000608   0x0000005e   Code   RO          186    .text.ADC_DMAConvCplt  stm32h7xx_hal_adc.o
    0x08000666   0x08000666   0x00000002   PAD
    0x08000668   0x08000668   0x00000016   Code   RO          190    .text.ADC_DMAError  stm32h7xx_hal_adc.o
    0x0800067e   0x0800067e   0x00000002   PAD
    0x08000680   0x08000680   0x00000006   Code   RO          188    .text.ADC_DMAHalfConvCplt  stm32h7xx_hal_adc.o
    0x08000686   0x08000686   0x00000002   PAD
    0x08000688   0x08000688   0x000000ba   Code   RO          172    .text.ADC_Enable    stm32h7xx_hal_adc.o
    0x08000742   0x08000742   0x00000006   PAD
    0x08000748   0x08000748   0x0000000c   Code   RO          137    .text.ADC_IRQHandler  stm32h7xx_it.o
    0x08000754   0x08000754   0x00000004   PAD
    0x08000758   0x08000758   0x00000002   Code   RO          123    .text.BusFault_Handler  stm32h7xx_it.o
    0x0800075a   0x0800075a   0x00000006   PAD
    0x08000760   0x08000760   0x0000000c   Code   RO          135    .text.DMA1_Stream0_IRQHandler  stm32h7xx_it.o
    0x0800076c   0x0800076c   0x00000004   PAD
    0x08000770   0x08000770   0x0000012c   Code   RO          507    .text.DMA_CalcBaseAndBitshift  stm32h7xx_hal_dma.o
    0x0800089c   0x0800089c   0x00000004   PAD
    0x080008a0   0x080008a0   0x00000306   Code   RO          513    .text.DMA_SetConfig  stm32h7xx_hal_dma.o
    0x08000ba6   0x08000ba6   0x00000002   PAD
    0x08000ba8   0x08000ba8   0x00000002   Code   RO          129    .text.DebugMon_Handler  stm32h7xx_it.o
    0x08000baa   0x08000baa   0x00000006   PAD
    0x08000bb0   0x08000bb0   0x0000000a   Code   RO           39    .text.Error_Handler  main.o
    0x08000bba   0x08000bba   0x00000006   PAD
    0x08000bc0   0x08000bc0   0x00000002   Code   RO          260    .text.HAL_ADCEx_EndOfSamplingCallback  stm32h7xx_hal_adc_ex.o
    0x08000bc2   0x08000bc2   0x00000006   PAD
    0x08000bc8   0x08000bc8   0x00000002   Code   RO          252    .text.HAL_ADCEx_InjectedConvCpltCallback  stm32h7xx_hal_adc_ex.o
    0x08000bca   0x08000bca   0x00000006   PAD
    0x08000bd0   0x08000bd0   0x00000002   Code   RO          254    .text.HAL_ADCEx_InjectedQueueOverflowCallback  stm32h7xx_hal_adc_ex.o
    0x08000bd2   0x08000bd2   0x00000006   PAD
    0x08000bd8   0x08000bd8   0x00000002   Code   RO          256    .text.HAL_ADCEx_LevelOutOfWindow2Callback  stm32h7xx_hal_adc_ex.o
    0x08000bda   0x08000bda   0x00000006   PAD
    0x08000be0   0x08000be0   0x00000002   Code   RO          258    .text.HAL_ADCEx_LevelOutOfWindow3Callback  stm32h7xx_hal_adc_ex.o
    0x08000be2   0x08000be2   0x00000006   PAD
    0x08000be8   0x08000be8   0x000000b8   Code   RO          272    .text.HAL_ADCEx_MultiModeConfigChannel  stm32h7xx_hal_adc_ex.o
    0x08000ca0   0x08000ca0   0x000003cc   Code   RO          206    .text.HAL_ADC_ConfigChannel  stm32h7xx_hal_adc.o
    0x0800106c   0x0800106c   0x00000004   PAD
    0x08001070   0x08001070   0x0000003a   Code   RO           31    .text.HAL_ADC_ConvCpltCallback  main.o
    0x080010aa   0x080010aa   0x00000006   PAD
    0x080010b0   0x080010b0   0x00000002   Code   RO          204    .text.HAL_ADC_ConvHalfCpltCallback  stm32h7xx_hal_adc.o
    0x080010b2   0x080010b2   0x00000006   PAD
    0x080010b8   0x080010b8   0x00000002   Code   RO          202    .text.HAL_ADC_ErrorCallback  stm32h7xx_hal_adc.o
    0x080010ba   0x080010ba   0x00000006   PAD
    0x080010c0   0x080010c0   0x000002ac   Code   RO          196    .text.HAL_ADC_IRQHandler  stm32h7xx_hal_adc.o
    0x0800136c   0x0800136c   0x00000004   PAD
    0x08001370   0x08001370   0x00000272   Code   RO          156    .text.HAL_ADC_Init  stm32h7xx_hal_adc.o
    0x080015e2   0x080015e2   0x00000006   PAD
    0x080015e8   0x080015e8   0x00000002   Code   RO          200    .text.HAL_ADC_LevelOutOfWindowCallback  stm32h7xx_hal_adc.o
    0x080015ea   0x080015ea   0x00000006   PAD
    0x080015f0   0x080015f0   0x000000ec   Code   RO           62    .text.HAL_ADC_MspInit  adc.o
    0x080016dc   0x080016dc   0x00000004   PAD
    0x080016e0   0x080016e0   0x0000011e   Code   RO          184    .text.HAL_ADC_Start_DMA  stm32h7xx_hal_adc.o
    0x080017fe   0x080017fe   0x00000002   PAD
    0x08001800   0x08001800   0x00000150   Code   RO          192    .text.HAL_ADC_Stop_DMA  stm32h7xx_hal_adc.o
    0x08001950   0x08001950   0x0000052c   Code   RO          517    .text.HAL_DMA_Abort  stm32h7xx_hal_dma.o
    0x08001e7c   0x08001e7c   0x00000004   PAD
    0x08001e80   0x08001e80   0x000002ba   Code   RO          519    .text.HAL_DMA_Abort_IT  stm32h7xx_hal_dma.o
    0x0800213a   0x0800213a   0x00000006   PAD
    0x08002140   0x08002140   0x00000830   Code   RO          523    .text.HAL_DMA_IRQHandler  stm32h7xx_hal_dma.o
    0x08002970   0x08002970   0x0000068a   Code   RO          505    .text.HAL_DMA_Init  stm32h7xx_hal_dma.o
    0x08002ffa   0x08002ffa   0x00000006   PAD
    0x08003000   0x08003000   0x000003a2   Code   RO          515    .text.HAL_DMA_Start_IT  stm32h7xx_hal_dma.o
    0x080033a2   0x080033a2   0x00000006   PAD
    0x080033a8   0x080033a8   0x000001e6   Code   RO          451    .text.HAL_GPIO_Init  stm32h7xx_hal_gpio.o
    0x0800358e   0x0800358e   0x00000002   PAD
    0x08003590   0x08003590   0x0000000e   Code   RO          819    .text.HAL_GetREVID  stm32h7xx_hal.o
    0x0800359e   0x0800359e   0x00000002   PAD
    0x080035a0   0x080035a0   0x0000000c   Code   RO          803    .text.HAL_GetTick   stm32h7xx_hal.o
    0x080035ac   0x080035ac   0x00000004   PAD
    0x080035b0   0x080035b0   0x0000001a   Code   RO          801    .text.HAL_IncTick   stm32h7xx_hal.o
    0x080035ca   0x080035ca   0x00000006   PAD
    0x080035d0   0x080035d0   0x00000064   Code   RO          791    .text.HAL_Init      stm32h7xx_hal.o
    0x08003634   0x08003634   0x00000004   PAD
    0x08003638   0x08003638   0x0000004c   Code   RO          793    .text.HAL_InitTick  stm32h7xx_hal.o
    0x08003684   0x08003684   0x00000004   PAD
    0x08003688   0x08003688   0x00000046   Code   RO          148    .text.HAL_MspInit   stm32h7xx_hal_msp.o
    0x080036ce   0x080036ce   0x00000002   PAD
    0x080036d0   0x080036d0   0x00000020   Code   RO          747    .text.HAL_NVIC_EnableIRQ  stm32h7xx_hal_cortex.o
    0x080036f0   0x080036f0   0x0000005c   Code   RO          745    .text.HAL_NVIC_SetPriority  stm32h7xx_hal_cortex.o
    0x0800374c   0x0800374c   0x00000004   PAD
    0x08003750   0x08003750   0x00000020   Code   RO          743    .text.HAL_NVIC_SetPriorityGrouping  stm32h7xx_hal_cortex.o
    0x08003770   0x08003770   0x0000004c   Code   RO          655    .text.HAL_PWREx_ConfigSupply  stm32h7xx_hal_pwr_ex.o
    0x080037bc   0x080037bc   0x00000004   PAD
    0x080037c0   0x080037c0   0x00000026   Code   RO          342    .text.HAL_RCCEx_GetD3PCLK1Freq  stm32h7xx_hal_rcc_ex.o
    0x080037e6   0x080037e6   0x00000002   PAD
    0x080037e8   0x080037e8   0x00000130   Code   RO          336    .text.HAL_RCCEx_GetPLL1ClockFreq  stm32h7xx_hal_rcc_ex.o
    0x08003918   0x08003918   0x0000012c   Code   RO          338    .text.HAL_RCCEx_GetPLL2ClockFreq  stm32h7xx_hal_rcc_ex.o
    0x08003a44   0x08003a44   0x00000004   PAD
    0x08003a48   0x08003a48   0x0000012c   Code   RO          340    .text.HAL_RCCEx_GetPLL3ClockFreq  stm32h7xx_hal_rcc_ex.o
    0x08003b74   0x08003b74   0x00000004   PAD
    0x08003b78   0x08003b78   0x000003ea   Code   RO          334    .text.HAL_RCCEx_GetPeriphCLKFreq  stm32h7xx_hal_rcc_ex.o
    0x08003f62   0x08003f62   0x00000006   PAD
    0x08003f68   0x08003f68   0x00000c64   Code   RO          326    .text.HAL_RCCEx_PeriphCLKConfig  stm32h7xx_hal_rcc_ex.o
    0x08004bcc   0x08004bcc   0x00000004   PAD
    0x08004bd0   0x08004bd0   0x00000268   Code   RO          294    .text.HAL_RCC_ClockConfig  stm32h7xx_hal_rcc.o
    0x08004e38   0x08004e38   0x0000004c   Code   RO          304    .text.HAL_RCC_GetHCLKFreq  stm32h7xx_hal_rcc.o
    0x08004e84   0x08004e84   0x00000004   PAD
    0x08004e88   0x08004e88   0x00000060   Code   RO          306    .text.HAL_RCC_GetPCLK1Freq  stm32h7xx_hal_rcc.o
    0x08004ee8   0x08004ee8   0x00000060   Code   RO          308    .text.HAL_RCC_GetPCLK2Freq  stm32h7xx_hal_rcc.o
    0x08004f48   0x08004f48   0x00000114   Code   RO          296    .text.HAL_RCC_GetSysClockFreq  stm32h7xx_hal_rcc.o
    0x0800505c   0x0800505c   0x00000004   PAD
    0x08005060   0x08005060   0x000004e6   Code   RO          292    .text.HAL_RCC_OscConfig  stm32h7xx_hal_rcc.o
    0x08005546   0x08005546   0x00000002   PAD
    0x08005548   0x08005548   0x00000012   Code   RO          837    .text.HAL_SYSCFG_DisableVREFBUF  stm32h7xx_hal.o
    0x0800555a   0x0800555a   0x00000006   PAD
    0x08005560   0x08005560   0x00000014   Code   RO          831    .text.HAL_SYSCFG_VREFBUF_HighImpedanceConfig  stm32h7xx_hal.o
    0x08005574   0x08005574   0x00000004   PAD
    0x08005578   0x08005578   0x0000002e   Code   RO          755    .text.HAL_SYSTICK_Config  stm32h7xx_hal_cortex.o
    0x080055a6   0x080055a6   0x00000002   PAD
    0x080055a8   0x080055a8   0x00000002   Code   RO         1407    .text.HAL_TIMEx_Break2Callback  stm32h7xx_hal_tim_ex.o
    0x080055aa   0x080055aa   0x00000006   PAD
    0x080055b0   0x080055b0   0x00000002   Code   RO         1405    .text.HAL_TIMEx_BreakCallback  stm32h7xx_hal_tim_ex.o
    0x080055b2   0x080055b2   0x00000006   PAD
    0x080055b8   0x080055b8   0x00000002   Code   RO         1401    .text.HAL_TIMEx_CommutCallback  stm32h7xx_hal_tim_ex.o
    0x080055ba   0x080055ba   0x00000006   PAD
    0x080055c0   0x080055c0   0x0000009e   Code   RO         1391    .text.HAL_TIMEx_ConfigBreakDeadTime  stm32h7xx_hal_tim_ex.o
    0x0800565e   0x0800565e   0x00000002   PAD
    0x08005660   0x08005660   0x000000b8   Code   RO         1389    .text.HAL_TIMEx_MasterConfigSynchronization  stm32h7xx_hal_tim_ex.o
    0x08005718   0x08005718   0x00000060   Code   RO         1095    .text.HAL_TIM_Base_Init  stm32h7xx_hal_tim.o
    0x08005778   0x08005778   0x00000044   Code   RO           89    .text.HAL_TIM_Base_MspInit  tim.o
    0x080057bc   0x080057bc   0x00000004   PAD
    0x080057c0   0x080057c0   0x000000ac   Code   RO         1109    .text.HAL_TIM_Base_Start_IT  stm32h7xx_hal_tim.o
    0x0800586c   0x0800586c   0x00000004   PAD
    0x08005870   0x08005870   0x0000003c   Code   RO         1111    .text.HAL_TIM_Base_Stop_IT  stm32h7xx_hal_tim.o
    0x080058ac   0x080058ac   0x00000004   PAD
    0x080058b0   0x080058b0   0x000001e0   Code   RO         1275    .text.HAL_TIM_ConfigClockSource  stm32h7xx_hal_tim.o
    0x08005a90   0x08005a90   0x00000002   Code   RO         1231    .text.HAL_TIM_IC_CaptureCallback  stm32h7xx_hal_tim.o
    0x08005a92   0x08005a92   0x00000006   PAD
    0x08005a98   0x08005a98   0x0000018c   Code   RO         1229    .text.HAL_TIM_IRQHandler  stm32h7xx_hal_tim.o
    0x08005c24   0x08005c24   0x00000004   PAD
    0x08005c28   0x08005c28   0x00000002   Code   RO         1233    .text.HAL_TIM_OC_DelayElapsedCallback  stm32h7xx_hal_tim.o
    0x08005c2a   0x08005c2a   0x00000006   PAD
    0x08005c30   0x08005c30   0x00000490   Code   RO         1249    .text.HAL_TIM_PWM_ConfigChannel  stm32h7xx_hal_tim.o
    0x080060c0   0x080060c0   0x00000060   Code   RO         1149    .text.HAL_TIM_PWM_Init  stm32h7xx_hal_tim.o
    0x08006120   0x08006120   0x00000002   Code   RO         1151    .text.HAL_TIM_PWM_MspInit  stm32h7xx_hal_tim.o
    0x08006122   0x08006122   0x00000006   PAD
    0x08006128   0x08006128   0x00000002   Code   RO         1235    .text.HAL_TIM_PWM_PulseFinishedCallback  stm32h7xx_hal_tim.o
    0x0800612a   0x0800612a   0x00000006   PAD
    0x08006130   0x08006130   0x00000002   Code   RO         1237    .text.HAL_TIM_PeriodElapsedCallback  stm32h7xx_hal_tim.o
    0x08006132   0x08006132   0x00000006   PAD
    0x08006138   0x08006138   0x00000002   Code   RO         1239    .text.HAL_TIM_TriggerCallback  stm32h7xx_hal_tim.o
    0x0800613a   0x0800613a   0x00000006   PAD
    0x08006140   0x08006140   0x00000036   Code   RO         1584    .text.HAL_UARTEx_DisableFifoMode  stm32h7xx_hal_uart_ex.o
    0x08006176   0x08006176   0x00000002   PAD
    0x08006178   0x08006178   0x00000002   Code   RO         1511    .text.HAL_UARTEx_RxEventCallback  stm32h7xx_hal_uart.o
    0x0800617a   0x0800617a   0x00000006   PAD
    0x08006180   0x08006180   0x00000002   Code   RO         1570    .text.HAL_UARTEx_RxFifoFullCallback  stm32h7xx_hal_uart_ex.o
    0x08006182   0x08006182   0x00000006   PAD
    0x08006188   0x08006188   0x00000090   Code   RO         1588    .text.HAL_UARTEx_SetRxFifoThreshold  stm32h7xx_hal_uart_ex.o
    0x08006218   0x08006218   0x00000090   Code   RO         1586    .text.HAL_UARTEx_SetTxFifoThreshold  stm32h7xx_hal_uart_ex.o
    0x080062a8   0x080062a8   0x00000002   Code   RO         1572    .text.HAL_UARTEx_TxFifoEmptyCallback  stm32h7xx_hal_uart_ex.o
    0x080062aa   0x080062aa   0x00000006   PAD
    0x080062b0   0x080062b0   0x00000002   Code   RO         1568    .text.HAL_UARTEx_WakeupCallback  stm32h7xx_hal_uart_ex.o
    0x080062b2   0x080062b2   0x00000006   PAD
    0x080062b8   0x080062b8   0x00000002   Code   RO         1509    .text.HAL_UART_ErrorCallback  stm32h7xx_hal_uart.o
    0x080062ba   0x080062ba   0x00000006   PAD
    0x080062c0   0x080062c0   0x0000000c   Code   RO         1539    .text.HAL_UART_GetState  stm32h7xx_hal_uart.o
    0x080062cc   0x080062cc   0x00000004   PAD
    0x080062d0   0x080062d0   0x00000302   Code   RO         1505    .text.HAL_UART_IRQHandler  stm32h7xx_hal_uart.o
    0x080065d2   0x080065d2   0x00000006   PAD
    0x080065d8   0x080065d8   0x00000066   Code   RO         1421    .text.HAL_UART_Init  stm32h7xx_hal_uart.o
    0x0800663e   0x0800663e   0x00000002   PAD
    0x08006640   0x08006640   0x00000084   Code   RO          104    .text.HAL_UART_MspInit  usart.o
    0x080066c4   0x080066c4   0x00000004   PAD
    0x080066c8   0x080066c8   0x0000005c   Code   RO         1457    .text.HAL_UART_Receive_IT  stm32h7xx_hal_uart.o
    0x08006724   0x08006724   0x00000004   PAD
    0x08006728   0x08006728   0x000000a8   Code   RO           13    .text.HAL_UART_RxCpltCallback  debug.o
    0x080067d0   0x080067d0   0x000000da   Code   RO         1441    .text.HAL_UART_Transmit  stm32h7xx_hal_uart.o
    0x080068aa   0x080068aa   0x00000006   PAD
    0x080068b0   0x080068b0   0x00000002   Code   RO         1513    .text.HAL_UART_TxCpltCallback  stm32h7xx_hal_uart.o
    0x080068b2   0x080068b2   0x00000006   PAD
    0x080068b8   0x080068b8   0x00000002   Code   RO          119    .text.HardFault_Handler  stm32h7xx_it.o
    0x080068ba   0x080068ba   0x00000006   PAD
    0x080068c0   0x080068c0   0x000000b0   Code   RO           60    .text.MX_ADC1_Init  adc.o
    0x08006970   0x08006970   0x00000034   Code   RO           76    .text.MX_DMA_Init   dma.o
    0x080069a4   0x080069a4   0x00000004   PAD
    0x080069a8   0x080069a8   0x00000044   Code   RO           52    .text.MX_GPIO_Init  gpio.o
    0x080069ec   0x080069ec   0x00000004   PAD
    0x080069f0   0x080069f0   0x00000150   Code   RO           85    .text.MX_TIM1_Init  tim.o
    0x08006b40   0x08006b40   0x0000007c   Code   RO          102    .text.MX_UART4_Init  usart.o
    0x08006bbc   0x08006bbc   0x00000004   PAD
    0x08006bc0   0x08006bc0   0x00000002   Code   RO          121    .text.MemManage_Handler  stm32h7xx_it.o
    0x08006bc2   0x08006bc2   0x00000006   PAD
    0x08006bc8   0x08006bc8   0x00000002   Code   RO          117    .text.NMI_Handler   stm32h7xx_it.o
    0x08006bca   0x08006bca   0x00000006   PAD
    0x08006bd0   0x08006bd0   0x00000002   Code   RO          131    .text.PendSV_Handler  stm32h7xx_it.o
    0x08006bd2   0x08006bd2   0x00000006   PAD
    0x08006bd8   0x08006bd8   0x00000122   Code   RO          328    .text.RCCEx_PLL2_Config  stm32h7xx_hal_rcc_ex.o
    0x08006cfa   0x08006cfa   0x00000006   PAD
    0x08006d00   0x08006d00   0x00000122   Code   RO          330    .text.RCCEx_PLL3_Config  stm32h7xx_hal_rcc_ex.o
    0x08006e22   0x08006e22   0x00000006   PAD
    0x08006e28   0x08006e28   0x00000002   Code   RO          127    .text.SVC_Handler   stm32h7xx_it.o
    0x08006e2a   0x08006e2a   0x00000006   PAD
    0x08006e30   0x08006e30   0x00000004   Code   RO          133    .text.SysTick_Handler  stm32h7xx_it.o
    0x08006e34   0x08006e34   0x00000004   PAD
    0x08006e38   0x08006e38   0x000000f0   Code   RO           37    .text.SystemClock_Config  main.o
    0x08006f28   0x08006f28   0x000000da   Code   RO         1605    .text.SystemInit    system_stm32h7xx.o
    0x08007002   0x08007002   0x00000006   PAD
    0x08007008   0x08007008   0x0000000c   Code   RO          139    .text.TIM1_UP_IRQHandler  stm32h7xx_it.o
    0x08007014   0x08007014   0x00000004   PAD
    0x08007018   0x08007018   0x00000158   Code   RO         1099    .text.TIM_Base_SetConfig  stm32h7xx_hal_tim.o
    0x08007170   0x08007170   0x000000a4   Code   RO           17    .text.UART4_IRQHandler  debug.o
    0x08007214   0x08007214   0x00000004   PAD
    0x08007218   0x08007218   0x000000e0   Code   RO         1427    .text.UART_AdvFeatureConfig  stm32h7xx_hal_uart.o
    0x080072f8   0x080072f8   0x0000010a   Code   RO         1429    .text.UART_CheckIdleState  stm32h7xx_hal_uart.o
    0x08007402   0x08007402   0x00000006   PAD
    0x08007408   0x08007408   0x00000010   Code   RO         1507    .text.UART_DMAAbortOnError  stm32h7xx_hal_uart.o
    0x08007418   0x08007418   0x00000084   Code   RO         1547    .text.UART_RxISR_16BIT  stm32h7xx_hal_uart.o
    0x0800749c   0x0800749c   0x00000004   PAD
    0x080074a0   0x080074a0   0x00000148   Code   RO         1543    .text.UART_RxISR_16BIT_FIFOEN  stm32h7xx_hal_uart.o
    0x080075e8   0x080075e8   0x00000088   Code   RO         1549    .text.UART_RxISR_8BIT  stm32h7xx_hal_uart.o
    0x08007670   0x08007670   0x0000014c   Code   RO         1545    .text.UART_RxISR_8BIT_FIFOEN  stm32h7xx_hal_uart.o
    0x080077bc   0x080077bc   0x00000004   PAD
    0x080077c0   0x080077c0   0x0000049c   Code   RO         1425    .text.UART_SetConfig  stm32h7xx_hal_uart.o
    0x08007c5c   0x08007c5c   0x00000004   PAD
    0x08007c60   0x08007c60   0x000000de   Code   RO         1459    .text.UART_Start_Receive_IT  stm32h7xx_hal_uart.o
    0x08007d3e   0x08007d3e   0x00000002   PAD
    0x08007d40   0x08007d40   0x000000fe   Code   RO         1443    .text.UART_WaitOnFlagUntilTimeout  stm32h7xx_hal_uart.o
    0x08007e3e   0x08007e3e   0x00000002   PAD
    0x08007e40   0x08007e40   0x00000002   Code   RO          125    .text.UsageFault_Handler  stm32h7xx_it.o
    0x08007e42   0x08007e42   0x00000006   PAD
    0x08007e48   0x08007e48   0x00000114   Code   RO           35    .text.main          main.o
    0x08007f5c   0x08007f5c   0x00000028   Code   RO         1672    i.__0sprintf$1      mc_w.l(printf1.o)
    0x08007f84   0x08007f84   0x0000000e   Code   RO         1941    i.__scatterload_copy  mc_w.l(handlers.o)
    0x08007f92   0x08007f92   0x00000002   Code   RO         1942    i.__scatterload_null  mc_w.l(handlers.o)
    0x08007f94   0x08007f94   0x0000000e   Code   RO         1943    i.__scatterload_zeroinit  mc_w.l(handlers.o)
    0x08007fa2   0x08007fa2   0x00000002   PAD
    0x08007fa4   0x08007fa4   0x00000154   Code   RO         1677    i._printf_core      mc_w.l(printf1.o)
    0x080080f8   0x080080f8   0x0000000a   Code   RO         1679    i._sputc            mc_w.l(printf1.o)
    0x08008102   0x08008102   0x00000006   Data   RO         1556    .rodata..Lswitch.table.UART_SetConfig.5  stm32h7xx_hal_uart.o
    0x08008108   0x08008108   0x00000006   Data   RO         1557    .rodata..Lswitch.table.UART_SetConfig.7  stm32h7xx_hal_uart.o
    0x0800810e   0x0800810e   0x00000010   Data   RO         1609    .rodata.D1CorePrescTable  system_stm32h7xx.o
    0x0800811e   0x0800811e   0x00000018   Data   RO         1555    .rodata.UARTPrescTable  stm32h7xx_hal_uart.o
    0x08008136   0x08008136   0x00000010   Data   RO         1596    .rodata.cst8        stm32h7xx_hal_uart_ex.o
    0x08008146   0x08008146   0x00000002   PAD
    0x08008148   0x08008148   0x00000020   Data   RO         1940    Region$$Table       anon$$obj.o


    Execution Region RW_IRAM1 (Exec base: 0x20000000, Load base: 0x08008168, Size: 0x00000000, Max: 0x00020000, ABSOLUTE)

    **** No section assigned to this execution region ****


    Execution Region RW_IRAM2 (Exec base: 0x24000000, Load base: 0x08008168, Size: 0x00002758, Max: 0x00080000, ABSOLUTE)

    Exec Addr    Load Addr    Size         Type   Attr      Idx    E Section Name        Object

    0x24000000   0x08008168   0x00000008   Data   RW           21    .data..L_MergedGlobals  debug.o
    0x24000008   0x08008170   0x00000008   Data   RW          888    .data..L_MergedGlobals  stm32h7xx_hal.o
    0x24000010   0x08008178   0x00000008   Data   RW         1610    .data..L_MergedGlobals  system_stm32h7xx.o
    0x24000018        -       0x00000004   Zero   RW           22    .bss..L_MergedGlobals.1  debug.o
    0x2400001c        -       0x000005dc   Zero   RW           20    .bss.USART_RX_BUF   debug.o
    0x240005f8        -       0x00000001   Zero   RW           41    .bss.g_adc1_dma_complete_flag  main.o
    0x240005f9   0x08008180   0x00000003   PAD
    0x240005fc        -       0x00000fa0   Zero   RW           42    .bss.g_adc1_dma_data1  main.o
    0x2400159c        -       0x00000064   Zero   RW           66    .bss.hadc1          adc.o
    0x24001600        -       0x00000078   Zero   RW           67    .bss.hdma_adc1      adc.o
    0x24001678        -       0x0000004c   Zero   RW           93    .bss.htim1          tim.o
    0x240016c4        -       0x00000090   Zero   RW          108    .bss.huart4         usart.o
    0x24001754        -       0x00000004   Zero   RW          887    .bss.uwTick         stm32h7xx_hal.o
    0x24001758        -       0x00001000   Zero   RW            1    STACK               startup_stm32h750xx.o


==============================================================================

Image component sizes


      Code (inc. data)   RO Data    RW Data    ZI Data      Debug   Object Name

       412          0          0          0        220      12123   adc.o
       332          0          0          8       1504       5455   debug.o
        52          0          0          0          0       5504   dma.o
        68          0          0          0          0       2262   gpio.o
       584          8          0          0       4001       9630   main.o
        36          8        664          0       4096        852   startup_stm32h750xx.o
       266          0          0          8          4      15006   stm32h7xx_hal.o
      3758         12          0          0          0      27719   stm32h7xx_hal_adc.o
       194          0          0          0          0      30068   stm32h7xx_hal_adc_ex.o
       202          0          0          0          0      12314   stm32h7xx_hal_cortex.o
      7796         54          0          0          0      18262   stm32h7xx_hal_dma.o
       486          0          0          0          0       7069   stm32h7xx_hal_gpio.o
        70          0          0          0          0       2425   stm32h7xx_hal_msp.o
        76          0          0          0          0      10627   stm32h7xx_hal_pwr_ex.o
      2414         16          0          0          0      11646   stm32h7xx_hal_rcc.o
      5696        246          0          0          0      19534   stm32h7xx_hal_rcc_ex.o
      2824         14          0          0          0      63383   stm32h7xx_hal_tim.o
       348          0          0          0          0      24580   stm32h7xx_hal_tim_ex.o
      4290        332         36          0          0      30050   stm32h7xx_hal_uart.o
       348          0         16          0          0      10749   stm32h7xx_hal_uart_ex.o
        56          0          0          0          0       7077   stm32h7xx_it.o
       218          0         16          8          0       5944   system_stm32h7xx.o
       404          0          0          0         76      11464   tim.o
       256          0          0          0        144       8085   usart.o

    ----------------------------------------------------------------------
     31640        710        766         24      10048     351828   Object Totals
         0          0         32          0          0          0   (incl. Generated)
       454         20          2          0          3          0   (incl. Padding)

    ----------------------------------------------------------------------

      Code (inc. data)   RO Data    RW Data    ZI Data      Debug   Library Member Name

         0          0          0          0          0          0   entry.o
         0          0          0          0          0          0   entry10a.o
         0          0          0          0          0          0   entry11a.o
         8          4          0          0          0          0   entry2.o
         4          0          0          0          0          0   entry5.o
         0          0          0          0          0          0   entry7b.o
         0          0          0          0          0          0   entry8b.o
         8          4          0          0          0          0   entry9a.o
        30          0          0          0          0          0   handlers.o
        36          8          0          0          0         68   init.o
        30          0          0          0          0         68   llshl.o
        32          0          0          0          0         68   llushr.o
        36          0          0          0          0        108   memseta.o
       390         10          0          0          0        252   printf1.o
        44          0          0          0          0         80   uidiv.o
        98          0          0          0          0         92   uldiv.o

    ----------------------------------------------------------------------
       722         30          0          0          0        736   Library Totals
         6          4          0          0          0          0   (incl. Padding)

    ----------------------------------------------------------------------

      Code (inc. data)   RO Data    RW Data    ZI Data      Debug   Library Name

       716         26          0          0          0        736   mc_w.l

    ----------------------------------------------------------------------
       722         30          0          0          0        736   Library Totals

    ----------------------------------------------------------------------

==============================================================================


      Code (inc. data)   RO Data    RW Data    ZI Data      Debug   

     32362        740        766         24      10048     352016   Grand Totals
     32362        740        766         24      10048     352016   ELF Image Totals
     32362        740        766         24          0          0   ROM Totals

==============================================================================

    Total RO  Size (Code + RO Data)                33128 (  32.35kB)
    Total RW  Size (RW Data + ZI Data)             10072 (   9.84kB)
    Total ROM Size (Code + RO Data + RW Data)      33152 (  32.38kB)

==============================================================================

